D/StatusBar.NetworkController( 3547): changing data overlay icon id to 2130837672
D/StatusBar.NetworkController( 3547): refreshViews connected={ wifi } level=?? combinedSignalIconId=0x7f0200ae/com.android.systemui:drawable/stat_sys_wifi_signal_2_fully combinedActivityIconId=0x0 mobileLabel= wifiLabel=Stuerzel-Net combinedLabel=Stuerzel-Net mAirplaneMode=false mDataActivity=0 mPhoneSignalIconId=0x7f0200a2 mDataDirectionIconId=0x0 mDataSignalIconId=0x7f0200a2 mDataTypeIconId=0x0 mWifiIconId=0x7f0200ae mBluetoothTetherIconId=0x108054e
D/StatusBar.NetworkController( 3547): changing data overlay icon id to 0
D/StatusBar.NetworkController( 3547): refreshViews connected={ wifi } level=?? combinedSignalIconId=0x7f0200ae/com.android.systemui:drawable/stat_sys_wifi_signal_2_fully combinedActivityIconId=0x7f0200a8 mobileLabel= wifiLabel=Stuerzel-Net combinedLabel=Stuerzel-Net mAirplaneMode=false mDataActivity=0 mPhoneSignalIconId=0x7f0200a2 mDataDirectionIconId=0x0 mDataSignalIconId=0x7f0200a2 mDataTypeIconId=0x0 mWifiIconId=0x7f0200ae mBluetoothTetherIconId=0x108054e
D/StatusBar.NetworkController( 3547): changing data overlay icon id to 2130837672
D/StatusBar.NetworkController( 3547): refreshViews connected={ wifi } level=?? combinedSignalIconId=0x7f0200ae/com.android.systemui:drawable/stat_sys_wifi_signal_2_fully combinedActivityIconId=0x7f0200a9 mobileLabel= wifiLabel=Stuerzel-Net combinedLabel=Stuerzel-Net mAirplaneMode=false mDataActivity=0 mPhoneSignalIconId=0x7f0200a2 mDataDirectionIconId=0x0 mDataSignalIconId=0x7f0200a2 mDataTypeIconId=0x0 mWifiIconId=0x7f0200ae mBluetoothTetherIconId=0x108054e
D/StatusBar.NetworkController( 3547): changing data overlay icon id to 2130837673
D/StatusBar.NetworkController( 3547): refreshViews connected={ wifi } level=?? combinedSignalIconId=0x7f0200ae/com.android.systemui:drawable/stat_sys_wifi_signal_2_fully combinedActivityIconId=0x7f0200a8 mobileLabel= wifiLabel=Stuerzel-Net combinedLabel=Stuerzel-Net mAirplaneMode=false mDataActivity=0 mPhoneSignalIconId=0x7f0200a2 mDataDirectionIconId=0x0 mDataSignalIconId=0x7f0200a2 mDataTypeIconId=0x0 mWifiIconId=0x7f0200ae mBluetoothTetherIconId=0x108054e
D/StatusBar.NetworkController( 3547): changing data overlay icon id to 2130837672
D/StatusBar.NetworkController( 3547): refreshViews connected={ wifi } level=?? combinedSignalIconId=0x7f0200ae/com.android.systemui:drawable/stat_sys_wifi_signal_2_fully combinedActivityIconId=0x7f0200a9 mobileLabel= wifiLabel=Stuerzel-Net combinedLabel=Stuerzel-Net mAirplaneMode=false mDataActivity=0 mPhoneSignalIconId=0x7f0200a2 mDataDirectionIconId=0x0 mDataSignalIconId=0x7f0200a2 mDataTypeIconId=0x0 mWifiIconId=0x7f0200ae mBluetoothTetherIconId=0x108054e
D/StatusBar.NetworkController( 3547): changing data overlay icon id to 2130837673
D/StatusBar.NetworkController( 3547): refreshViews connected={ wifi } level=?? combinedSignalIconId=0x7f0200ae/com.android.systemui:drawable/stat_sys_wifi_signal_2_fully combinedActivityIconId=0x7f0200a8 mobileLabel= wifiLabel=Stuerzel-Net combinedLabel=Stuerzel-Net mAirplaneMode=false mDataActivity=0 mPhoneSignalIconId=0x7f0200a2 mDataDirectionIconId=0x0 mDataSignalIconId=0x7f0200a2 mDataTypeIconId=0x0 mWifiIconId=0x7f0200ae mBluetoothTetherIconId=0x108054e
D/StatusBar.NetworkController( 3547): changing data overlay icon id to 2130837672
W/InputMethodManagerService( 3473): Window already focused, ignoring focus gain of: com.android.internal.view.IInputMethodClient$Stub$Proxy@41c1f760 attribute=null
D/StatusBar.NetworkController( 3547): refreshViews connected={ wifi } level=?? combinedSignalIconId=0x7f0200ae/com.android.systemui:drawable/stat_sys_wifi_signal_2_fully combinedActivityIconId=0x0 mobileLabel= wifiLabel=Stuerzel-Net combinedLabel=Stuerzel-Net mAirplaneMode=false mDataActivity=0 mPhoneSignalIconId=0x7f0200a2 mDataDirectionIconId=0x0 mDataSignalIconId=0x7f0200a2 mDataTypeIconId=0x0 mWifiIconId=0x7f0200ae mBluetoothTetherIconId=0x108054e
D/StatusBar.NetworkController( 3547): changing data overlay icon id to 0
D/StatusBar.NetworkController( 3547): refreshViews connected={ wifi } level=?? combinedSignalIconId=0x7f0200ae/com.android.systemui:drawable/stat_sys_wifi_signal_2_fully combinedActivityIconId=0x7f0200a8 mobileLabel= wifiLabel=Stuerzel-Net combinedLabel=Stuerzel-Net mAirplaneMode=false mDataActivity=0 mPhoneSignalIconId=0x7f0200a2 mDataDirectionIconId=0x0 mDataSignalIconId=0x7f0200a2 mDataTypeIconId=0x0 mWifiIconId=0x7f0200ae mBluetoothTetherIconId=0x108054e
D/StatusBar.NetworkController( 3547): changing data overlay icon id to 2130837672
D/StatusBar.NetworkController( 3547): refreshViews connected={ wifi } level=?? combinedSignalIconId=0x7f0200ae/com.android.systemui:drawable/stat_sys_wifi_signal_2_fully combinedActivityIconId=0x7f0200a7 mobileLabel= wifiLabel=Stuerzel-Net combinedLabel=Stuerzel-Net mAirplaneMode=false mDataActivity=0 mPhoneSignalIconId=0x7f0200a2 mDataDirectionIconId=0x0 mDataSignalIconId=0x7f0200a2 mDataTypeIconId=0x0 mWifiIconId=0x7f0200ae mBluetoothTetherIconId=0x108054e
D/StatusBar.NetworkController( 3547): changing data overlay icon id to 2130837671
D/StatusBar.NetworkController( 3547): refreshViews connected={ wifi } level=?? combinedSignalIconId=0x7f0200ae/com.android.systemui:drawable/stat_sys_wifi_signal_2_fully combinedActivityIconId=0x7f0200a8 mobileLabel= wifiLabel=Stuerzel-Net combinedLabel=Stuerzel-Net mAirplaneMode=false mDataActivity=0 mPhoneSignalIconId=0x7f0200a2 mDataDirectionIconId=0x0 mDataSignalIconId=0x7f0200a2 mDataTypeIconId=0x0 mWifiIconId=0x7f0200ae mBluetoothTetherIconId=0x108054e
D/StatusBar.NetworkController( 3547): changing data overlay icon id to 2130837672
D/StatusBar.NetworkController( 3547): refreshViews connected={ wifi } level=?? combinedSignalIconId=0x7f0200ae/com.android.systemui:drawable/stat_sys_wifi_signal_2_fully combinedActivityIconId=0x0 mobileLabel= wifiLabel=Stuerzel-Net combinedLabel=Stuerzel-Net mAirplaneMode=false mDataActivity=0 mPhoneSignalIconId=0x7f0200a2 mDataDirectionIconId=0x0 mDataSignalIconId=0x7f0200a2 mDataTypeIconId=0x0 mWifiIconId=0x7f0200ae mBluetoothTetherIconId=0x108054e
D/StatusBar.NetworkController( 3547): changing data overlay icon id to 0
D/StatusBar.NetworkController( 3547): refreshViews connected={ wifi } level=?? combinedSignalIconId=0x7f0200ae/com.android.systemui:drawable/stat_sys_wifi_signal_2_fully combinedActivityIconId=0x7f0200a8 mobileLabel= wifiLabel=Stuerzel-Net combinedLabel=Stuerzel-Net mAirplaneMode=false mDataActivity=0 mPhoneSignalIconId=0x7f0200a2 mDataDirectionIconId=0x0 mDataSignalIconId=0x7f0200a2 mDataTypeIconId=0x0 mWifiIconId=0x7f0200ae mBluetoothTetherIconId=0x108054e
D/StatusBar.NetworkController( 3547): changing data overlay icon id to 2130837672
D/StatusBar.NetworkController( 3547): refreshViews connected={ wifi } level=?? combinedSignalIconId=0x7f0200ae/com.android.systemui:drawable/stat_sys_wifi_signal_2_fully combinedActivityIconId=0x0 mobileLabel= wifiLabel=Stuerzel-Net combinedLabel=Stuerzel-Net mAirplaneMode=false mDataActivity=0 mPhoneSignalIconId=0x7f0200a2 mDataDirectionIconId=0x0 mDataSignalIconId=0x7f0200a2 mDataTypeIconId=0x0 mWifiIconId=0x7f0200ae mBluetoothTetherIconId=0x108054e
D/StatusBar.NetworkController( 3547): changing data overlay icon id to 0
D/StatusBar.NetworkController( 3547): refreshViews connected={ wifi } level=?? combinedSignalIconId=0x7f0200ae/com.android.systemui:drawable/stat_sys_wifi_signal_2_fully combinedActivityIconId=0x7f0200a8 mobileLabel= wifiLabel=Stuerzel-Net combinedLabel=Stuerzel-Net mAirplaneMode=false mDataActivity=0 mPhoneSignalIconId=0x7f0200a2 mDataDirectionIconId=0x0 mDataSignalIconId=0x7f0200a2 mDataTypeIconId=0x0 mWifiIconId=0x7f0200ae mBluetoothTetherIconId=0x108054e
D/StatusBar.NetworkController( 3547): changing data overlay icon id to 2130837672
D/StatusBar.NetworkController( 3547): refreshViews connected={ wifi } level=?? combinedSignalIconId=0x7f0200ae/com.android.systemui:drawable/stat_sys_wifi_signal_2_fully combinedActivityIconId=0x7f0200a9 mobileLabel= wifiLabel=Stuerzel-Net combinedLabel=Stuerzel-Net mAirplaneMode=false mDataActivity=0 mPhoneSignalIconId=0x7f0200a2 mDataDirectionIconId=0x0 mDataSignalIconId=0x7f0200a2 mDataTypeIconId=0x0 mWifiIconId=0x7f0200ae mBluetoothTetherIconId=0x108054e
D/StatusBar.NetworkController( 3547): changing data overlay icon id to 2130837673
D/StatusBar.NetworkController( 3547): refreshViews connected={ wifi } level=?? combinedSignalIconId=0x7f0200ae/com.android.systemui:drawable/stat_sys_wifi_signal_2_fully combinedActivityIconId=0x7f0200a8 mobileLabel= wifiLabel=Stuerzel-Net combinedLabel=Stuerzel-Net mAirplaneMode=false mDataActivity=0 mPhoneSignalIconId=0x7f0200a2 mDataDirectionIconId=0x0 mDataSignalIconId=0x7f0200a2 mDataTypeIconId=0x0 mWifiIconId=0x7f0200ae mBluetoothTetherIconId=0x108054e
D/StatusBar.NetworkController( 3547): changing data overlay icon id to 2130837672
D/StatusBar.NetworkController( 3547): refreshViews connected={ wifi } level=?? combinedSignalIconId=0x7f0200ae/com.android.systemui:drawable/stat_sys_wifi_signal_2_fully combinedActivityIconId=0x0 mobileLabel= wifiLabel=Stuerzel-Net combinedLabel=Stuerzel-Net mAirplaneMode=false mDataActivity=0 mPhoneSignalIconId=0x7f0200a2 mDataDirectionIconId=0x0 mDataSignalIconId=0x7f0200a2 mDataTypeIconId=0x0 mWifiIconId=0x7f0200ae mBluetoothTetherIconId=0x108054e
D/StatusBar.NetworkController( 3547): changing data overlay icon id to 0
D/StatusBar.NetworkController( 3547): refreshViews connected={ wifi } level=?? combinedSignalIconId=0x7f0200ae/com.android.systemui:drawable/stat_sys_wifi_signal_2_fully combinedActivityIconId=0x7f0200a8 mobileLabel= wifiLabel=Stuerzel-Net combinedLabel=Stuerzel-Net mAirplaneMode=false mDataActivity=0 mPhoneSignalIconId=0x7f0200a2 mDataDirectionIconId=0x0 mDataSignalIconId=0x7f0200a2 mDataTypeIconId=0x0 mWifiIconId=0x7f0200ae mBluetoothTetherIconId=0x108054e
D/StatusBar.NetworkController( 3547): changing data overlay icon id to 2130837672
D/StatusBar.NetworkController( 3547): refreshViews connected={ wifi } level=?? combinedSignalIconId=0x7f0200ae/com.android.systemui:drawable/stat_sys_wifi_signal_2_fully combinedActivityIconId=0x0 mobileLabel= wifiLabel=Stuerzel-Net combinedLabel=Stuerzel-Net mAirplaneMode=false mDataActivity=0 mPhoneSignalIconId=0x7f0200a2 mDataDirectionIconId=0x0 mDataSignalIconId=0x7f0200a2 mDataTypeIconId=0x0 mWifiIconId=0x7f0200ae mBluetoothTetherIconId=0x108054e
D/StatusBar.NetworkController( 3547): changing data overlay icon id to 0
D/StatusBar.NetworkController( 3547): refreshViews connected={ wifi } level=?? combinedSignalIconId=0x7f0200ae/com.android.systemui:drawable/stat_sys_wifi_signal_2_fully combinedActivityIconId=0x7f0200a8 mobileLabel= wifiLabel=Stuerzel-Net combinedLabel=Stuerzel-Net mAirplaneMode=false mDataActivity=0 mPhoneSignalIconId=0x7f0200a2 mDataDirectionIconId=0x0 mDataSignalIconId=0x7f0200a2 mDataTypeIconId=0x0 mWifiIconId=0x7f0200ae mBluetoothTetherIconId=0x108054e
D/StatusBar.NetworkController( 3547): changing data overlay icon id to 2130837672
D/StatusBar.NetworkController( 3547): refreshViews connected={ wifi } level=?? combinedSignalIconId=0x7f0200b0/com.android.systemui:drawable/stat_sys_wifi_signal_3_fully combinedActivityIconId=0x7f0200a8 mobileLabel= wifiLabel=Stuerzel-Net combinedLabel=Stuerzel-Net mAirplaneMode=false mDataActivity=0 mPhoneSignalIconId=0x7f0200a2 mDataDirectionIconId=0x0 mDataSignalIconId=0x7f0200a2 mDataTypeIconId=0x0 mWifiIconId=0x7f0200b0 mBluetoothTetherIconId=0x108054e
D/StatusBar.NetworkController( 3547): refreshViews connected={ wifi } level=?? combinedSignalIconId=0x7f0200b0/com.android.systemui:drawable/stat_sys_wifi_signal_3_fully combinedActivityIconId=0x0 mobileLabel= wifiLabel=Stuerzel-Net combinedLabel=Stuerzel-Net mAirplaneMode=false mDataActivity=0 mPhoneSignalIconId=0x7f0200a2 mDataDirectionIconId=0x0 mDataSignalIconId=0x7f0200a2 mDataTypeIconId=0x0 mWifiIconId=0x7f0200b0 mBluetoothTetherIconId=0x108054e
D/StatusBar.NetworkController( 3547): changing data overlay icon id to 0
D/StatusBar.NetworkController( 3547): refreshViews connected={ wifi } level=?? combinedSignalIconId=0x7f0200b0/com.android.systemui:drawable/stat_sys_wifi_signal_3_fully combinedActivityIconId=0x7f0200a8 mobileLabel= wifiLabel=Stuerzel-Net combinedLabel=Stuerzel-Net mAirplaneMode=false mDataActivity=0 mPhoneSignalIconId=0x7f0200a2 mDataDirectionIconId=0x0 mDataSignalIconId=0x7f0200a2 mDataTypeIconId=0x0 mWifiIconId=0x7f0200b0 mBluetoothTetherIconId=0x108054e
D/StatusBar.NetworkController( 3547): changing data overlay icon id to 2130837672
D/StatusBar.NetworkController( 3547): refreshViews connected={ wifi } level=?? combinedSignalIconId=0x7f0200b0/com.android.systemui:drawable/stat_sys_wifi_signal_3_fully combinedActivityIconId=0x0 mobileLabel= wifiLabel=Stuerzel-Net combinedLabel=Stuerzel-Net mAirplaneMode=false mDataActivity=0 mPhoneSignalIconId=0x7f0200a2 mDataDirectionIconId=0x0 mDataSignalIconId=0x7f0200a2 mDataTypeIconId=0x0 mWifiIconId=0x7f0200b0 mBluetoothTetherIconId=0x108054e
D/StatusBar.NetworkController( 3547): changing data overlay icon id to 0
D/StatusBar.NetworkController( 3547): refreshViews connected={ wifi } level=?? combinedSignalIconId=0x7f0200b0/com.android.systemui:drawable/stat_sys_wifi_signal_3_fully combinedActivityIconId=0x7f0200a8 mobileLabel= wifiLabel=Stuerzel-Net combinedLabel=Stuerzel-Net mAirplaneMode=false mDataActivity=0 mPhoneSignalIconId=0x7f0200a2 mDataDirectionIconId=0x0 mDataSignalIconId=0x7f0200a2 mDataTypeIconId=0x0 mWifiIconId=0x7f0200b0 mBluetoothTetherIconId=0x108054e
D/StatusBar.NetworkController( 3547): changing data overlay icon id to 2130837672
D/StatusBar.NetworkController( 3547): refreshViews connected={ wifi } level=?? combinedSignalIconId=0x7f0200b0/com.android.systemui:drawable/stat_sys_wifi_signal_3_fully combinedActivityIconId=0x0 mobileLabel= wifiLabel=Stuerzel-Net combinedLabel=Stuerzel-Net mAirplaneMode=false mDataActivity=0 mPhoneSignalIconId=0x7f0200a2 mDataDirectionIconId=0x0 mDataSignalIconId=0x7f0200a2 mDataTypeIconId=0x0 mWifiIconId=0x7f0200b0 mBluetoothTetherIconId=0x108054e
D/StatusBar.NetworkController( 3547): changing data overlay icon id to 0
D/StatusBar.NetworkController( 3547): refreshViews connected={ wifi } level=?? combinedSignalIconId=0x7f0200b0/com.android.systemui:drawable/stat_sys_wifi_signal_3_fully combinedActivityIconId=0x7f0200a8 mobileLabel= wifiLabel=Stuerzel-Net combinedLabel=Stuerzel-Net mAirplaneMode=false mDataActivity=0 mPhoneSignalIconId=0x7f0200a2 mDataDirectionIconId=0x0 mDataSignalIconId=0x7f0200a2 mDataTypeIconId=0x0 mWifiIconId=0x7f0200b0 mBluetoothTetherIconId=0x108054e
D/StatusBar.NetworkController( 3547): changing data overlay icon id to 2130837672
D/StatusBar.NetworkController( 3547): refreshViews connected={ wifi } level=?? combinedSignalIconId=0x7f0200b0/com.android.systemui:drawable/stat_sys_wifi_signal_3_fully combinedActivityIconId=0x7f0200a9 mobileLabel= wifiLabel=Stuerzel-Net combinedLabel=Stuerzel-Net mAirplaneMode=false mDataActivity=0 mPhoneSignalIconId=0x7f0200a2 mDataDirectionIconId=0x0 mDataSignalIconId=0x7f0200a2 mDataTypeIconId=0x0 mWifiIconId=0x7f0200b0 mBluetoothTetherIconId=0x108054e
D/StatusBar.NetworkController( 3547): changing data overlay icon id to 2130837673
D/StatusBar.NetworkController( 3547): refreshViews connected={ wifi } level=?? combinedSignalIconId=0x7f0200b0/com.android.systemui:drawable/stat_sys_wifi_signal_3_fully combinedActivityIconId=0x7f0200a8 mobileLabel= wifiLabel=Stuerzel-Net combinedLabel=Stuerzel-Net mAirplaneMode=false mDataActivity=0 mPhoneSignalIconId=0x7f0200a2 mDataDirectionIconId=0x0 mDataSignalIconId=0x7f0200a2 mDataTypeIconId=0x0 mWifiIconId=0x7f0200b0 mBluetoothTetherIconId=0x108054e
D/StatusBar.NetworkController( 3547): changing data overlay icon id to 2130837672
D/StatusBar.NetworkController( 3547): refreshViews connected={ wifi } level=?? combinedSignalIconId=0x7f0200b0/com.android.systemui:drawable/stat_sys_wifi_signal_3_fully combinedActivityIconId=0x7f0200a9 mobileLabel= wifiLabel=Stuerzel-Net combinedLabel=Stuerzel-Net mAirplaneMode=false mDataActivity=0 mPhoneSignalIconId=0x7f0200a2 mDataDirectionIconId=0x0 mDataSignalIconId=0x7f0200a2 mDataTypeIconId=0x0 mWifiIconId=0x7f0200b0 mBluetoothTetherIconId=0x108054e
D/StatusBar.NetworkController( 3547): changing data overlay icon id to 2130837673
D/StatusBar.NetworkController( 3547): refreshViews connected={ wifi } level=?? combinedSignalIconId=0x7f0200b0/com.android.systemui:drawable/stat_sys_wifi_signal_3_fully combinedActivityIconId=0x7f0200a8 mobileLabel= wifiLabel=Stuerzel-Net combinedLabel=Stuerzel-Net mAirplaneMode=false mDataActivity=0 mPhoneSignalIconId=0x7f0200a2 mDataDirectionIconId=0x0 mDataSignalIconId=0x7f0200a2 mDataTypeIconId=0x0 mWifiIconId=0x7f0200b0 mBluetoothTetherIconId=0x108054e
D/StatusBar.NetworkController( 3547): changing data overlay icon id to 2130837672
D/StatusBar.NetworkController( 3547): refreshViews connected={ wifi } level=?? combinedSignalIconId=0x7f0200b0/com.android.systemui:drawable/stat_sys_wifi_signal_3_fully combinedActivityIconId=0x0 mobileLabel= wifiLabel=Stuerzel-Net combinedLabel=Stuerzel-Net mAirplaneMode=false mDataActivity=0 mPhoneSignalIconId=0x7f0200a2 mDataDirectionIconId=0x0 mDataSignalIconId=0x7f0200a2 mDataTypeIconId=0x0 mWifiIconId=0x7f0200b0 mBluetoothTetherIconId=0x108054e
D/StatusBar.NetworkController( 3547): changing data overlay icon id to 0
D/StatusBar.NetworkController( 3547): refreshViews connected={ wifi } level=?? combinedSignalIconId=0x7f0200b0/com.android.systemui:drawable/stat_sys_wifi_signal_3_fully combinedActivityIconId=0x7f0200a8 mobileLabel= wifiLabel=Stuerzel-Net combinedLabel=Stuerzel-Net mAirplaneMode=false mDataActivity=0 mPhoneSignalIconId=0x7f0200a2 mDataDirectionIconId=0x0 mDataSignalIconId=0x7f0200a2 mDataTypeIconId=0x0 mWifiIconId=0x7f0200b0 mBluetoothTetherIconId=0x108054e
D/StatusBar.NetworkController( 3547): changing data overlay icon id to 2130837672
D/StatusBar.NetworkController( 3547): refreshViews connected={ wifi } level=?? combinedSignalIconId=0x7f0200b0/com.android.systemui:drawable/stat_sys_wifi_signal_3_fully combinedActivityIconId=0x0 mobileLabel= wifiLabel=Stuerzel-Net combinedLabel=Stuerzel-Net mAirplaneMode=false mDataActivity=0 mPhoneSignalIconId=0x7f0200a2 mDataDirectionIconId=0x0 mDataSignalIconId=0x7f0200a2 mDataTypeIconId=0x0 mWifiIconId=0x7f0200b0 mBluetoothTetherIconId=0x108054e
D/StatusBar.NetworkController( 3547): changing data overlay icon id to 0
D/StatusBar.NetworkController( 3547): refreshViews connected={ wifi } level=?? combinedSignalIconId=0x7f0200b0/com.android.systemui:drawable/stat_sys_wifi_signal_3_fully combinedActivityIconId=0x7f0200a8 mobileLabel= wifiLabel=Stuerzel-Net combinedLabel=Stuerzel-Net mAirplaneMode=false mDataActivity=0 mPhoneSignalIconId=0x7f0200a2 mDataDirectionIconId=0x0 mDataSignalIconId=0x7f0200a2 mDataTypeIconId=0x0 mWifiIconId=0x7f0200b0 mBluetoothTetherIconId=0x108054e
D/StatusBar.NetworkController( 3547): changing data overlay icon id to 2130837672
D/StatusBar.NetworkController( 3547): refreshViews connected={ wifi } level=?? combinedSignalIconId=0x7f0200b0/com.android.systemui:drawable/stat_sys_wifi_signal_3_fully combinedActivityIconId=0x0 mobileLabel= wifiLabel=Stuerzel-Net combinedLabel=Stuerzel-Net mAirplaneMode=false mDataActivity=0 mPhoneSignalIconId=0x7f0200a2 mDataDirectionIconId=0x0 mDataSignalIconId=0x7f0200a2 mDataTypeIconId=0x0 mWifiIconId=0x7f0200b0 mBluetoothTetherIconId=0x108054e
D/StatusBar.NetworkController( 3547): changing data overlay icon id to 0
D/StatusBar.NetworkController( 3547): refreshViews connected={ wifi } level=?? combinedSignalIconId=0x7f0200b0/com.android.systemui:drawable/stat_sys_wifi_signal_3_fully combinedActivityIconId=0x7f0200a9 mobileLabel= wifiLabel=Stuerzel-Net combinedLabel=Stuerzel-Net mAirplaneMode=false mDataActivity=0 mPhoneSignalIconId=0x7f0200a2 mDataDirectionIconId=0x0 mDataSignalIconId=0x7f0200a2 mDataTypeIconId=0x0 mWifiIconId=0x7f0200b0 mBluetoothTetherIconId=0x108054e
D/StatusBar.NetworkController( 3547): changing data overlay icon id to 2130837673
D/StatusBar.NetworkController( 3547): refreshViews connected={ wifi } level=?? combinedSignalIconId=0x7f0200b0/com.android.systemui:drawable/stat_sys_wifi_signal_3_fully combinedActivityIconId=0x7f0200a8 mobileLabel= wifiLabel=Stuerzel-Net combinedLabel=Stuerzel-Net mAirplaneMode=false mDataActivity=0 mPhoneSignalIconId=0x7f0200a2 mDataDirectionIconId=0x0 mDataSignalIconId=0x7f0200a2 mDataTypeIconId=0x0 mWifiIconId=0x7f0200b0 mBluetoothTetherIconId=0x108054e
D/StatusBar.NetworkController( 3547): changing data overlay icon id to 2130837672
D/StatusBar.NetworkController( 3547): refreshViews connected={ wifi } level=?? combinedSignalIconId=0x7f0200b0/com.android.systemui:drawable/stat_sys_wifi_signal_3_fully combinedActivityIconId=0x0 mobileLabel= wifiLabel=Stuerzel-Net combinedLabel=Stuerzel-Net mAirplaneMode=false mDataActivity=0 mPhoneSignalIconId=0x7f0200a2 mDataDirectionIconId=0x0 mDataSignalIconId=0x7f0200a2 mDataTypeIconId=0x0 mWifiIconId=0x7f0200b0 mBluetoothTetherIconId=0x108054e
D/StatusBar.NetworkController( 3547): changing data overlay icon id to 0
D/StatusBar.NetworkController( 3547): refreshViews connected={ wifi } level=?? combinedSignalIconId=0x7f0200b0/com.android.systemui:drawable/stat_sys_wifi_signal_3_fully combinedActivityIconId=0x7f0200a8 mobileLabel= wifiLabel=Stuerzel-Net combinedLabel=Stuerzel-Net mAirplaneMode=false mDataActivity=0 mPhoneSignalIconId=0x7f0200a2 mDataDirectionIconId=0x0 mDataSignalIconId=0x7f0200a2 mDataTypeIconId=0x0 mWifiIconId=0x7f0200b0 mBluetoothTetherIconId=0x108054e
D/StatusBar.NetworkController( 3547): changing data overlay icon id to 2130837672
D/StatusBar.NetworkController( 3547): refreshViews connected={ wifi } level=?? combinedSignalIconId=0x7f0200b0/com.android.systemui:drawable/stat_sys_wifi_signal_3_fully combinedActivityIconId=0x0 mobileLabel= wifiLabel=Stuerzel-Net combinedLabel=Stuerzel-Net mAirplaneMode=false mDataActivity=0 mPhoneSignalIconId=0x7f0200a2 mDataDirectionIconId=0x0 mDataSignalIconId=0x7f0200a2 mDataTypeIconId=0x0 mWifiIconId=0x7f0200b0 mBluetoothTetherIconId=0x108054e
D/StatusBar.NetworkController( 3547): changing data overlay icon id to 0
D/StatusBar.NetworkController( 3547): refreshViews connected={ wifi } level=?? combinedSignalIconId=0x7f0200b0/com.android.systemui:drawable/stat_sys_wifi_signal_3_fully combinedActivityIconId=0x7f0200a8 mobileLabel= wifiLabel=Stuerzel-Net combinedLabel=Stuerzel-Net mAirplaneMode=false mDataActivity=0 mPhoneSignalIconId=0x7f0200a2 mDataDirectionIconId=0x0 mDataSignalIconId=0x7f0200a2 mDataTypeIconId=0x0 mWifiIconId=0x7f0200b0 mBluetoothTetherIconId=0x108054e
D/StatusBar.NetworkController( 3547): changing data overlay icon id to 2130837672
D/StatusBar.NetworkController( 3547): refreshViews connected={ wifi } level=?? combinedSignalIconId=0x7f0200b0/com.android.systemui:drawable/stat_sys_wifi_signal_3_fully combinedActivityIconId=0x0 mobileLabel= wifiLabel=Stuerzel-Net combinedLabel=Stuerzel-Net mAirplaneMode=false mDataActivity=0 mPhoneSignalIconId=0x7f0200a2 mDataDirectionIconId=0x0 mDataSignalIconId=0x7f0200a2 mDataTypeIconId=0x0 mWifiIconId=0x7f0200b0 mBluetoothTetherIconId=0x108054e
D/StatusBar.NetworkController( 3547): changing data overlay icon id to 0
D/StatusBar.NetworkController( 3547): refreshViews connected={ wifi } level=?? combinedSignalIconId=0x7f0200b0/com.android.systemui:drawable/stat_sys_wifi_signal_3_fully combinedActivityIconId=0x7f0200a8 mobileLabel= wifiLabel=Stuerzel-Net combinedLabel=Stuerzel-Net mAirplaneMode=false mDataActivity=0 mPhoneSignalIconId=0x7f0200a2 mDataDirectionIconId=0x0 mDataSignalIconId=0x7f0200a2 mDataTypeIconId=0x0 mWifiIconId=0x7f0200b0 mBluetoothTetherIconId=0x108054e
D/StatusBar.NetworkController( 3547): changing data overlay icon id to 2130837672
D/StatusBar.NetworkController( 3547): refreshViews connected={ wifi } level=?? combinedSignalIconId=0x7f0200b0/com.android.systemui:drawable/stat_sys_wifi_signal_3_fully combinedActivityIconId=0x7f0200a9 mobileLabel= wifiLabel=Stuerzel-Net combinedLabel=Stuerzel-Net mAirplaneMode=false mDataActivity=0 mPhoneSignalIconId=0x7f0200a2 mDataDirectionIconId=0x0 mDataSignalIconId=0x7f0200a2 mDataTypeIconId=0x0 mWifiIconId=0x7f0200b0 mBluetoothTetherIconId=0x108054e
D/StatusBar.NetworkController( 3547): changing data overlay icon id to 2130837673
D/StatusBar.NetworkController( 3547): refreshViews connected={ wifi } level=?? combinedSignalIconId=0x7f0200ae/com.android.systemui:drawable/stat_sys_wifi_signal_2_fully combinedActivityIconId=0x7f0200a9 mobileLabel= wifiLabel=Stuerzel-Net combinedLabel=Stuerzel-Net mAirplaneMode=false mDataActivity=0 mPhoneSignalIconId=0x7f0200a2 mDataDirectionIconId=0x0 mDataSignalIconId=0x7f0200a2 mDataTypeIconId=0x0 mWifiIconId=0x7f0200ae mBluetoothTetherIconId=0x108054e
D/StatusBar.NetworkController( 3547): refreshViews connected={ wifi } level=?? combinedSignalIconId=0x7f0200ae/com.android.systemui:drawable/stat_sys_wifi_signal_2_fully combinedActivityIconId=0x7f0200a8 mobileLabel= wifiLabel=Stuerzel-Net combinedLabel=Stuerzel-Net mAirplaneMode=false mDataActivity=0 mPhoneSignalIconId=0x7f0200a2 mDataDirectionIconId=0x0 mDataSignalIconId=0x7f0200a2 mDataTypeIconId=0x0 mWifiIconId=0x7f0200ae mBluetoothTetherIconId=0x108054e
D/StatusBar.NetworkController( 3547): changing data overlay icon id to 2130837672
I/ActivityManager( 3473): No longer want com.android.keychain (pid 8556): hidden #16
D/StatusBar.NetworkController( 3547): refreshViews connected={ wifi } level=?? combinedSignalIconId=0x7f0200ae/com.android.systemui:drawable/stat_sys_wifi_signal_2_fully combinedActivityIconId=0x7f0200a9 mobileLabel= wifiLabel=Stuerzel-Net combinedLabel=Stuerzel-Net mAirplaneMode=false mDataActivity=0 mPhoneSignalIconId=0x7f0200a2 mDataDirectionIconId=0x0 mDataSignalIconId=0x7f0200a2 mDataTypeIconId=0x0 mWifiIconId=0x7f0200ae mBluetoothTetherIconId=0x108054e
D/StatusBar.NetworkController( 3547): changing data overlay icon id to 2130837673
D/StatusBar.NetworkController( 3547): refreshViews connected={ wifi } level=?? combinedSignalIconId=0x7f0200ae/com.android.systemui:drawable/stat_sys_wifi_signal_2_fully combinedActivityIconId=0x0 mobileLabel= wifiLabel=Stuerzel-Net combinedLabel=Stuerzel-Net mAirplaneMode=false mDataActivity=0 mPhoneSignalIconId=0x7f0200a2 mDataDirectionIconId=0x0 mDataSignalIconId=0x7f0200a2 mDataTypeIconId=0x0 mWifiIconId=0x7f0200ae mBluetoothTetherIconId=0x108054e
D/StatusBar.NetworkController( 3547): changing data overlay icon id to 0
D/StatusBar.NetworkController( 3547): refreshViews connected={ wifi } level=?? combinedSignalIconId=0x7f0200ae/com.android.systemui:drawable/stat_sys_wifi_signal_2_fully combinedActivityIconId=0x7f0200a8 mobileLabel= wifiLabel=Stuerzel-Net combinedLabel=Stuerzel-Net mAirplaneMode=false mDataActivity=0 mPhoneSignalIconId=0x7f0200a2 mDataDirectionIconId=0x0 mDataSignalIconId=0x7f0200a2 mDataTypeIconId=0x0 mWifiIconId=0x7f0200ae mBluetoothTetherIconId=0x108054e
D/StatusBar.NetworkController( 3547): changing data overlay icon id to 2130837672
D/StatusBar.NetworkController( 3547): refreshViews connected={ wifi } level=?? combinedSignalIconId=0x7f0200ae/com.android.systemui:drawable/stat_sys_wifi_signal_2_fully combinedActivityIconId=0x7f0200a9 mobileLabel= wifiLabel=Stuerzel-Net combinedLabel=Stuerzel-Net mAirplaneMode=false mDataActivity=0 mPhoneSignalIconId=0x7f0200a2 mDataDirectionIconId=0x0 mDataSignalIconId=0x7f0200a2 mDataTypeIconId=0x0 mWifiIconId=0x7f0200ae mBluetoothTetherIconId=0x108054e
D/StatusBar.NetworkController( 3547): changing data overlay icon id to 2130837673
D/StatusBar.NetworkController( 3547): refreshViews connected={ wifi } level=?? combinedSignalIconId=0x7f0200ae/com.android.systemui:drawable/stat_sys_wifi_signal_2_fully combinedActivityIconId=0x7f0200a8 mobileLabel= wifiLabel=Stuerzel-Net combinedLabel=Stuerzel-Net mAirplaneMode=false mDataActivity=0 mPhoneSignalIconId=0x7f0200a2 mDataDirectionIconId=0x0 mDataSignalIconId=0x7f0200a2 mDataTypeIconId=0x0 mWifiIconId=0x7f0200ae mBluetoothTetherIconId=0x108054e
D/StatusBar.NetworkController( 3547): changing data overlay icon id to 2130837672
D/StatusBar.NetworkController( 3547): refreshViews connected={ wifi } level=?? combinedSignalIconId=0x7f0200ae/com.android.systemui:drawable/stat_sys_wifi_signal_2_fully combinedActivityIconId=0x7f0200a9 mobileLabel= wifiLabel=Stuerzel-Net combinedLabel=Stuerzel-Net mAirplaneMode=false mDataActivity=0 mPhoneSignalIconId=0x7f0200a2 mDataDirectionIconId=0x0 mDataSignalIconId=0x7f0200a2 mDataTypeIconId=0x0 mWifiIconId=0x7f0200ae mBluetoothTetherIconId=0x108054e
D/StatusBar.NetworkController( 3547): changing data overlay icon id to 2130837673
D/StatusBar.NetworkController( 3547): refreshViews connected={ wifi } level=?? combinedSignalIconId=0x7f0200ae/com.android.systemui:drawable/stat_sys_wifi_signal_2_fully combinedActivityIconId=0x7f0200a8 mobileLabel= wifiLabel=Stuerzel-Net combinedLabel=Stuerzel-Net mAirplaneMode=false mDataActivity=0 mPhoneSignalIconId=0x7f0200a2 mDataDirectionIconId=0x0 mDataSignalIconId=0x7f0200a2 mDataTypeIconId=0x0 mWifiIconId=0x7f0200ae mBluetoothTetherIconId=0x108054e
D/StatusBar.NetworkController( 3547): changing data overlay icon id to 2130837672
D/StatusBar.NetworkController( 3547): refreshViews connected={ wifi } level=?? combinedSignalIconId=0x7f0200ae/com.android.systemui:drawable/stat_sys_wifi_signal_2_fully combinedActivityIconId=0x0 mobileLabel= wifiLabel=Stuerzel-Net combinedLabel=Stuerzel-Net mAirplaneMode=false mDataActivity=0 mPhoneSignalIconId=0x7f0200a2 mDataDirectionIconId=0x0 mDataSignalIconId=0x7f0200a2 mDataTypeIconId=0x0 mWifiIconId=0x7f0200ae mBluetoothTetherIconId=0x108054e
D/StatusBar.NetworkController( 3547): changing data overlay icon id to 0
D/StatusBar.NetworkController( 3547): refreshViews connected={ wifi } level=?? combinedSignalIconId=0x7f0200ae/com.android.systemui:drawable/stat_sys_wifi_signal_2_fully combinedActivityIconId=0x7f0200a8 mobileLabel= wifiLabel=Stuerzel-Net combinedLabel=Stuerzel-Net mAirplaneMode=false mDataActivity=0 mPhoneSignalIconId=0x7f0200a2 mDataDirectionIconId=0x0 mDataSignalIconId=0x7f0200a2 mDataTypeIconId=0x0 mWifiIconId=0x7f0200ae mBluetoothTetherIconId=0x108054e
D/StatusBar.NetworkController( 3547): changing data overlay icon id to 2130837672
W/ActivityManager( 3473): No content provider found for permission revoke: file:///data/local/tmp/android-debug.apk
W/ActivityManager( 3473): No content provider found for permission revoke: file:///data/local/tmp/android-debug.apk
I/ActivityManager( 3473): Force stopping package com.ionicframework.switchcontrol664087 uid=10083
I/ActivityManager( 3473): Killing proc 8625:com.ionicframework.switchcontrol664087/u0a83: force stop
I/PackageManager( 3473): Package com.ionicframework.switchcontrol664087 codePath changed from /data/app/com.ionicframework.switchcontrol664087-1.apk to /data/app/com.ionicframework.switchcontrol664087-2.apk; Retaining data and using new
W/PackageManager( 3473): Code path for pkg : com.ionicframework.switchcontrol664087 changing from /data/app/com.ionicframework.switchcontrol664087-1.apk to /data/app/com.ionicframework.switchcontrol664087-2.apk
I/ActivityManager( 3473): Force stopping package com.ionicframework.switchcontrol664087 uid=10083
W/PackageManager( 3473): Resource path for pkg : com.ionicframework.switchcontrol664087 changing from /data/app/com.ionicframework.switchcontrol664087-1.apk to /data/app/com.ionicframework.switchcontrol664087-2.apk
I/ActivityManager( 3473): Force stopping package com.ionicframework.switchcontrol664087 uid=10083
I/ActivityManager( 3473): Start proc com.android.keychain for broadcast com.android.keychain/.KeyChainBroadcastReceiver: pid=8682 uid=1000 gids={1015, 3002, 3001, 3003, 1028, 2001, 3007}
W/RecognitionManagerService( 3473): no available voice recognition services found
D/BackupManagerService( 3473): Received broadcast Intent { act=android.intent.action.PACKAGE_REMOVED dat=package:com.ionicframework.switchcontrol664087 flg=0x8000010 (has extras) }
D/BackupManagerService( 3473): Received broadcast Intent { act=android.intent.action.PACKAGE_ADDED dat=package:com.ionicframework.switchcontrol664087 flg=0x8000010 (has extras) }
V/BackupManagerService( 3473): removePackageParticipantsLocked: uid=10083 #1
V/BackupManagerService( 3473): addPackageParticipantsLocked: #1
I/ActivityManager( 3473): START {flg=0x10800000 cmp=com.estrongs.android.pop/.app.InstallMonitorActivity (has extras) u=0} from pid 5642
W/InputMethodManagerService( 3473): Window already focused, ignoring focus gain of: com.android.internal.view.IInputMethodClient$Stub$Proxy@417effd8 attribute=null
D/StatusBar.NetworkController( 3547): refreshViews connected={ wifi } level=?? combinedSignalIconId=0x7f0200b0/com.android.systemui:drawable/stat_sys_wifi_signal_3_fully combinedActivityIconId=0x7f0200a8 mobileLabel= wifiLabel=Stuerzel-Net combinedLabel=Stuerzel-Net mAirplaneMode=false mDataActivity=0 mPhoneSignalIconId=0x7f0200a2 mDataDirectionIconId=0x0 mDataSignalIconId=0x7f0200a2 mDataTypeIconId=0x0 mWifiIconId=0x7f0200b0 mBluetoothTetherIconId=0x108054e
D/StatusBar.NetworkController( 3547): refreshViews connected={ wifi } level=?? combinedSignalIconId=0x7f0200b0/com.android.systemui:drawable/stat_sys_wifi_signal_3_fully combinedActivityIconId=0x7f0200a9 mobileLabel= wifiLabel=Stuerzel-Net combinedLabel=Stuerzel-Net mAirplaneMode=false mDataActivity=0 mPhoneSignalIconId=0x7f0200a2 mDataDirectionIconId=0x0 mDataSignalIconId=0x7f0200a2 mDataTypeIconId=0x0 mWifiIconId=0x7f0200b0 mBluetoothTetherIconId=0x108054e
D/StatusBar.NetworkController( 3547): changing data overlay icon id to 2130837673
D/StatusBar.NetworkController( 3547): refreshViews connected={ wifi } level=?? combinedSignalIconId=0x7f0200b0/com.android.systemui:drawable/stat_sys_wifi_signal_3_fully combinedActivityIconId=0x7f0200a8 mobileLabel= wifiLabel=Stuerzel-Net combinedLabel=Stuerzel-Net mAirplaneMode=false mDataActivity=0 mPhoneSignalIconId=0x7f0200a2 mDataDirectionIconId=0x0 mDataSignalIconId=0x7f0200a2 mDataTypeIconId=0x0 mWifiIconId=0x7f0200b0 mBluetoothTetherIconId=0x108054e
D/StatusBar.NetworkController( 3547): changing data overlay icon id to 2130837672
D/StatusBar.NetworkController( 3547): refreshViews connected={ wifi } level=?? combinedSignalIconId=0x7f0200ae/com.android.systemui:drawable/stat_sys_wifi_signal_2_fully combinedActivityIconId=0x7f0200a8 mobileLabel= wifiLabel=Stuerzel-Net combinedLabel=Stuerzel-Net mAirplaneMode=false mDataActivity=0 mPhoneSignalIconId=0x7f0200a2 mDataDirectionIconId=0x0 mDataSignalIconId=0x7f0200a2 mDataTypeIconId=0x0 mWifiIconId=0x7f0200ae mBluetoothTetherIconId=0x108054e
D/StatusBar.NetworkController( 3547): refreshViews connected={ wifi } level=?? combinedSignalIconId=0x7f0200ae/com.android.systemui:drawable/stat_sys_wifi_signal_2_fully combinedActivityIconId=0x0 mobileLabel= wifiLabel=Stuerzel-Net combinedLabel=Stuerzel-Net mAirplaneMode=false mDataActivity=0 mPhoneSignalIconId=0x7f0200a2 mDataDirectionIconId=0x0 mDataSignalIconId=0x7f0200a2 mDataTypeIconId=0x0 mWifiIconId=0x7f0200ae mBluetoothTetherIconId=0x108054e
D/StatusBar.NetworkController( 3547): changing data overlay icon id to 0
D/StatusBar.NetworkController( 3547): refreshViews connected={ wifi } level=?? combinedSignalIconId=0x7f0200ae/com.android.systemui:drawable/stat_sys_wifi_signal_2_fully combinedActivityIconId=0x7f0200a8 mobileLabel= wifiLabel=Stuerzel-Net combinedLabel=Stuerzel-Net mAirplaneMode=false mDataActivity=0 mPhoneSignalIconId=0x7f0200a2 mDataDirectionIconId=0x0 mDataSignalIconId=0x7f0200a2 mDataTypeIconId=0x0 mWifiIconId=0x7f0200ae mBluetoothTetherIconId=0x108054e
D/StatusBar.NetworkController( 3547): changing data overlay icon id to 2130837672
I/ActivityManager( 3473): START {act=android.intent.action.MAIN cat=[android.intent.category.LAUNCHER] flg=0x10200000 cmp=com.ionicframework.switchcontrol664087/.MainActivity u=0} from pid 3726
I/ActivityManager( 3473): Start proc com.ionicframework.switchcontrol664087 for activity com.ionicframework.switchcontrol664087/.MainActivity: pid=8749 uid=10083 gids={3003, 1015, 1028}
D/StatusBar.NetworkController( 3547): refreshViews connected={ wifi } level=?? combinedSignalIconId=0x7f0200ae/com.android.systemui:drawable/stat_sys_wifi_signal_2_fully combinedActivityIconId=0x0 mobileLabel= wifiLabel=Stuerzel-Net combinedLabel=Stuerzel-Net mAirplaneMode=false mDataActivity=0 mPhoneSignalIconId=0x7f0200a2 mDataDirectionIconId=0x0 mDataSignalIconId=0x7f0200a2 mDataTypeIconId=0x0 mWifiIconId=0x7f0200ae mBluetoothTetherIconId=0x108054e
D/StatusBar.NetworkController( 3547): changing data overlay icon id to 0
D/StatusBar.NetworkController( 3547): refreshViews connected={ wifi } level=?? combinedSignalIconId=0x7f0200ae/com.android.systemui:drawable/stat_sys_wifi_signal_2_fully combinedActivityIconId=0x7f0200a8 mobileLabel= wifiLabel=Stuerzel-Net combinedLabel=Stuerzel-Net mAirplaneMode=false mDataActivity=0 mPhoneSignalIconId=0x7f0200a2 mDataDirectionIconId=0x0 mDataSignalIconId=0x7f0200a2 mDataTypeIconId=0x0 mWifiIconId=0x7f0200ae mBluetoothTetherIconId=0x108054e
D/StatusBar.NetworkController( 3547): changing data overlay icon id to 2130837672
D/StatusBar.NetworkController( 3547): refreshViews connected={ wifi } level=?? combinedSignalIconId=0x7f0200ae/com.android.systemui:drawable/stat_sys_wifi_signal_2_fully combinedActivityIconId=0x0 mobileLabel= wifiLabel=Stuerzel-Net combinedLabel=Stuerzel-Net mAirplaneMode=false mDataActivity=0 mPhoneSignalIconId=0x7f0200a2 mDataDirectionIconId=0x0 mDataSignalIconId=0x7f0200a2 mDataTypeIconId=0x0 mWifiIconId=0x7f0200ae mBluetoothTetherIconId=0x108054e
D/StatusBar.NetworkController( 3547): changing data overlay icon id to 0
D/StatusBar.NetworkController( 3547): refreshViews connected={ wifi } level=?? combinedSignalIconId=0x7f0200ae/com.android.systemui:drawable/stat_sys_wifi_signal_2_fully combinedActivityIconId=0x7f0200a8 mobileLabel= wifiLabel=Stuerzel-Net combinedLabel=Stuerzel-Net mAirplaneMode=false mDataActivity=0 mPhoneSignalIconId=0x7f0200a2 mDataDirectionIconId=0x0 mDataSignalIconId=0x7f0200a2 mDataTypeIconId=0x0 mWifiIconId=0x7f0200ae mBluetoothTetherIconId=0x108054e
D/StatusBar.NetworkController( 3547): changing data overlay icon id to 2130837672
D/StatusBar.NetworkController( 3547): refreshViews connected={ wifi } level=?? combinedSignalIconId=0x7f0200ae/com.android.systemui:drawable/stat_sys_wifi_signal_2_fully combinedActivityIconId=0x0 mobileLabel= wifiLabel=Stuerzel-Net combinedLabel=Stuerzel-Net mAirplaneMode=false mDataActivity=0 mPhoneSignalIconId=0x7f0200a2 mDataDirectionIconId=0x0 mDataSignalIconId=0x7f0200a2 mDataTypeIconId=0x0 mWifiIconId=0x7f0200ae mBluetoothTetherIconId=0x108054e
D/StatusBar.NetworkController( 3547): changing data overlay icon id to 0
D/StatusBar.NetworkController( 3547): refreshViews connected={ wifi } level=?? combinedSignalIconId=0x7f0200ae/com.android.systemui:drawable/stat_sys_wifi_signal_2_fully combinedActivityIconId=0x7f0200a8 mobileLabel= wifiLabel=Stuerzel-Net combinedLabel=Stuerzel-Net mAirplaneMode=false mDataActivity=0 mPhoneSignalIconId=0x7f0200a2 mDataDirectionIconId=0x0 mDataSignalIconId=0x7f0200a2 mDataTypeIconId=0x0 mWifiIconId=0x7f0200ae mBluetoothTetherIconId=0x108054e
D/StatusBar.NetworkController( 3547): changing data overlay icon id to 2130837672
W/InputMethodManagerService( 3473): Window already focused, ignoring focus gain of: com.android.internal.view.IInputMethodClient$Stub$Proxy@418f05c8 attribute=null
D/StatusBar.NetworkController( 3547): refreshViews connected={ wifi } level=?? combinedSignalIconId=0x7f0200ae/com.android.systemui:drawable/stat_sys_wifi_signal_2_fully combinedActivityIconId=0x0 mobileLabel= wifiLabel=Stuerzel-Net combinedLabel=Stuerzel-Net mAirplaneMode=false mDataActivity=0 mPhoneSignalIconId=0x7f0200a2 mDataDirectionIconId=0x0 mDataSignalIconId=0x7f0200a2 mDataTypeIconId=0x0 mWifiIconId=0x7f0200ae mBluetoothTetherIconId=0x108054e
D/StatusBar.NetworkController( 3547): changing data overlay icon id to 0
D/StatusBar.NetworkController( 3547): refreshViews connected={ wifi } level=?? combinedSignalIconId=0x7f0200ae/com.android.systemui:drawable/stat_sys_wifi_signal_2_fully combinedActivityIconId=0x7f0200a8 mobileLabel= wifiLabel=Stuerzel-Net combinedLabel=Stuerzel-Net mAirplaneMode=false mDataActivity=0 mPhoneSignalIconId=0x7f0200a2 mDataDirectionIconId=0x0 mDataSignalIconId=0x7f0200a2 mDataTypeIconId=0x0 mWifiIconId=0x7f0200ae mBluetoothTetherIconId=0x108054e
D/StatusBar.NetworkController( 3547): changing data overlay icon id to 2130837672
W/InputMethodManagerService( 3473): Window already focused, ignoring focus gain of: com.android.internal.view.IInputMethodClient$Stub$Proxy@41a19e10 attribute=null
D/StatusBar.NetworkController( 3547): refreshViews connected={ wifi } level=?? combinedSignalIconId=0x7f0200b0/com.android.systemui:drawable/stat_sys_wifi_signal_3_fully combinedActivityIconId=0x7f0200a8 mobileLabel= wifiLabel=Stuerzel-Net combinedLabel=Stuerzel-Net mAirplaneMode=false mDataActivity=0 mPhoneSignalIconId=0x7f0200a2 mDataDirectionIconId=0x0 mDataSignalIconId=0x7f0200a2 mDataTypeIconId=0x0 mWifiIconId=0x7f0200b0 mBluetoothTetherIconId=0x108054e
D/StatusBar.NetworkController( 3547): refreshViews connected={ wifi } level=?? combinedSignalIconId=0x7f0200b0/com.android.systemui:drawable/stat_sys_wifi_signal_3_fully combinedActivityIconId=0x7f0200a9 mobileLabel= wifiLabel=Stuerzel-Net combinedLabel=Stuerzel-Net mAirplaneMode=false mDataActivity=0 mPhoneSignalIconId=0x7f0200a2 mDataDirectionIconId=0x0 mDataSignalIconId=0x7f0200a2 mDataTypeIconId=0x0 mWifiIconId=0x7f0200b0 mBluetoothTetherIconId=0x108054e
D/StatusBar.NetworkController( 3547): changing data overlay icon id to 2130837673
D/StatusBar.NetworkController( 3547): refreshViews connected={ wifi } level=?? combinedSignalIconId=0x7f0200b0/com.android.systemui:drawable/stat_sys_wifi_signal_3_fully combinedActivityIconId=0x7f0200a8 mobileLabel= wifiLabel=Stuerzel-Net combinedLabel=Stuerzel-Net mAirplaneMode=false mDataActivity=0 mPhoneSignalIconId=0x7f0200a2 mDataDirectionIconId=0x0 mDataSignalIconId=0x7f0200a2 mDataTypeIconId=0x0 mWifiIconId=0x7f0200b0 mBluetoothTetherIconId=0x108054e
D/StatusBar.NetworkController( 3547): changing data overlay icon id to 2130837672
W/InputMethodManagerService( 3473): Window already focused, ignoring focus gain of: com.android.internal.view.IInputMethodClient$Stub$Proxy@41b09db8 attribute=null
D/StatusBar.NetworkController( 3547): refreshViews connected={ wifi } level=?? combinedSignalIconId=0x7f0200b0/com.android.systemui:drawable/stat_sys_wifi_signal_3_fully combinedActivityIconId=0x0 mobileLabel= wifiLabel=Stuerzel-Net combinedLabel=Stuerzel-Net mAirplaneMode=false mDataActivity=0 mPhoneSignalIconId=0x7f0200a2 mDataDirectionIconId=0x0 mDataSignalIconId=0x7f0200a2 mDataTypeIconId=0x0 mWifiIconId=0x7f0200b0 mBluetoothTetherIconId=0x108054e
D/StatusBar.NetworkController( 3547): changing data overlay icon id to 0
D/StatusBar.NetworkController( 3547): refreshViews connected={ wifi } level=?? combinedSignalIconId=0x7f0200b0/com.android.systemui:drawable/stat_sys_wifi_signal_3_fully combinedActivityIconId=0x7f0200a8 mobileLabel= wifiLabel=Stuerzel-Net combinedLabel=Stuerzel-Net mAirplaneMode=false mDataActivity=0 mPhoneSignalIconId=0x7f0200a2 mDataDirectionIconId=0x0 mDataSignalIconId=0x7f0200a2 mDataTypeIconId=0x0 mWifiIconId=0x7f0200b0 mBluetoothTetherIconId=0x108054e
D/StatusBar.NetworkController( 3547): changing data overlay icon id to 2130837672
D/StatusBar.NetworkController( 3547): refreshViews connected={ wifi } level=?? combinedSignalIconId=0x7f0200ae/com.android.systemui:drawable/stat_sys_wifi_signal_2_fully combinedActivityIconId=0x7f0200a8 mobileLabel= wifiLabel=Stuerzel-Net combinedLabel=Stuerzel-Net mAirplaneMode=false mDataActivity=0 mPhoneSignalIconId=0x7f0200a2 mDataDirectionIconId=0x0 mDataSignalIconId=0x7f0200a2 mDataTypeIconId=0x0 mWifiIconId=0x7f0200ae mBluetoothTetherIconId=0x108054e
D/StatusBar.NetworkController( 3547): refreshViews connected={ wifi } level=?? combinedSignalIconId=0x7f0200ae/com.android.systemui:drawable/stat_sys_wifi_signal_2_fully combinedActivityIconId=0x0 mobileLabel= wifiLabel=Stuerzel-Net combinedLabel=Stuerzel-Net mAirplaneMode=false mDataActivity=0 mPhoneSignalIconId=0x7f0200a2 mDataDirectionIconId=0x0 mDataSignalIconId=0x7f0200a2 mDataTypeIconId=0x0 mWifiIconId=0x7f0200ae mBluetoothTetherIconId=0x108054e
D/StatusBar.NetworkController( 3547): changing data overlay icon id to 0
D/StatusBar.NetworkController( 3547): refreshViews connected={ wifi } level=?? combinedSignalIconId=0x7f0200ae/com.android.systemui:drawable/stat_sys_wifi_signal_2_fully combinedActivityIconId=0x7f0200a8 mobileLabel= wifiLabel=Stuerzel-Net combinedLabel=Stuerzel-Net mAirplaneMode=false mDataActivity=0 mPhoneSignalIconId=0x7f0200a2 mDataDirectionIconId=0x0 mDataSignalIconId=0x7f0200a2 mDataTypeIconId=0x0 mWifiIconId=0x7f0200ae mBluetoothTetherIconId=0x108054e
D/StatusBar.NetworkController( 3547): changing data overlay icon id to 2130837672
D/StatusBar.NetworkController( 3547): refreshViews connected={ wifi } level=?? combinedSignalIconId=0x7f0200ae/com.android.systemui:drawable/stat_sys_wifi_signal_2_fully combinedActivityIconId=0x0 mobileLabel= wifiLabel=Stuerzel-Net combinedLabel=Stuerzel-Net mAirplaneMode=false mDataActivity=0 mPhoneSignalIconId=0x7f0200a2 mDataDirectionIconId=0x0 mDataSignalIconId=0x7f0200a2 mDataTypeIconId=0x0 mWifiIconId=0x7f0200ae mBluetoothTetherIconId=0x108054e
D/StatusBar.NetworkController( 3547): changing data overlay icon id to 0
D/StatusBar.NetworkController( 3547): refreshViews connected={ wifi } level=?? combinedSignalIconId=0x7f0200ae/com.android.systemui:drawable/stat_sys_wifi_signal_2_fully combinedActivityIconId=0x7f0200a8 mobileLabel= wifiLabel=Stuerzel-Net combinedLabel=Stuerzel-Net mAirplaneMode=false mDataActivity=0 mPhoneSignalIconId=0x7f0200a2 mDataDirectionIconId=0x0 mDataSignalIconId=0x7f0200a2 mDataTypeIconId=0x0 mWifiIconId=0x7f0200ae mBluetoothTetherIconId=0x108054e
D/StatusBar.NetworkController( 3547): changing data overlay icon id to 2130837672
W/InputMethodManagerService( 3473): Window already focused, ignoring focus gain of: com.android.internal.view.IInputMethodClient$Stub$Proxy@418b1740 attribute=null
D/StatusBar.NetworkController( 3547): refreshViews connected={ wifi } level=?? combinedSignalIconId=0x7f0200ae/com.android.systemui:drawable/stat_sys_wifi_signal_2_fully combinedActivityIconId=0x0 mobileLabel= wifiLabel=Stuerzel-Net combinedLabel=Stuerzel-Net mAirplaneMode=false mDataActivity=0 mPhoneSignalIconId=0x7f0200a2 mDataDirectionIconId=0x0 mDataSignalIconId=0x7f0200a2 mDataTypeIconId=0x0 mWifiIconId=0x7f0200ae mBluetoothTetherIconId=0x108054e
D/StatusBar.NetworkController( 3547): changing data overlay icon id to 0
D/StatusBar.NetworkController( 3547): refreshViews connected={ wifi } level=?? combinedSignalIconId=0x7f0200ae/com.android.systemui:drawable/stat_sys_wifi_signal_2_fully combinedActivityIconId=0x7f0200a8 mobileLabel= wifiLabel=Stuerzel-Net combinedLabel=Stuerzel-Net mAirplaneMode=false mDataActivity=0 mPhoneSignalIconId=0x7f0200a2 mDataDirectionIconId=0x0 mDataSignalIconId=0x7f0200a2 mDataTypeIconId=0x0 mWifiIconId=0x7f0200ae mBluetoothTetherIconId=0x108054e
D/StatusBar.NetworkController( 3547): changing data overlay icon id to 2130837672
W/InputMethodManagerService( 3473): Window already focused, ignoring focus gain of: com.android.internal.view.IInputMethodClient$Stub$Proxy@4180e8c8 attribute=null
D/StatusBar.NetworkController( 3547): refreshViews connected={ wifi } level=?? combinedSignalIconId=0x7f0200ae/com.android.systemui:drawable/stat_sys_wifi_signal_2_fully combinedActivityIconId=0x7f0200a7 mobileLabel= wifiLabel=Stuerzel-Net combinedLabel=Stuerzel-Net mAirplaneMode=false mDataActivity=0 mPhoneSignalIconId=0x7f0200a2 mDataDirectionIconId=0x0 mDataSignalIconId=0x7f0200a2 mDataTypeIconId=0x0 mWifiIconId=0x7f0200ae mBluetoothTetherIconId=0x108054e
D/StatusBar.NetworkController( 3547): changing data overlay icon id to 2130837671
D/StatusBar.NetworkController( 3547): refreshViews connected={ wifi } level=?? combinedSignalIconId=0x7f0200ae/com.android.systemui:drawable/stat_sys_wifi_signal_2_fully combinedActivityIconId=0x7f0200a8 mobileLabel= wifiLabel=Stuerzel-Net combinedLabel=Stuerzel-Net mAirplaneMode=false mDataActivity=0 mPhoneSignalIconId=0x7f0200a2 mDataDirectionIconId=0x0 mDataSignalIconId=0x7f0200a2 mDataTypeIconId=0x0 mWifiIconId=0x7f0200ae mBluetoothTetherIconId=0x108054e
D/StatusBar.NetworkController( 3547): changing data overlay icon id to 2130837672
D/StatusBar.NetworkController( 3547): refreshViews connected={ wifi } level=?? combinedSignalIconId=0x7f0200ae/com.android.systemui:drawable/stat_sys_wifi_signal_2_fully combinedActivityIconId=0x0 mobileLabel= wifiLabel=Stuerzel-Net combinedLabel=Stuerzel-Net mAirplaneMode=false mDataActivity=0 mPhoneSignalIconId=0x7f0200a2 mDataDirectionIconId=0x0 mDataSignalIconId=0x7f0200a2 mDataTypeIconId=0x0 mWifiIconId=0x7f0200ae mBluetoothTetherIconId=0x108054e
D/StatusBar.NetworkController( 3547): changing data overlay icon id to 0
D/StatusBar.NetworkController( 3547): refreshViews connected={ wifi } level=?? combinedSignalIconId=0x7f0200ae/com.android.systemui:drawable/stat_sys_wifi_signal_2_fully combinedActivityIconId=0x7f0200a8 mobileLabel= wifiLabel=Stuerzel-Net combinedLabel=Stuerzel-Net mAirplaneMode=false mDataActivity=0 mPhoneSignalIconId=0x7f0200a2 mDataDirectionIconId=0x0 mDataSignalIconId=0x7f0200a2 mDataTypeIconId=0x0 mWifiIconId=0x7f0200ae mBluetoothTetherIconId=0x108054e
D/StatusBar.NetworkController( 3547): changing data overlay icon id to 2130837672
