D/StatusBar.NetworkController( 3547): refreshViews connected={ wifi } level=?? combinedSignalIconId=0x7f0200ae/com.android.systemui:drawable/stat_sys_wifi_signal_2_fully combinedActivityIconId=0x0 mobileLabel= wifiLabel=Stuerzel-Net combinedLabel=Stuerzel-Net mAirplaneMode=false mDataActivity=0 mPhoneSignalIconId=0x7f0200a2 mDataDirectionIconId=0x0 mDataSignalIconId=0x7f0200a2 mDataTypeIconId=0x0 mWifiIconId=0x7f0200ae mBluetoothTetherIconId=0x108054e
D/StatusBar.NetworkController( 3547): changing data overlay icon id to 0
I/wpa_supplicant( 3763): [CTRL_IFACE]wlan0: SIGNAL_POLL
V/NetworkStatsMonitor( 3473): curDataUsage uidsDir length:11
V/NetworkStatsMonitor( 3473): wifi usage uid:2000, txBytes:3562368, rxBytes:19757249
V/NetworkStatsMonitor( 3473): wifi usage uid:10053, txBytes:12512, rxBytes:1415
V/NetworkStatsMonitor( 3473): wifi usage uid:10027, txBytes:5112, rxBytes:6453
V/NetworkStatsMonitor( 3473): wifi usage uid:10022, txBytes:15090, rxBytes:74788
V/NetworkStatsMonitor( 3473): wifi usage uid:10025, txBytes:360, rxBytes:5837
V/NetworkStatsMonitor( 3473): wifi usage uid:10018, txBytes:860, rxBytes:4492
V/NetworkStatsMonitor( 3473): wifi usage uid:10030, txBytes:463, rxBytes:586
V/NetworkStatsMonitor( 3473): wifi usage uid:10000, txBytes:17804, rxBytes:43978
V/NetworkStatsMonitor( 3473): wifi usage uid:10016, txBytes:1657, rxBytes:8457
V/NetworkStatsMonitor( 3473): wifi usage uid:10003, txBytes:1253, rxBytes:30245
V/NetworkStatsMonitor( 3473): wifi usage uid:1000, txBytes:719, rxBytes:399
D/StatusBar.NetworkController( 3547): refreshViews connected={ wifi } level=?? combinedSignalIconId=0x7f0200ae/com.android.systemui:drawable/stat_sys_wifi_signal_2_fully combinedActivityIconId=0x7f0200a8 mobileLabel= wifiLabel=Stuerzel-Net combinedLabel=Stuerzel-Net mAirplaneMode=false mDataActivity=0 mPhoneSignalIconId=0x7f0200a2 mDataDirectionIconId=0x0 mDataSignalIconId=0x7f0200a2 mDataTypeIconId=0x0 mWifiIconId=0x7f0200ae mBluetoothTetherIconId=0x108054e
D/StatusBar.NetworkController( 3547): changing data overlay icon id to 2130837672
V/NetworkStatsMonitor( 3473): curDataUsage uidsDir length:11
V/NetworkStatsMonitor( 3473): wifi usage uid:2000, txBytes:3564516, rxBytes:19757441
V/NetworkStatsMonitor( 3473): wifi usage uid:10053, txBytes:12512, rxBytes:1415
V/NetworkStatsMonitor( 3473): wifi usage uid:10027, txBytes:5112, rxBytes:6453
V/NetworkStatsMonitor( 3473): wifi usage uid:10022, txBytes:15090, rxBytes:74788
V/NetworkStatsMonitor( 3473): wifi usage uid:10025, txBytes:360, rxBytes:5837
V/NetworkStatsMonitor( 3473): wifi usage uid:10018, txBytes:860, rxBytes:4492
V/NetworkStatsMonitor( 3473): wifi usage uid:10030, txBytes:463, rxBytes:586
V/NetworkStatsMonitor( 3473): wifi usage uid:10000, txBytes:17804, rxBytes:43978
V/NetworkStatsMonitor( 3473): wifi usage uid:10016, txBytes:1657, rxBytes:8457
V/NetworkStatsMonitor( 3473): wifi usage uid:10003, txBytes:1253, rxBytes:30245
V/NetworkStatsMonitor( 3473): wifi usage uid:1000, txBytes:719, rxBytes:399
I/wpa_supplicant( 3763): [CTRL_IFACE]wlan0: SIGNAL_POLL
W/Web Console( 8749): No Content-Security-Policy meta tag found. Please add one when using the cordova-plugin-whitelist plugin. at file:///android_asset/www/plugins/cordova-plugin-whitelist/whitelist.js:25
V/NetworkStatsMonitor( 3473): curDataUsage uidsDir length:11
V/NetworkStatsMonitor( 3473): wifi usage uid:2000, txBytes:3566788, rxBytes:19757748
V/NetworkStatsMonitor( 3473): wifi usage uid:10053, txBytes:12512, rxBytes:1415
V/NetworkStatsMonitor( 3473): wifi usage uid:10027, txBytes:5112, rxBytes:6453
V/NetworkStatsMonitor( 3473): wifi usage uid:10022, txBytes:15090, rxBytes:74788
V/NetworkStatsMonitor( 3473): wifi usage uid:10025, txBytes:360, rxBytes:5837
V/NetworkStatsMonitor( 3473): wifi usage uid:10018, txBytes:860, rxBytes:4492
V/NetworkStatsMonitor( 3473): wifi usage uid:10030, txBytes:463, rxBytes:586
V/NetworkStatsMonitor( 3473): wifi usage uid:10000, txBytes:17804, rxBytes:43978
V/NetworkStatsMonitor( 3473): wifi usage uid:10016, txBytes:1657, rxBytes:8457
V/NetworkStatsMonitor( 3473): wifi usage uid:10003, txBytes:1253, rxBytes:30245
V/NetworkStatsMonitor( 3473): wifi usage uid:1000, txBytes:719, rxBytes:399
I/wpa_supplicant( 3763): [CTRL_IFACE]wlan0: SIGNAL_POLL
V/NetworkStatsMonitor( 3473): curDataUsage uidsDir length:11
V/NetworkStatsMonitor( 3473): wifi usage uid:2000, txBytes:3566904, rxBytes:19757748
V/NetworkStatsMonitor( 3473): wifi usage uid:10053, txBytes:12512, rxBytes:1415
V/NetworkStatsMonitor( 3473): wifi usage uid:10027, txBytes:5112, rxBytes:6453
V/NetworkStatsMonitor( 3473): wifi usage uid:10022, txBytes:15090, rxBytes:74788
V/NetworkStatsMonitor( 3473): wifi usage uid:10025, txBytes:360, rxBytes:5837
V/NetworkStatsMonitor( 3473): wifi usage uid:10018, txBytes:860, rxBytes:4492
V/NetworkStatsMonitor( 3473): wifi usage uid:10030, txBytes:463, rxBytes:586
V/NetworkStatsMonitor( 3473): wifi usage uid:10000, txBytes:17804, rxBytes:43978
V/NetworkStatsMonitor( 3473): wifi usage uid:10016, txBytes:1657, rxBytes:8457
V/NetworkStatsMonitor( 3473): wifi usage uid:10003, txBytes:1253, rxBytes:30245
V/NetworkStatsMonitor( 3473): wifi usage uid:1000, txBytes:719, rxBytes:399
D/StatusBar.NetworkController( 3547): refreshViews connected={ wifi } level=?? combinedSignalIconId=0x7f0200ae/com.android.systemui:drawable/stat_sys_wifi_signal_2_fully combinedActivityIconId=0x0 mobileLabel= wifiLabel=Stuerzel-Net combinedLabel=Stuerzel-Net mAirplaneMode=false mDataActivity=0 mPhoneSignalIconId=0x7f0200a2 mDataDirectionIconId=0x0 mDataSignalIconId=0x7f0200a2 mDataTypeIconId=0x0 mWifiIconId=0x7f0200ae mBluetoothTetherIconId=0x108054e
D/StatusBar.NetworkController( 3547): changing data overlay icon id to 0
V/NetworkStatsMonitor( 3473): curDataUsage uidsDir length:11
V/NetworkStatsMonitor( 3473): wifi usage uid:2000, txBytes:3570505, rxBytes:19757887
V/NetworkStatsMonitor( 3473): wifi usage uid:10053, txBytes:12512, rxBytes:1415
V/NetworkStatsMonitor( 3473): wifi usage uid:10027, txBytes:5112, rxBytes:6453
V/NetworkStatsMonitor( 3473): wifi usage uid:10022, txBytes:15090, rxBytes:74788
V/NetworkStatsMonitor( 3473): wifi usage uid:10025, txBytes:360, rxBytes:5837
V/NetworkStatsMonitor( 3473): wifi usage uid:10018, txBytes:860, rxBytes:4492
V/NetworkStatsMonitor( 3473): wifi usage uid:10030, txBytes:463, rxBytes:586
V/NetworkStatsMonitor( 3473): wifi usage uid:10000, txBytes:17804, rxBytes:43978
V/NetworkStatsMonitor( 3473): wifi usage uid:10016, txBytes:1657, rxBytes:8457
V/NetworkStatsMonitor( 3473): wifi usage uid:10003, txBytes:1253, rxBytes:30245
V/NetworkStatsMonitor( 3473): wifi usage uid:1000, txBytes:719, rxBytes:399
D/StatusBar.NetworkController( 3547): refreshViews connected={ wifi } level=?? combinedSignalIconId=0x7f0200ae/com.android.systemui:drawable/stat_sys_wifi_signal_2_fully combinedActivityIconId=0x7f0200a8 mobileLabel= wifiLabel=Stuerzel-Net combinedLabel=Stuerzel-Net mAirplaneMode=false mDataActivity=0 mPhoneSignalIconId=0x7f0200a2 mDataDirectionIconId=0x0 mDataSignalIconId=0x7f0200a2 mDataTypeIconId=0x0 mWifiIconId=0x7f0200ae mBluetoothTetherIconId=0x108054e
D/StatusBar.NetworkController( 3547): changing data overlay icon id to 2130837672
I/wpa_supplicant( 3763): [CTRL_IFACE]wlan0: SIGNAL_POLL
V/NetworkStatsMonitor( 3473): curDataUsage uidsDir length:11
V/NetworkStatsMonitor( 3473): wifi usage uid:2000, txBytes:3572674, rxBytes:19758055
V/NetworkStatsMonitor( 3473): wifi usage uid:10053, txBytes:12512, rxBytes:1415
V/NetworkStatsMonitor( 3473): wifi usage uid:10027, txBytes:5112, rxBytes:6453
V/NetworkStatsMonitor( 3473): wifi usage uid:10022, txBytes:15090, rxBytes:74788
V/NetworkStatsMonitor( 3473): wifi usage uid:10025, txBytes:360, rxBytes:5837
V/NetworkStatsMonitor( 3473): wifi usage uid:10018, txBytes:860, rxBytes:4492
V/NetworkStatsMonitor( 3473): wifi usage uid:10030, txBytes:463, rxBytes:586
V/NetworkStatsMonitor( 3473): wifi usage uid:10000, txBytes:17804, rxBytes:43978
V/NetworkStatsMonitor( 3473): wifi usage uid:10016, txBytes:1657, rxBytes:8457
V/NetworkStatsMonitor( 3473): wifi usage uid:10003, txBytes:1253, rxBytes:30245
V/NetworkStatsMonitor( 3473): wifi usage uid:1000, txBytes:719, rxBytes:399
D/StatusBar.NetworkController( 3547): refreshViews connected={ wifi } level=?? combinedSignalIconId=0x7f0200ae/com.android.systemui:drawable/stat_sys_wifi_signal_2_fully combinedActivityIconId=0x0 mobileLabel= wifiLabel=Stuerzel-Net combinedLabel=Stuerzel-Net mAirplaneMode=false mDataActivity=0 mPhoneSignalIconId=0x7f0200a2 mDataDirectionIconId=0x0 mDataSignalIconId=0x7f0200a2 mDataTypeIconId=0x0 mWifiIconId=0x7f0200ae mBluetoothTetherIconId=0x108054e
D/StatusBar.NetworkController( 3547): changing data overlay icon id to 0
I/wpa_supplicant( 3763): [CTRL_IFACE]wlan0: SIGNAL_POLL
V/NetworkStatsMonitor( 3473): curDataUsage uidsDir length:11
V/NetworkStatsMonitor( 3473): wifi usage uid:2000, txBytes:3575156, rxBytes:19758242
V/NetworkStatsMonitor( 3473): wifi usage uid:10053, txBytes:12512, rxBytes:1415
V/NetworkStatsMonitor( 3473): wifi usage uid:10027, txBytes:5112, rxBytes:6453
V/NetworkStatsMonitor( 3473): wifi usage uid:10022, txBytes:15090, rxBytes:74788
V/NetworkStatsMonitor( 3473): wifi usage uid:10025, txBytes:360, rxBytes:5837
V/NetworkStatsMonitor( 3473): wifi usage uid:10018, txBytes:860, rxBytes:4492
V/NetworkStatsMonitor( 3473): wifi usage uid:10030, txBytes:463, rxBytes:586
V/NetworkStatsMonitor( 3473): wifi usage uid:10000, txBytes:17804, rxBytes:43978
V/NetworkStatsMonitor( 3473): wifi usage uid:10016, txBytes:1657, rxBytes:8457
V/NetworkStatsMonitor( 3473): wifi usage uid:10003, txBytes:1253, rxBytes:30245
V/NetworkStatsMonitor( 3473): wifi usage uid:1000, txBytes:719, rxBytes:399
D/StatusBar.NetworkController( 3547): refreshViews connected={ wifi } level=?? combinedSignalIconId=0x7f0200ae/com.android.systemui:drawable/stat_sys_wifi_signal_2_fully combinedActivityIconId=0x7f0200a8 mobileLabel= wifiLabel=Stuerzel-Net combinedLabel=Stuerzel-Net mAirplaneMode=false mDataActivity=0 mPhoneSignalIconId=0x7f0200a2 mDataDirectionIconId=0x0 mDataSignalIconId=0x7f0200a2 mDataTypeIconId=0x0 mWifiIconId=0x7f0200ae mBluetoothTetherIconId=0x108054e
D/StatusBar.NetworkController( 3547): changing data overlay icon id to 2130837672
W/Web Console( 8749): No Content-Security-Policy meta tag found. Please add one when using the cordova-plugin-whitelist plugin. at file:///android_asset/www/plugins/cordova-plugin-whitelist/whitelist.js:25
V/NetworkStatsMonitor( 3473): curDataUsage uidsDir length:11
V/NetworkStatsMonitor( 3473): wifi usage uid:2000, txBytes:3577427, rxBytes:19758362
V/NetworkStatsMonitor( 3473): wifi usage uid:10053, txBytes:12512, rxBytes:1415
V/NetworkStatsMonitor( 3473): wifi usage uid:10027, txBytes:5112, rxBytes:6453
V/NetworkStatsMonitor( 3473): wifi usage uid:10022, txBytes:15090, rxBytes:74788
V/NetworkStatsMonitor( 3473): wifi usage uid:10025, txBytes:360, rxBytes:5837
V/NetworkStatsMonitor( 3473): wifi usage uid:10018, txBytes:860, rxBytes:4492
V/NetworkStatsMonitor( 3473): wifi usage uid:10030, txBytes:463, rxBytes:586
V/NetworkStatsMonitor( 3473): wifi usage uid:10000, txBytes:17804, rxBytes:43978
V/NetworkStatsMonitor( 3473): wifi usage uid:10016, txBytes:1657, rxBytes:8457
V/NetworkStatsMonitor( 3473): wifi usage uid:10003, txBytes:1253, rxBytes:30245
V/NetworkStatsMonitor( 3473): wifi usage uid:1000, txBytes:719, rxBytes:399
I/wpa_supplicant( 3763): [CTRL_IFACE]wlan0: SIGNAL_POLL
V/NetworkStatsMonitor( 3473): curDataUsage uidsDir length:11
V/NetworkStatsMonitor( 3473): wifi usage uid:2000, txBytes:3579390, rxBytes:19758621
V/NetworkStatsMonitor( 3473): wifi usage uid:10053, txBytes:12512, rxBytes:1415
V/NetworkStatsMonitor( 3473): wifi usage uid:10027, txBytes:5112, rxBytes:6453
V/NetworkStatsMonitor( 3473): wifi usage uid:10022, txBytes:15090, rxBytes:74788
V/NetworkStatsMonitor( 3473): wifi usage uid:10025, txBytes:360, rxBytes:5837
V/NetworkStatsMonitor( 3473): wifi usage uid:10018, txBytes:860, rxBytes:4492
V/NetworkStatsMonitor( 3473): wifi usage uid:10030, txBytes:463, rxBytes:586
V/NetworkStatsMonitor( 3473): wifi usage uid:10000, txBytes:17804, rxBytes:43978
V/NetworkStatsMonitor( 3473): wifi usage uid:10016, txBytes:1657, rxBytes:8457
V/NetworkStatsMonitor( 3473): wifi usage uid:10003, txBytes:1253, rxBytes:30245
V/NetworkStatsMonitor( 3473): wifi usage uid:1000, txBytes:719, rxBytes:399
D/StatusBar.NetworkController( 3547): refreshViews connected={ wifi } level=?? combinedSignalIconId=0x7f0200ae/com.android.systemui:drawable/stat_sys_wifi_signal_2_fully combinedActivityIconId=0x7f0200a9 mobileLabel= wifiLabel=Stuerzel-Net combinedLabel=Stuerzel-Net mAirplaneMode=false mDataActivity=0 mPhoneSignalIconId=0x7f0200a2 mDataDirectionIconId=0x0 mDataSignalIconId=0x7f0200a2 mDataTypeIconId=0x0 mWifiIconId=0x7f0200ae mBluetoothTetherIconId=0x108054e
D/StatusBar.NetworkController( 3547): changing data overlay icon id to 2130837673
I/wpa_supplicant( 3763): [CTRL_IFACE]wlan0: SIGNAL_POLL
V/NetworkStatsMonitor( 3473): curDataUsage uidsDir length:11
V/NetworkStatsMonitor( 3473): wifi usage uid:2000, txBytes:3581383, rxBytes:19758789
V/NetworkStatsMonitor( 3473): wifi usage uid:10053, txBytes:12512, rxBytes:1415
V/NetworkStatsMonitor( 3473): wifi usage uid:10027, txBytes:5112, rxBytes:6453
V/NetworkStatsMonitor( 3473): wifi usage uid:10022, txBytes:15090, rxBytes:74788
V/NetworkStatsMonitor( 3473): wifi usage uid:10025, txBytes:360, rxBytes:5837
V/NetworkStatsMonitor( 3473): wifi usage uid:10018, txBytes:860, rxBytes:4492
V/NetworkStatsMonitor( 3473): wifi usage uid:10030, txBytes:463, rxBytes:586
V/NetworkStatsMonitor( 3473): wifi usage uid:10000, txBytes:17804, rxBytes:43978
V/NetworkStatsMonitor( 3473): wifi usage uid:10016, txBytes:1657, rxBytes:8457
V/NetworkStatsMonitor( 3473): wifi usage uid:10003, txBytes:1253, rxBytes:30245
V/NetworkStatsMonitor( 3473): wifi usage uid:1000, txBytes:719, rxBytes:399
D/StatusBar.NetworkController( 3547): refreshViews connected={ wifi } level=?? combinedSignalIconId=0x7f0200ae/com.android.systemui:drawable/stat_sys_wifi_signal_2_fully combinedActivityIconId=0x7f0200a8 mobileLabel= wifiLabel=Stuerzel-Net combinedLabel=Stuerzel-Net mAirplaneMode=false mDataActivity=0 mPhoneSignalIconId=0x7f0200a2 mDataDirectionIconId=0x0 mDataSignalIconId=0x7f0200a2 mDataTypeIconId=0x0 mWifiIconId=0x7f0200ae mBluetoothTetherIconId=0x108054e
D/StatusBar.NetworkController( 3547): changing data overlay icon id to 2130837672
V/NetworkStatsMonitor( 3473): curDataUsage uidsDir length:11
V/NetworkStatsMonitor( 3473): wifi usage uid:2000, txBytes:3583946, rxBytes:19758952
V/NetworkStatsMonitor( 3473): wifi usage uid:10053, txBytes:12512, rxBytes:1415
V/NetworkStatsMonitor( 3473): wifi usage uid:10027, txBytes:5112, rxBytes:6453
V/NetworkStatsMonitor( 3473): wifi usage uid:10022, txBytes:15090, rxBytes:74788
V/NetworkStatsMonitor( 3473): wifi usage uid:10025, txBytes:360, rxBytes:5837
V/NetworkStatsMonitor( 3473): wifi usage uid:10018, txBytes:860, rxBytes:4492
V/NetworkStatsMonitor( 3473): wifi usage uid:10030, txBytes:463, rxBytes:586
V/NetworkStatsMonitor( 3473): wifi usage uid:10000, txBytes:17804, rxBytes:43978
V/NetworkStatsMonitor( 3473): wifi usage uid:10016, txBytes:1657, rxBytes:8457
V/NetworkStatsMonitor( 3473): wifi usage uid:10003, txBytes:1253, rxBytes:30245
V/NetworkStatsMonitor( 3473): wifi usage uid:1000, txBytes:719, rxBytes:399
I/wpa_supplicant( 3763): [CTRL_IFACE]wlan0: SIGNAL_POLL
V/NetworkStatsMonitor( 3473): curDataUsage uidsDir length:11
V/NetworkStatsMonitor( 3473): wifi usage uid:2000, txBytes:3585460, rxBytes:19759072
V/NetworkStatsMonitor( 3473): wifi usage uid:10053, txBytes:12512, rxBytes:1415
V/NetworkStatsMonitor( 3473): wifi usage uid:10027, txBytes:5112, rxBytes:6453
V/NetworkStatsMonitor( 3473): wifi usage uid:10022, txBytes:15090, rxBytes:74788
V/NetworkStatsMonitor( 3473): wifi usage uid:10025, txBytes:360, rxBytes:5837
V/NetworkStatsMonitor( 3473): wifi usage uid:10018, txBytes:860, rxBytes:4492
V/NetworkStatsMonitor( 3473): wifi usage uid:10030, txBytes:463, rxBytes:586
V/NetworkStatsMonitor( 3473): wifi usage uid:10000, txBytes:17804, rxBytes:43978
V/NetworkStatsMonitor( 3473): wifi usage uid:10016, txBytes:1657, rxBytes:8457
V/NetworkStatsMonitor( 3473): wifi usage uid:10003, txBytes:1253, rxBytes:30245
V/NetworkStatsMonitor( 3473): wifi usage uid:1000, txBytes:719, rxBytes:399
W/Web Console( 8749): No Content-Security-Policy meta tag found. Please add one when using the cordova-plugin-whitelist plugin. at file:///android_asset/www/plugins/cordova-plugin-whitelist/whitelist.js:25
I/wpa_supplicant( 3763): [CTRL_IFACE]wlan0: SIGNAL_POLL
V/NetworkStatsMonitor( 3473): curDataUsage uidsDir length:11
V/NetworkStatsMonitor( 3473): wifi usage uid:2000, txBytes:3587684, rxBytes:19759355
V/NetworkStatsMonitor( 3473): wifi usage uid:10053, txBytes:12512, rxBytes:1415
V/NetworkStatsMonitor( 3473): wifi usage uid:10027, txBytes:5112, rxBytes:6453
V/NetworkStatsMonitor( 3473): wifi usage uid:10022, txBytes:15090, rxBytes:74788
V/NetworkStatsMonitor( 3473): wifi usage uid:10025, txBytes:360, rxBytes:5837
V/NetworkStatsMonitor( 3473): wifi usage uid:10018, txBytes:860, rxBytes:4492
V/NetworkStatsMonitor( 3473): wifi usage uid:10030, txBytes:463, rxBytes:586
V/NetworkStatsMonitor( 3473): wifi usage uid:10000, txBytes:17804, rxBytes:43978
V/NetworkStatsMonitor( 3473): wifi usage uid:10016, txBytes:1657, rxBytes:8457
V/NetworkStatsMonitor( 3473): wifi usage uid:10003, txBytes:1253, rxBytes:30245
V/NetworkStatsMonitor( 3473): wifi usage uid:1000, txBytes:719, rxBytes:399
D/StatusBar.NetworkController( 3547): refreshViews connected={ wifi } level=?? combinedSignalIconId=0x7f0200ae/com.android.systemui:drawable/stat_sys_wifi_signal_2_fully combinedActivityIconId=0x0 mobileLabel= wifiLabel=Stuerzel-Net combinedLabel=Stuerzel-Net mAirplaneMode=false mDataActivity=0 mPhoneSignalIconId=0x7f0200a2 mDataDirectionIconId=0x0 mDataSignalIconId=0x7f0200a2 mDataTypeIconId=0x0 mWifiIconId=0x7f0200ae mBluetoothTetherIconId=0x108054e
D/StatusBar.NetworkController( 3547): changing data overlay icon id to 0
V/NetworkStatsMonitor( 3473): curDataUsage uidsDir length:11
V/NetworkStatsMonitor( 3473): wifi usage uid:2000, txBytes:3589798, rxBytes:19759571
V/NetworkStatsMonitor( 3473): wifi usage uid:10053, txBytes:12512, rxBytes:1415
V/NetworkStatsMonitor( 3473): wifi usage uid:10027, txBytes:5112, rxBytes:6453
V/NetworkStatsMonitor( 3473): wifi usage uid:10022, txBytes:15090, rxBytes:74788
V/NetworkStatsMonitor( 3473): wifi usage uid:10025, txBytes:360, rxBytes:5837
V/NetworkStatsMonitor( 3473): wifi usage uid:10018, txBytes:860, rxBytes:4492
V/NetworkStatsMonitor( 3473): wifi usage uid:10030, txBytes:463, rxBytes:586
V/NetworkStatsMonitor( 3473): wifi usage uid:10000, txBytes:17804, rxBytes:43978
V/NetworkStatsMonitor( 3473): wifi usage uid:10016, txBytes:1657, rxBytes:8457
V/NetworkStatsMonitor( 3473): wifi usage uid:10003, txBytes:1253, rxBytes:30245
V/NetworkStatsMonitor( 3473): wifi usage uid:1000, txBytes:719, rxBytes:399
I/wpa_supplicant( 3763): [CTRL_IFACE]wlan0: SIGNAL_POLL
D/StatusBar.NetworkController( 3547): refreshViews connected={ wifi } level=?? combinedSignalIconId=0x7f0200ae/com.android.systemui:drawable/stat_sys_wifi_signal_2_fully combinedActivityIconId=0x7f0200a8 mobileLabel= wifiLabel=Stuerzel-Net combinedLabel=Stuerzel-Net mAirplaneMode=false mDataActivity=0 mPhoneSignalIconId=0x7f0200a2 mDataDirectionIconId=0x0 mDataSignalIconId=0x7f0200a2 mDataTypeIconId=0x0 mWifiIconId=0x7f0200ae mBluetoothTetherIconId=0x108054e
D/StatusBar.NetworkController( 3547): changing data overlay icon id to 2130837672
V/NetworkStatsMonitor( 3473): curDataUsage uidsDir length:11
V/NetworkStatsMonitor( 3473): wifi usage uid:2000, txBytes:3592320, rxBytes:19759782
V/NetworkStatsMonitor( 3473): wifi usage uid:10053, txBytes:12512, rxBytes:1415
V/NetworkStatsMonitor( 3473): wifi usage uid:10027, txBytes:5112, rxBytes:6453
V/NetworkStatsMonitor( 3473): wifi usage uid:10022, txBytes:15090, rxBytes:74788
V/NetworkStatsMonitor( 3473): wifi usage uid:10025, txBytes:360, rxBytes:5837
V/NetworkStatsMonitor( 3473): wifi usage uid:10018, txBytes:860, rxBytes:4492
V/NetworkStatsMonitor( 3473): wifi usage uid:10030, txBytes:463, rxBytes:586
V/NetworkStatsMonitor( 3473): wifi usage uid:10000, txBytes:17804, rxBytes:43978
V/NetworkStatsMonitor( 3473): wifi usage uid:10016, txBytes:1657, rxBytes:8457
V/NetworkStatsMonitor( 3473): wifi usage uid:10003, txBytes:1253, rxBytes:30245
V/NetworkStatsMonitor( 3473): wifi usage uid:1000, txBytes:719, rxBytes:399
I/wpa_supplicant( 3763): [CTRL_IFACE]wlan0: SIGNAL_POLL
V/NetworkStatsMonitor( 3473): curDataUsage uidsDir length:11
V/NetworkStatsMonitor( 3473): wifi usage uid:2000, txBytes:3593786, rxBytes:19759854
V/NetworkStatsMonitor( 3473): wifi usage uid:10053, txBytes:12512, rxBytes:1415
V/NetworkStatsMonitor( 3473): wifi usage uid:10027, txBytes:5112, rxBytes:6453
V/NetworkStatsMonitor( 3473): wifi usage uid:10022, txBytes:15090, rxBytes:74788
V/NetworkStatsMonitor( 3473): wifi usage uid:10025, txBytes:360, rxBytes:5837
V/NetworkStatsMonitor( 3473): wifi usage uid:10018, txBytes:860, rxBytes:4492
V/NetworkStatsMonitor( 3473): wifi usage uid:10030, txBytes:463, rxBytes:586
V/NetworkStatsMonitor( 3473): wifi usage uid:10000, txBytes:17804, rxBytes:43978
V/NetworkStatsMonitor( 3473): wifi usage uid:10016, txBytes:1657, rxBytes:8457
V/NetworkStatsMonitor( 3473): wifi usage uid:10003, txBytes:1253, rxBytes:30245
V/NetworkStatsMonitor( 3473): wifi usage uid:1000, txBytes:719, rxBytes:399
V/NetworkStatsMonitor( 3473): curDataUsage uidsDir length:11
V/NetworkStatsMonitor( 3473): wifi usage uid:2000, txBytes:3595662, rxBytes:19760113
V/NetworkStatsMonitor( 3473): wifi usage uid:10053, txBytes:12512, rxBytes:1415
V/NetworkStatsMonitor( 3473): wifi usage uid:10027, txBytes:5112, rxBytes:6453
V/NetworkStatsMonitor( 3473): wifi usage uid:10022, txBytes:15090, rxBytes:74788
V/NetworkStatsMonitor( 3473): wifi usage uid:10025, txBytes:360, rxBytes:5837
V/NetworkStatsMonitor( 3473): wifi usage uid:10018, txBytes:860, rxBytes:4492
V/NetworkStatsMonitor( 3473): wifi usage uid:10030, txBytes:463, rxBytes:586
V/NetworkStatsMonitor( 3473): wifi usage uid:10000, txBytes:17804, rxBytes:43978
V/NetworkStatsMonitor( 3473): wifi usage uid:10016, txBytes:1657, rxBytes:8457
V/NetworkStatsMonitor( 3473): wifi usage uid:10003, txBytes:1253, rxBytes:30245
V/NetworkStatsMonitor( 3473): wifi usage uid:1000, txBytes:719, rxBytes:399
I/wpa_supplicant( 3763): [CTRL_IFACE]wlan0: SIGNAL_POLL
W/Web Console( 8749): No Content-Security-Policy meta tag found. Please add one when using the cordova-plugin-whitelist plugin. at file:///android_asset/www/plugins/cordova-plugin-whitelist/whitelist.js:25
D/StatusBar.NetworkController( 3547): refreshViews connected={ wifi } level=?? combinedSignalIconId=0x7f0200ae/com.android.systemui:drawable/stat_sys_wifi_signal_2_fully combinedActivityIconId=0x0 mobileLabel= wifiLabel=Stuerzel-Net combinedLabel=Stuerzel-Net mAirplaneMode=false mDataActivity=0 mPhoneSignalIconId=0x7f0200a2 mDataDirectionIconId=0x0 mDataSignalIconId=0x7f0200a2 mDataTypeIconId=0x0 mWifiIconId=0x7f0200ae mBluetoothTetherIconId=0x108054e
D/StatusBar.NetworkController( 3547): changing data overlay icon id to 0
V/NetworkStatsMonitor( 3473): curDataUsage uidsDir length:11
V/NetworkStatsMonitor( 3473): wifi usage uid:2000, txBytes:3598220, rxBytes:19760449
V/NetworkStatsMonitor( 3473): wifi usage uid:10053, txBytes:12512, rxBytes:1415
V/NetworkStatsMonitor( 3473): wifi usage uid:10027, txBytes:5112, rxBytes:6453
V/NetworkStatsMonitor( 3473): wifi usage uid:10022, txBytes:15090, rxBytes:74788
V/NetworkStatsMonitor( 3473): wifi usage uid:10025, txBytes:360, rxBytes:5837
V/NetworkStatsMonitor( 3473): wifi usage uid:10018, txBytes:860, rxBytes:4492
V/NetworkStatsMonitor( 3473): wifi usage uid:10030, txBytes:463, rxBytes:586
V/NetworkStatsMonitor( 3473): wifi usage uid:10000, txBytes:17804, rxBytes:43978
V/NetworkStatsMonitor( 3473): wifi usage uid:10016, txBytes:1657, rxBytes:8457
V/NetworkStatsMonitor( 3473): wifi usage uid:10003, txBytes:1253, rxBytes:30245
V/NetworkStatsMonitor( 3473): wifi usage uid:1000, txBytes:719, rxBytes:399
D/StatusBar.NetworkController( 3547): refreshViews connected={ wifi } level=?? combinedSignalIconId=0x7f0200ae/com.android.systemui:drawable/stat_sys_wifi_signal_2_fully combinedActivityIconId=0x7f0200a8 mobileLabel= wifiLabel=Stuerzel-Net combinedLabel=Stuerzel-Net mAirplaneMode=false mDataActivity=0 mPhoneSignalIconId=0x7f0200a2 mDataDirectionIconId=0x0 mDataSignalIconId=0x7f0200a2 mDataTypeIconId=0x0 mWifiIconId=0x7f0200ae mBluetoothTetherIconId=0x108054e
D/StatusBar.NetworkController( 3547): changing data overlay icon id to 2130837672
I/wpa_supplicant( 3763): [CTRL_IFACE]wlan0: SIGNAL_POLL
V/NetworkStatsMonitor( 3473): curDataUsage uidsDir length:11
V/NetworkStatsMonitor( 3473): wifi usage uid:2000, txBytes:3600718, rxBytes:19760636
V/NetworkStatsMonitor( 3473): wifi usage uid:10053, txBytes:12512, rxBytes:1415
V/NetworkStatsMonitor( 3473): wifi usage uid:10027, txBytes:5112, rxBytes:6453
V/NetworkStatsMonitor( 3473): wifi usage uid:10022, txBytes:15090, rxBytes:74788
V/NetworkStatsMonitor( 3473): wifi usage uid:10025, txBytes:360, rxBytes:5837
V/NetworkStatsMonitor( 3473): wifi usage uid:10018, txBytes:860, rxBytes:4492
V/NetworkStatsMonitor( 3473): wifi usage uid:10030, txBytes:463, rxBytes:586
V/NetworkStatsMonitor( 3473): wifi usage uid:10000, txBytes:17804, rxBytes:43978
V/NetworkStatsMonitor( 3473): wifi usage uid:10016, txBytes:1657, rxBytes:8457
V/NetworkStatsMonitor( 3473): wifi usage uid:10003, txBytes:1253, rxBytes:30245
V/NetworkStatsMonitor( 3473): wifi usage uid:1000, txBytes:719, rxBytes:399
D/StatusBar.NetworkController( 3547): refreshViews connected={ wifi } level=?? combinedSignalIconId=0x7f0200ae/com.android.systemui:drawable/stat_sys_wifi_signal_2_fully combinedActivityIconId=0x0 mobileLabel= wifiLabel=Stuerzel-Net combinedLabel=Stuerzel-Net mAirplaneMode=false mDataActivity=0 mPhoneSignalIconId=0x7f0200a2 mDataDirectionIconId=0x0 mDataSignalIconId=0x7f0200a2 mDataTypeIconId=0x0 mWifiIconId=0x7f0200ae mBluetoothTetherIconId=0x108054e
D/StatusBar.NetworkController( 3547): changing data overlay icon id to 0
V/NetworkStatsMonitor( 3473): curDataUsage uidsDir length:11
V/NetworkStatsMonitor( 3473): wifi usage uid:2000, txBytes:3602904, rxBytes:19760924
V/NetworkStatsMonitor( 3473): wifi usage uid:10053, txBytes:12512, rxBytes:1415
V/NetworkStatsMonitor( 3473): wifi usage uid:10027, txBytes:5112, rxBytes:6453
V/NetworkStatsMonitor( 3473): wifi usage uid:10022, txBytes:15090, rxBytes:74788
V/NetworkStatsMonitor( 3473): wifi usage uid:10025, txBytes:360, rxBytes:5837
V/NetworkStatsMonitor( 3473): wifi usage uid:10018, txBytes:860, rxBytes:4492
V/NetworkStatsMonitor( 3473): wifi usage uid:10030, txBytes:463, rxBytes:586
V/NetworkStatsMonitor( 3473): wifi usage uid:10000, txBytes:17804, rxBytes:43978
V/NetworkStatsMonitor( 3473): wifi usage uid:10016, txBytes:1657, rxBytes:8457
V/NetworkStatsMonitor( 3473): wifi usage uid:10003, txBytes:1253, rxBytes:30245
V/NetworkStatsMonitor( 3473): wifi usage uid:1000, txBytes:719, rxBytes:399
I/wpa_supplicant( 3763): [CTRL_IFACE]wlan0: SIGNAL_POLL
D/StatusBar.NetworkController( 3547): refreshViews connected={ wifi } level=?? combinedSignalIconId=0x7f0200ae/com.android.systemui:drawable/stat_sys_wifi_signal_2_fully combinedActivityIconId=0x7f0200a8 mobileLabel= wifiLabel=Stuerzel-Net combinedLabel=Stuerzel-Net mAirplaneMode=false mDataActivity=0 mPhoneSignalIconId=0x7f0200a2 mDataDirectionIconId=0x0 mDataSignalIconId=0x7f0200a2 mDataTypeIconId=0x0 mWifiIconId=0x7f0200ae mBluetoothTetherIconId=0x108054e
D/StatusBar.NetworkController( 3547): changing data overlay icon id to 2130837672
V/NetworkStatsMonitor( 3473): curDataUsage uidsDir length:11
V/NetworkStatsMonitor( 3473): wifi usage uid:2000, txBytes:3605402, rxBytes:19761111
V/NetworkStatsMonitor( 3473): wifi usage uid:10053, txBytes:12512, rxBytes:1415
V/NetworkStatsMonitor( 3473): wifi usage uid:10027, txBytes:5112, rxBytes:6453
V/NetworkStatsMonitor( 3473): wifi usage uid:10022, txBytes:15090, rxBytes:74788
V/NetworkStatsMonitor( 3473): wifi usage uid:10025, txBytes:360, rxBytes:5837
V/NetworkStatsMonitor( 3473): wifi usage uid:10018, txBytes:860, rxBytes:4492
V/NetworkStatsMonitor( 3473): wifi usage uid:10030, txBytes:463, rxBytes:586
V/NetworkStatsMonitor( 3473): wifi usage uid:10000, txBytes:17804, rxBytes:43978
V/NetworkStatsMonitor( 3473): wifi usage uid:10016, txBytes:1657, rxBytes:8457
V/NetworkStatsMonitor( 3473): wifi usage uid:10003, txBytes:1253, rxBytes:30245
V/NetworkStatsMonitor( 3473): wifi usage uid:1000, txBytes:719, rxBytes:399
I/wpa_supplicant( 3763): [CTRL_IFACE]wlan0: SIGNAL_POLL
V/NetworkStatsMonitor( 3473): curDataUsage uidsDir length:11
V/NetworkStatsMonitor( 3473): wifi usage uid:2000, txBytes:3606868, rxBytes:19761183
V/NetworkStatsMonitor( 3473): wifi usage uid:10053, txBytes:12512, rxBytes:1415
V/NetworkStatsMonitor( 3473): wifi usage uid:10027, txBytes:5112, rxBytes:6453
V/NetworkStatsMonitor( 3473): wifi usage uid:10022, txBytes:15090, rxBytes:74788
V/NetworkStatsMonitor( 3473): wifi usage uid:10025, txBytes:360, rxBytes:5837
V/NetworkStatsMonitor( 3473): wifi usage uid:10018, txBytes:860, rxBytes:4492
V/NetworkStatsMonitor( 3473): wifi usage uid:10030, txBytes:463, rxBytes:586
V/NetworkStatsMonitor( 3473): wifi usage uid:10000, txBytes:17804, rxBytes:43978
V/NetworkStatsMonitor( 3473): wifi usage uid:10016, txBytes:1657, rxBytes:8457
V/NetworkStatsMonitor( 3473): wifi usage uid:10003, txBytes:1253, rxBytes:30245
V/NetworkStatsMonitor( 3473): wifi usage uid:1000, txBytes:719, rxBytes:399
W/Web Console( 8749): No Content-Security-Policy meta tag found. Please add one when using the cordova-plugin-whitelist plugin. at file:///android_asset/www/plugins/cordova-plugin-whitelist/whitelist.js:25
V/NetworkStatsMonitor( 3473): curDataUsage uidsDir length:11
V/NetworkStatsMonitor( 3473): wifi usage uid:2000, txBytes:3608981, rxBytes:19761442
V/NetworkStatsMonitor( 3473): wifi usage uid:10053, txBytes:12512, rxBytes:1415
V/NetworkStatsMonitor( 3473): wifi usage uid:10027, txBytes:5112, rxBytes:6453
V/NetworkStatsMonitor( 3473): wifi usage uid:10022, txBytes:15090, rxBytes:74788
V/NetworkStatsMonitor( 3473): wifi usage uid:10025, txBytes:360, rxBytes:5837
V/NetworkStatsMonitor( 3473): wifi usage uid:10018, txBytes:860, rxBytes:4492
V/NetworkStatsMonitor( 3473): wifi usage uid:10030, txBytes:463, rxBytes:586
V/NetworkStatsMonitor( 3473): wifi usage uid:10000, txBytes:17804, rxBytes:43978
I/wpa_supplicant( 3763): [CTRL_IFACE]wlan0: SIGNAL_POLL
V/NetworkStatsMonitor( 3473): wifi usage uid:10016, txBytes:1657, rxBytes:8457
V/NetworkStatsMonitor( 3473): wifi usage uid:10003, txBytes:1253, rxBytes:30245
V/NetworkStatsMonitor( 3473): wifi usage uid:1000, txBytes:719, rxBytes:399
D/StatusBar.NetworkController( 3547): refreshViews connected={ wifi } level=?? combinedSignalIconId=0x7f0200ae/com.android.systemui:drawable/stat_sys_wifi_signal_2_fully combinedActivityIconId=0x0 mobileLabel= wifiLabel=Stuerzel-Net combinedLabel=Stuerzel-Net mAirplaneMode=false mDataActivity=0 mPhoneSignalIconId=0x7f0200a2 mDataDirectionIconId=0x0 mDataSignalIconId=0x7f0200a2 mDataTypeIconId=0x0 mWifiIconId=0x7f0200ae mBluetoothTetherIconId=0x108054e
D/StatusBar.NetworkController( 3547): changing data overlay icon id to 0
V/NetworkStatsMonitor( 3473): curDataUsage uidsDir length:11
V/NetworkStatsMonitor( 3473): wifi usage uid:2000, txBytes:3611206, rxBytes:19761682
V/NetworkStatsMonitor( 3473): wifi usage uid:10053, txBytes:12512, rxBytes:1415
V/NetworkStatsMonitor( 3473): wifi usage uid:10027, txBytes:5112, rxBytes:6453
V/NetworkStatsMonitor( 3473): wifi usage uid:10022, txBytes:15090, rxBytes:74788
V/NetworkStatsMonitor( 3473): wifi usage uid:10025, txBytes:360, rxBytes:5837
V/NetworkStatsMonitor( 3473): wifi usage uid:10018, txBytes:860, rxBytes:4492
V/NetworkStatsMonitor( 3473): wifi usage uid:10030, txBytes:463, rxBytes:586
V/NetworkStatsMonitor( 3473): wifi usage uid:10000, txBytes:17804, rxBytes:43978
V/NetworkStatsMonitor( 3473): wifi usage uid:10016, txBytes:1657, rxBytes:8457
V/NetworkStatsMonitor( 3473): wifi usage uid:10003, txBytes:1253, rxBytes:30245
V/NetworkStatsMonitor( 3473): wifi usage uid:1000, txBytes:719, rxBytes:399
D/StatusBar.NetworkController( 3547): refreshViews connected={ wifi } level=?? combinedSignalIconId=0x7f0200ae/com.android.systemui:drawable/stat_sys_wifi_signal_2_fully combinedActivityIconId=0x7f0200a8 mobileLabel= wifiLabel=Stuerzel-Net combinedLabel=Stuerzel-Net mAirplaneMode=false mDataActivity=0 mPhoneSignalIconId=0x7f0200a2 mDataDirectionIconId=0x0 mDataSignalIconId=0x7f0200a2 mDataTypeIconId=0x0 mWifiIconId=0x7f0200ae mBluetoothTetherIconId=0x108054e
D/StatusBar.NetworkController( 3547): changing data overlay icon id to 2130837672
I/wpa_supplicant( 3763): [CTRL_IFACE]wlan0: SIGNAL_POLL
V/NetworkStatsMonitor( 3473): curDataUsage uidsDir length:11
V/NetworkStatsMonitor( 3473): wifi usage uid:2000, txBytes:3613704, rxBytes:19761869
V/NetworkStatsMonitor( 3473): wifi usage uid:10053, txBytes:12512, rxBytes:1415
V/NetworkStatsMonitor( 3473): wifi usage uid:10027, txBytes:5112, rxBytes:6453
V/NetworkStatsMonitor( 3473): wifi usage uid:10022, txBytes:15090, rxBytes:74788
V/NetworkStatsMonitor( 3473): wifi usage uid:10025, txBytes:360, rxBytes:5837
V/NetworkStatsMonitor( 3473): wifi usage uid:10018, txBytes:860, rxBytes:4492
V/NetworkStatsMonitor( 3473): wifi usage uid:10030, txBytes:463, rxBytes:586
V/NetworkStatsMonitor( 3473): wifi usage uid:10000, txBytes:17804, rxBytes:43978
V/NetworkStatsMonitor( 3473): wifi usage uid:10016, txBytes:1657, rxBytes:8457
V/NetworkStatsMonitor( 3473): wifi usage uid:10003, txBytes:1253, rxBytes:30245
V/NetworkStatsMonitor( 3473): wifi usage uid:1000, txBytes:719, rxBytes:399
I/wpa_supplicant( 3763): [CTRL_IFACE]wlan0: SIGNAL_POLL
V/NetworkStatsMonitor( 3473): curDataUsage uidsDir length:11
V/NetworkStatsMonitor( 3473): wifi usage uid:2000, txBytes:3614643, rxBytes:19761917
V/NetworkStatsMonitor( 3473): wifi usage uid:10053, txBytes:12512, rxBytes:1415
V/NetworkStatsMonitor( 3473): wifi usage uid:10027, txBytes:5112, rxBytes:6453
V/NetworkStatsMonitor( 3473): wifi usage uid:10022, txBytes:15090, rxBytes:74788
V/NetworkStatsMonitor( 3473): wifi usage uid:10025, txBytes:360, rxBytes:5837
V/NetworkStatsMonitor( 3473): wifi usage uid:10018, txBytes:860, rxBytes:4492
V/NetworkStatsMonitor( 3473): wifi usage uid:10030, txBytes:463, rxBytes:586
V/NetworkStatsMonitor( 3473): wifi usage uid:10000, txBytes:17804, rxBytes:43978
V/NetworkStatsMonitor( 3473): wifi usage uid:10016, txBytes:1657, rxBytes:8457
V/NetworkStatsMonitor( 3473): wifi usage uid:10003, txBytes:1253, rxBytes:30245
V/NetworkStatsMonitor( 3473): wifi usage uid:1000, txBytes:719, rxBytes:399
D/StatusBar.NetworkController( 3547): refreshViews connected={ wifi } level=?? combinedSignalIconId=0x7f0200ae/com.android.systemui:drawable/stat_sys_wifi_signal_2_fully combinedActivityIconId=0x7f0200a9 mobileLabel= wifiLabel=Stuerzel-Net combinedLabel=Stuerzel-Net mAirplaneMode=false mDataActivity=0 mPhoneSignalIconId=0x7f0200a2 mDataDirectionIconId=0x0 mDataSignalIconId=0x7f0200a2 mDataTypeIconId=0x0 mWifiIconId=0x7f0200ae mBluetoothTetherIconId=0x108054e
D/StatusBar.NetworkController( 3547): changing data overlay icon id to 2130837673
D/StatusBar.NetworkController( 3547): refreshViews connected={ wifi } level=?? combinedSignalIconId=0x7f0200ae/com.android.systemui:drawable/stat_sys_wifi_signal_2_fully combinedActivityIconId=0x0 mobileLabel= wifiLabel=Stuerzel-Net combinedLabel=Stuerzel-Net mAirplaneMode=false mDataActivity=0 mPhoneSignalIconId=0x7f0200a2 mDataDirectionIconId=0x0 mDataSignalIconId=0x7f0200a2 mDataTypeIconId=0x0 mWifiIconId=0x7f0200ae mBluetoothTetherIconId=0x108054e
D/StatusBar.NetworkController( 3547): changing data overlay icon id to 0
V/NetworkStatsMonitor( 3473): curDataUsage uidsDir length:11
V/NetworkStatsMonitor( 3473): wifi usage uid:2000, txBytes:3618076, rxBytes:19762032
V/NetworkStatsMonitor( 3473): wifi usage uid:10053, txBytes:12512, rxBytes:1415
V/NetworkStatsMonitor( 3473): wifi usage uid:10027, txBytes:5112, rxBytes:6453
V/NetworkStatsMonitor( 3473): wifi usage uid:10022, txBytes:15090, rxBytes:74788
V/NetworkStatsMonitor( 3473): wifi usage uid:10025, txBytes:360, rxBytes:5837
V/NetworkStatsMonitor( 3473): wifi usage uid:10018, txBytes:860, rxBytes:4492
V/NetworkStatsMonitor( 3473): wifi usage uid:10030, txBytes:463, rxBytes:586
V/NetworkStatsMonitor( 3473): wifi usage uid:10000, txBytes:17804, rxBytes:43978
V/NetworkStatsMonitor( 3473): wifi usage uid:10016, txBytes:1657, rxBytes:8457
V/NetworkStatsMonitor( 3473): wifi usage uid:10003, txBytes:1253, rxBytes:30245
V/NetworkStatsMonitor( 3473): wifi usage uid:1000, txBytes:719, rxBytes:399
W/Web Console( 8749): No Content-Security-Policy meta tag found. Please add one when using the cordova-plugin-whitelist plugin. at file:///android_asset/www/plugins/cordova-plugin-whitelist/whitelist.js:25
D/dalvikvm( 3473): GC_CONCURRENT freed 1533K, 16% free 12601K/14983K, paused 8ms+16ms, total 237ms
D/StatusBar.NetworkController( 3547): refreshViews connected={ wifi } level=?? combinedSignalIconId=0x7f0200ae/com.android.systemui:drawable/stat_sys_wifi_signal_2_fully combinedActivityIconId=0x7f0200a8 mobileLabel= wifiLabel=Stuerzel-Net combinedLabel=Stuerzel-Net mAirplaneMode=false mDataActivity=0 mPhoneSignalIconId=0x7f0200a2 mDataDirectionIconId=0x0 mDataSignalIconId=0x7f0200a2 mDataTypeIconId=0x0 mWifiIconId=0x7f0200ae mBluetoothTetherIconId=0x108054e
D/StatusBar.NetworkController( 3547): changing data overlay icon id to 2130837672
I/wpa_supplicant( 3763): [CTRL_IFACE]wlan0: SIGNAL_POLL
V/NetworkStatsMonitor( 3473): curDataUsage uidsDir length:11
V/NetworkStatsMonitor( 3473): wifi usage uid:2000, txBytes:3620660, rxBytes:19762248
V/NetworkStatsMonitor( 3473): wifi usage uid:10053, txBytes:12512, rxBytes:1415
V/NetworkStatsMonitor( 3473): wifi usage uid:10027, txBytes:5112, rxBytes:6453
V/NetworkStatsMonitor( 3473): wifi usage uid:10022, txBytes:15090, rxBytes:74788
V/NetworkStatsMonitor( 3473): wifi usage uid:10025, txBytes:360, rxBytes:5837
V/NetworkStatsMonitor( 3473): wifi usage uid:10018, txBytes:860, rxBytes:4492
V/NetworkStatsMonitor( 3473): wifi usage uid:10030, txBytes:463, rxBytes:586
V/NetworkStatsMonitor( 3473): wifi usage uid:10000, txBytes:17804, rxBytes:43978
V/NetworkStatsMonitor( 3473): wifi usage uid:10016, txBytes:1657, rxBytes:8457
V/NetworkStatsMonitor( 3473): wifi usage uid:10003, txBytes:1253, rxBytes:30245
V/NetworkStatsMonitor( 3473): wifi usage uid:1000, txBytes:719, rxBytes:399
I/ActivityManager( 3473): No longer want com.android.keychain (pid 8682): hidden #16
I/ActivityManager( 3473): No longer want com.google.android.apps.maps:GoogleLocationService (pid 8241): hidden #17
I/LocationManagerService( 3473): remove passive (pid 3473), next minTime = 0
W/ActivityManager( 3473): Scheduling restart of crashed service com.google.android.apps.maps/com.google.android.location.internal.server.GoogleLocationService in 5000ms
I/wpa_supplicant( 3763): [CTRL_IFACE]wlan0: SIGNAL_POLL
V/NetworkStatsMonitor( 3473): curDataUsage uidsDir length:11
V/NetworkStatsMonitor( 3473): wifi usage uid:2000, txBytes:3623842, rxBytes:19762675
V/NetworkStatsMonitor( 3473): wifi usage uid:10053, txBytes:12512, rxBytes:1415
V/NetworkStatsMonitor( 3473): wifi usage uid:10027, txBytes:5112, rxBytes:6453
V/NetworkStatsMonitor( 3473): wifi usage uid:10022, txBytes:15090, rxBytes:74788
V/NetworkStatsMonitor( 3473): wifi usage uid:10025, txBytes:360, rxBytes:5837
V/NetworkStatsMonitor( 3473): wifi usage uid:10018, txBytes:860, rxBytes:4492
V/NetworkStatsMonitor( 3473): wifi usage uid:10030, txBytes:463, rxBytes:586
V/NetworkStatsMonitor( 3473): wifi usage uid:10000, txBytes:17804, rxBytes:43978
V/NetworkStatsMonitor( 3473): wifi usage uid:10016, txBytes:1657, rxBytes:8457
V/NetworkStatsMonitor( 3473): wifi usage uid:10003, txBytes:1253, rxBytes:30245
V/NetworkStatsMonitor( 3473): wifi usage uid:1000, txBytes:719, rxBytes:399
D/StatusBar.NetworkController( 3547): refreshViews connected={ wifi } level=?? combinedSignalIconId=0x7f0200ae/com.android.systemui:drawable/stat_sys_wifi_signal_2_fully combinedActivityIconId=0x0 mobileLabel= wifiLabel=Stuerzel-Net combinedLabel=Stuerzel-Net mAirplaneMode=false mDataActivity=0 mPhoneSignalIconId=0x7f0200a2 mDataDirectionIconId=0x0 mDataSignalIconId=0x7f0200a2 mDataTypeIconId=0x0 mWifiIconId=0x7f0200ae mBluetoothTetherIconId=0x108054e
D/StatusBar.NetworkController( 3547): changing data overlay icon id to 0
V/NetworkStatsMonitor( 3473): curDataUsage uidsDir length:11
V/NetworkStatsMonitor( 3473): wifi usage uid:2000, txBytes:3625980, rxBytes:19762915
V/NetworkStatsMonitor( 3473): wifi usage uid:10053, txBytes:12512, rxBytes:1415
V/NetworkStatsMonitor( 3473): wifi usage uid:10027, txBytes:5112, rxBytes:6453
V/NetworkStatsMonitor( 3473): wifi usage uid:10022, txBytes:15090, rxBytes:74788
V/NetworkStatsMonitor( 3473): wifi usage uid:10025, txBytes:360, rxBytes:5837
V/NetworkStatsMonitor( 3473): wifi usage uid:10018, txBytes:860, rxBytes:4492
V/NetworkStatsMonitor( 3473): wifi usage uid:10030, txBytes:463, rxBytes:586
V/NetworkStatsMonitor( 3473): wifi usage uid:10000, txBytes:17804, rxBytes:43978
V/NetworkStatsMonitor( 3473): wifi usage uid:10016, txBytes:1657, rxBytes:8457
V/NetworkStatsMonitor( 3473): wifi usage uid:10003, txBytes:1253, rxBytes:30245
V/NetworkStatsMonitor( 3473): wifi usage uid:1000, txBytes:719, rxBytes:399
D/StatusBar.NetworkController( 3547): refreshViews connected={ wifi } level=?? combinedSignalIconId=0x7f0200ae/com.android.systemui:drawable/stat_sys_wifi_signal_2_fully combinedActivityIconId=0x7f0200a8 mobileLabel= wifiLabel=Stuerzel-Net combinedLabel=Stuerzel-Net mAirplaneMode=false mDataActivity=0 mPhoneSignalIconId=0x7f0200a2 mDataDirectionIconId=0x0 mDataSignalIconId=0x7f0200a2 mDataTypeIconId=0x0 mWifiIconId=0x7f0200ae mBluetoothTetherIconId=0x108054e
D/StatusBar.NetworkController( 3547): changing data overlay icon id to 2130837672
I/wpa_supplicant( 3763): [CTRL_IFACE]wlan0: SIGNAL_POLL
I/ActivityManager( 3473): Start proc com.google.android.apps.maps:GoogleLocationService for service com.google.android.apps.maps/com.google.android.location.internal.server.GoogleLocationService: pid=8810 uid=10018 gids={3003, 1015, 1028}
V/NetworkStatsMonitor( 3473): curDataUsage uidsDir length:11
V/NetworkStatsMonitor( 3473): wifi usage uid:2000, txBytes:3629110, rxBytes:19763198
V/NetworkStatsMonitor( 3473): wifi usage uid:10053, txBytes:12512, rxBytes:1415
E/Trace   ( 8810): error opening trace file: No such file or directory (2)
V/NetworkStatsMonitor( 3473): wifi usage uid:10027, txBytes:5112, rxBytes:6453
V/NetworkStatsMonitor( 3473): wifi usage uid:10022, txBytes:15090, rxBytes:74788
V/NetworkStatsMonitor( 3473): wifi usage uid:10025, txBytes:360, rxBytes:5837
V/NetworkStatsMonitor( 3473): wifi usage uid:10018, txBytes:860, rxBytes:4492
V/NetworkStatsMonitor( 3473): wifi usage uid:10030, txBytes:463, rxBytes:586
V/NetworkStatsMonitor( 3473): wifi usage uid:10000, txBytes:17804, rxBytes:43978
V/NetworkStatsMonitor( 3473): wifi usage uid:10016, txBytes:1657, rxBytes:8457
V/NetworkStatsMonitor( 3473): wifi usage uid:10003, txBytes:1253, rxBytes:30245
V/NetworkStatsMonitor( 3473): wifi usage uid:1000, txBytes:719, rxBytes:399
D/dalvikvm( 8810): GC_CONCURRENT freed 170K, 4% free 6379K/6599K, paused 2ms+1ms, total 21ms
D/dalvikvm( 8810): WAIT_FOR_CONCURRENT_GC blocked 10ms
D/dalvikvm( 8810): GC_CONCURRENT freed 172K, 4% free 6691K/6919K, paused 12ms+12ms, total 70ms
D/dalvikvm( 8810): GC_FOR_ALLOC freed 144K, 5% free 6935K/7239K, paused 19ms, total 19ms
D/dalvikvm( 8810): GC_CONCURRENT freed 480K, 9% free 6940K/7559K, paused 11ms+12ms, total 43ms
D/dalvikvm( 8810): GC_CONCURRENT freed 145K, 4% free 7307K/7559K, paused 11ms+3ms, total 36ms
D/dalvikvm( 8810): WAIT_FOR_CONCURRENT_GC blocked 7ms
I/LocationManagerService( 3473): request passive (pid 8810) 0 0
W/ActivityManager( 3473): Permission denied: checkComponentPermission() owningUid=10000
W/BroadcastQueue( 3473): Permission Denial: broadcasting Intent { act=com.google.android.location.internal.server.ACTION_RESTARTED flg=0x10 } from com.google.android.apps.maps (pid=8810, uid=10018) is not exported from uid 10000 due to receiver com.google.android.gms/com.google.android.location.reporting.service.ExternalChangeReceiver
E/PeriodStatsTracker( 3900): Couldn't find package statistics when removing location request.
E/PeriodStatsTracker( 3900): Couldn't find package statistics when removing location request.
I/wpa_supplicant( 3763): [CTRL_IFACE]wlan0: AP_SCAN 2
I/wpa_supplicant( 3763): [CTRL_IFACE]wlan0: SCAN
I/wpa_supplicant( 3763): [CTRL_IFACE]wlan0: AP_SCAN 2
I/wpa_supplicant( 3763): [CTRL_IFACE]wlan0: SCAN
D/dalvikvm( 8810): GC_CONCURRENT freed 728K, 11% free 6995K/7815K, paused 1ms+2ms, total 35ms
I/wpa_supplicant( 3763): [CTRL_IFACE]wlan0: SIGNAL_POLL
W/Web Console( 8749): No Content-Security-Policy meta tag found. Please add one when using the cordova-plugin-whitelist plugin. at file:///android_asset/www/plugins/cordova-plugin-whitelist/whitelist.js:25
V/NetworkStatsMonitor( 3473): curDataUsage uidsDir length:11
V/NetworkStatsMonitor( 3473): wifi usage uid:2000, txBytes:3633802, rxBytes:19763582
V/NetworkStatsMonitor( 3473): wifi usage uid:10053, txBytes:12512, rxBytes:1415
V/NetworkStatsMonitor( 3473): wifi usage uid:10027, txBytes:5112, rxBytes:6453
V/NetworkStatsMonitor( 3473): wifi usage uid:10022, txBytes:15090, rxBytes:74788
V/NetworkStatsMonitor( 3473): wifi usage uid:10025, txBytes:360, rxBytes:5837
V/NetworkStatsMonitor( 3473): wifi usage uid:10018, txBytes:860, rxBytes:4492
V/NetworkStatsMonitor( 3473): wifi usage uid:10030, txBytes:463, rxBytes:586
V/NetworkStatsMonitor( 3473): wifi usage uid:10000, txBytes:17804, rxBytes:43978
V/NetworkStatsMonitor( 3473): wifi usage uid:10016, txBytes:1657, rxBytes:8457
V/NetworkStatsMonitor( 3473): wifi usage uid:10003, txBytes:1253, rxBytes:30245
V/NetworkStatsMonitor( 3473): wifi usage uid:1000, txBytes:719, rxBytes:399
V/NetworkStatsMonitor( 3473): curDataUsage uidsDir length:11
D/StatusBar.NetworkController( 3547): refreshViews connected={ wifi } level=?? combinedSignalIconId=0x7f0200ae/com.android.systemui:drawable/stat_sys_wifi_signal_2_fully combinedActivityIconId=0x0 mobileLabel= wifiLabel=Stuerzel-Net combinedLabel=Stuerzel-Net mAirplaneMode=false mDataActivity=0 mPhoneSignalIconId=0x7f0200a2 mDataDirectionIconId=0x0 mDataSignalIconId=0x7f0200a2 mDataTypeIconId=0x0 mWifiIconId=0x7f0200ae mBluetoothTetherIconId=0x108054e
V/NetworkStatsMonitor( 3473): wifi usage uid:2000, txBytes:3635654, rxBytes:19763817
D/StatusBar.NetworkController( 3547): changing data overlay icon id to 0
V/NetworkStatsMonitor( 3473): wifi usage uid:10053, txBytes:12512, rxBytes:1415
V/NetworkStatsMonitor( 3473): wifi usage uid:10027, txBytes:5112, rxBytes:6453
V/NetworkStatsMonitor( 3473): wifi usage uid:10022, txBytes:15090, rxBytes:74788
V/NetworkStatsMonitor( 3473): wifi usage uid:10025, txBytes:360, rxBytes:5837
V/NetworkStatsMonitor( 3473): wifi usage uid:10018, txBytes:860, rxBytes:4492
V/NetworkStatsMonitor( 3473): wifi usage uid:10030, txBytes:463, rxBytes:586
V/NetworkStatsMonitor( 3473): wifi usage uid:10000, txBytes:17804, rxBytes:43978
V/NetworkStatsMonitor( 3473): wifi usage uid:10016, txBytes:1657, rxBytes:8457
V/NetworkStatsMonitor( 3473): wifi usage uid:10003, txBytes:1253, rxBytes:30245
V/NetworkStatsMonitor( 3473): wifi usage uid:1000, txBytes:719, rxBytes:399
I/wpa_supplicant( 3763): [CTRL_IFACE]wlan0: SIGNAL_POLL
D/StatusBar.NetworkController( 3547): refreshViews connected={ wifi } level=?? combinedSignalIconId=0x7f0200ae/com.android.systemui:drawable/stat_sys_wifi_signal_2_fully combinedActivityIconId=0x7f0200a8 mobileLabel= wifiLabel=Stuerzel-Net combinedLabel=Stuerzel-Net mAirplaneMode=false mDataActivity=0 mPhoneSignalIconId=0x7f0200a2 mDataDirectionIconId=0x0 mDataSignalIconId=0x7f0200a2 mDataTypeIconId=0x0 mWifiIconId=0x7f0200ae mBluetoothTetherIconId=0x108054e
D/StatusBar.NetworkController( 3547): changing data overlay icon id to 2130837672
I/wpa_supplicant( 3763): [CTRL_IFACE]wlan0: AP_SCAN 1
I/wpa_supplicant( 3763): [CTRL_IFACE]wlan0: SCAN_RESULTS
V/NetworkStatsMonitor( 3473): curDataUsage uidsDir length:11
V/NetworkStatsMonitor( 3473): wifi usage uid:2000, txBytes:3638755, rxBytes:19764153
V/NetworkStatsMonitor( 3473): wifi usage uid:10053, txBytes:12512, rxBytes:1415
V/NetworkStatsMonitor( 3473): wifi usage uid:10027, txBytes:5112, rxBytes:6453
V/NetworkStatsMonitor( 3473): wifi usage uid:10022, txBytes:15090, rxBytes:74788
V/NetworkStatsMonitor( 3473): wifi usage uid:10025, txBytes:360, rxBytes:5837
V/NetworkStatsMonitor( 3473): wifi usage uid:10018, txBytes:860, rxBytes:4492
V/NetworkStatsMonitor( 3473): wifi usage uid:10030, txBytes:463, rxBytes:586
V/NetworkStatsMonitor( 3473): wifi usage uid:10000, txBytes:17804, rxBytes:43978
V/NetworkStatsMonitor( 3473): wifi usage uid:10016, txBytes:1657, rxBytes:8457
V/NetworkStatsMonitor( 3473): wifi usage uid:10003, txBytes:1253, rxBytes:30245
V/NetworkStatsMonitor( 3473): wifi usage uid:1000, txBytes:719, rxBytes:399
I/wpa_supplicant( 3763): [CTRL_IFACE]wlan0: SIGNAL_POLL
V/NetworkStatsMonitor( 3473): curDataUsage uidsDir length:11
V/NetworkStatsMonitor( 3473): wifi usage uid:2000, txBytes:3640694, rxBytes:19764388
V/NetworkStatsMonitor( 3473): wifi usage uid:10053, txBytes:12512, rxBytes:1415
V/NetworkStatsMonitor( 3473): wifi usage uid:10027, txBytes:5112, rxBytes:6453
V/NetworkStatsMonitor( 3473): wifi usage uid:10022, txBytes:15090, rxBytes:74788
V/NetworkStatsMonitor( 3473): wifi usage uid:10025, txBytes:360, rxBytes:5837
