V/NetworkStatsMonitor( 3473): wifi usage uid:1000, txBytes:719, rxBytes:399
D/StatusBar.NetworkController( 3547): refreshViews connected={ wifi } level=?? combinedSignalIconId=0x7f0200b0/com.android.systemui:drawable/stat_sys_wifi_signal_3_fully combinedActivityIconId=0x0 mobileLabel= wifiLabel=Stuerzel-Net combinedLabel=Stuerzel-Net mAirplaneMode=false mDataActivity=0 mPhoneSignalIconId=0x7f0200a2 mDataDirectionIconId=0x0 mDataSignalIconId=0x7f0200a2 mDataTypeIconId=0x0 mWifiIconId=0x7f0200b0 mBluetoothTetherIconId=0x108054e
D/StatusBar.NetworkController( 3547): changing data overlay icon id to 0
I/wpa_supplicant( 3763): [CTRL_IFACE]wlan0: SIGNAL_POLL
D/StatusBar.NetworkController( 3547): refreshViews connected={ wifi } level=?? combinedSignalIconId=0x7f0200ae/com.android.systemui:drawable/stat_sys_wifi_signal_2_fully combinedActivityIconId=0x0 mobileLabel= wifiLabel=Stuerzel-Net combinedLabel=Stuerzel-Net mAirplaneMode=false mDataActivity=0 mPhoneSignalIconId=0x7f0200a2 mDataDirectionIconId=0x0 mDataSignalIconId=0x7f0200a2 mDataTypeIconId=0x0 mWifiIconId=0x7f0200ae mBluetoothTetherIconId=0x108054e
V/NetworkStatsMonitor( 3473): curDataUsage uidsDir length:11
V/NetworkStatsMonitor( 3473): wifi usage uid:2000, txBytes:3409697, rxBytes:19744111
V/NetworkStatsMonitor( 3473): wifi usage uid:10053, txBytes:12512, rxBytes:1415
V/NetworkStatsMonitor( 3473): wifi usage uid:10027, txBytes:5112, rxBytes:6453
V/NetworkStatsMonitor( 3473): wifi usage uid:10022, txBytes:15090, rxBytes:74788
V/NetworkStatsMonitor( 3473): wifi usage uid:10025, txBytes:360, rxBytes:5837
V/NetworkStatsMonitor( 3473): wifi usage uid:10018, txBytes:860, rxBytes:4492
V/NetworkStatsMonitor( 3473): wifi usage uid:10030, txBytes:463, rxBytes:586
V/NetworkStatsMonitor( 3473): wifi usage uid:10000, txBytes:17769, rxBytes:43945
V/NetworkStatsMonitor( 3473): wifi usage uid:10016, txBytes:1657, rxBytes:8457
V/NetworkStatsMonitor( 3473): wifi usage uid:10003, txBytes:1253, rxBytes:30245
V/NetworkStatsMonitor( 3473): wifi usage uid:1000, txBytes:719, rxBytes:399
D/StatusBar.NetworkController( 3547): refreshViews connected={ wifi } level=?? combinedSignalIconId=0x7f0200ae/com.android.systemui:drawable/stat_sys_wifi_signal_2_fully combinedActivityIconId=0x7f0200a8 mobileLabel= wifiLabel=Stuerzel-Net combinedLabel=Stuerzel-Net mAirplaneMode=false mDataActivity=0 mPhoneSignalIconId=0x7f0200a2 mDataDirectionIconId=0x0 mDataSignalIconId=0x7f0200a2 mDataTypeIconId=0x0 mWifiIconId=0x7f0200ae mBluetoothTetherIconId=0x108054e
D/StatusBar.NetworkController( 3547): changing data overlay icon id to 2130837672
V/NetworkStatsMonitor( 3473): curDataUsage uidsDir length:11
V/NetworkStatsMonitor( 3473): wifi usage uid:2000, txBytes:3412170, rxBytes:19744207
V/NetworkStatsMonitor( 3473): wifi usage uid:10053, txBytes:12512, rxBytes:1415
V/NetworkStatsMonitor( 3473): wifi usage uid:10027, txBytes:5112, rxBytes:6453
V/NetworkStatsMonitor( 3473): wifi usage uid:10022, txBytes:15090, rxBytes:74788
V/NetworkStatsMonitor( 3473): wifi usage uid:10025, txBytes:360, rxBytes:5837
V/NetworkStatsMonitor( 3473): wifi usage uid:10018, txBytes:860, rxBytes:4492
V/NetworkStatsMonitor( 3473): wifi usage uid:10030, txBytes:463, rxBytes:586
V/NetworkStatsMonitor( 3473): wifi usage uid:10000, txBytes:17769, rxBytes:43945
V/NetworkStatsMonitor( 3473): wifi usage uid:10016, txBytes:1657, rxBytes:8457
V/NetworkStatsMonitor( 3473): wifi usage uid:10003, txBytes:1253, rxBytes:30245
V/NetworkStatsMonitor( 3473): wifi usage uid:1000, txBytes:719, rxBytes:399
I/wpa_supplicant( 3763): [CTRL_IFACE]wlan0: SIGNAL_POLL
V/NetworkStatsMonitor( 3473): curDataUsage uidsDir length:11
V/NetworkStatsMonitor( 3473): wifi usage uid:2000, txBytes:3413636, rxBytes:19744279
V/NetworkStatsMonitor( 3473): wifi usage uid:10053, txBytes:12512, rxBytes:1415
V/NetworkStatsMonitor( 3473): wifi usage uid:10027, txBytes:5112, rxBytes:6453
V/NetworkStatsMonitor( 3473): wifi usage uid:10022, txBytes:15090, rxBytes:74788
V/NetworkStatsMonitor( 3473): wifi usage uid:10025, txBytes:360, rxBytes:5837
V/NetworkStatsMonitor( 3473): wifi usage uid:10018, txBytes:860, rxBytes:4492
V/NetworkStatsMonitor( 3473): wifi usage uid:10030, txBytes:463, rxBytes:586
V/NetworkStatsMonitor( 3473): wifi usage uid:10000, txBytes:17769, rxBytes:43945
V/NetworkStatsMonitor( 3473): wifi usage uid:10016, txBytes:1657, rxBytes:8457
V/NetworkStatsMonitor( 3473): wifi usage uid:10003, txBytes:1253, rxBytes:30245
V/NetworkStatsMonitor( 3473): wifi usage uid:1000, txBytes:719, rxBytes:399
W/Web Console( 8749): No Content-Security-Policy meta tag found. Please add one when using the cordova-plugin-whitelist plugin. at file:///android_asset/www/plugins/cordova-plugin-whitelist/whitelist.js:25
D/StatusBar.NetworkController( 3547): refreshViews connected={ wifi } level=?? combinedSignalIconId=0x7f0200ae/com.android.systemui:drawable/stat_sys_wifi_signal_2_fully combinedActivityIconId=0x0 mobileLabel= wifiLabel=Stuerzel-Net combinedLabel=Stuerzel-Net mAirplaneMode=false mDataActivity=0 mPhoneSignalIconId=0x7f0200a2 mDataDirectionIconId=0x0 mDataSignalIconId=0x7f0200a2 mDataTypeIconId=0x0 mWifiIconId=0x7f0200ae mBluetoothTetherIconId=0x108054e
D/StatusBar.NetworkController( 3547): changing data overlay icon id to 0
I/wpa_supplicant( 3763): [CTRL_IFACE]wlan0: SIGNAL_POLL
V/NetworkStatsMonitor( 3473): curDataUsage uidsDir length:11
V/NetworkStatsMonitor( 3473): wifi usage uid:2000, txBytes:3416002, rxBytes:19744423
V/NetworkStatsMonitor( 3473): wifi usage uid:10053, txBytes:12512, rxBytes:1415
V/NetworkStatsMonitor( 3473): wifi usage uid:10027, txBytes:5112, rxBytes:6453
V/NetworkStatsMonitor( 3473): wifi usage uid:10022, txBytes:15090, rxBytes:74788
V/NetworkStatsMonitor( 3473): wifi usage uid:10025, txBytes:360, rxBytes:5837
V/NetworkStatsMonitor( 3473): wifi usage uid:10018, txBytes:860, rxBytes:4492
V/NetworkStatsMonitor( 3473): wifi usage uid:10030, txBytes:463, rxBytes:586
V/NetworkStatsMonitor( 3473): wifi usage uid:10000, txBytes:17804, rxBytes:43945
V/NetworkStatsMonitor( 3473): wifi usage uid:10016, txBytes:1657, rxBytes:8457
V/NetworkStatsMonitor( 3473): wifi usage uid:10003, txBytes:1253, rxBytes:30245
V/NetworkStatsMonitor( 3473): wifi usage uid:1000, txBytes:719, rxBytes:399
D/StatusBar.NetworkController( 3547): refreshViews connected={ wifi } level=?? combinedSignalIconId=0x7f0200ae/com.android.systemui:drawable/stat_sys_wifi_signal_2_fully combinedActivityIconId=0x7f0200a8 mobileLabel= wifiLabel=Stuerzel-Net combinedLabel=Stuerzel-Net mAirplaneMode=false mDataActivity=0 mPhoneSignalIconId=0x7f0200a2 mDataDirectionIconId=0x0 mDataSignalIconId=0x7f0200a2 mDataTypeIconId=0x0 mWifiIconId=0x7f0200ae mBluetoothTetherIconId=0x108054e
D/StatusBar.NetworkController( 3547): changing data overlay icon id to 2130837672
D/ConnectivityService( 3473): handleInetConditionHoldEnd: net=1, condition=100, published condition=100
D/StatusBar.NetworkController( 3547): updateConnectivity: intent=Intent { act=android.net.conn.INET_CONDITION_ACTION flg=0x8000010 (has extras) }
D/StatusBar.NetworkController( 3547): updateConnectivity: networkInfo=NetworkInfo: type: WIFI[], state: CONNECTED/CONNECTED, reason: (unspecified), extra: (none), roaming: false, failover: false, isAvailable: true
D/StatusBar.NetworkController( 3547): updateConnectivity: connectionStatus=100
D/StatusBar.NetworkController( 3547): updateTelephonySignalStrength: !hasService()
D/StatusBar.NetworkController( 3547): refreshViews connected={ wifi } level=?? combinedSignalIconId=0x7f0200ae/com.android.systemui:drawable/stat_sys_wifi_signal_2_fully combinedActivityIconId=0x7f0200a8 mobileLabel= wifiLabel=Stuerzel-Net combinedLabel=Stuerzel-Net mAirplaneMode=false mDataActivity=0 mPhoneSignalIconId=0x7f0200a2 mDataDirectionIconId=0x0 mDataSignalIconId=0x7f0200a2 mDataTypeIconId=0x0 mWifiIconId=0x7f0200ae mBluetoothTetherIconId=0x108054e
D/dalvikvm( 3473): GC_CONCURRENT freed 1612K, 16% free 12612K/14983K, paused 9ms+17ms, total 227ms
V/NetworkStatsMonitor( 3473): curDataUsage uidsDir length:11
V/NetworkStatsMonitor( 3473): wifi usage uid:2000, txBytes:3419735, rxBytes:19744735
V/NetworkStatsMonitor( 3473): wifi usage uid:10053, txBytes:12512, rxBytes:1415
V/NetworkStatsMonitor( 3473): wifi usage uid:10027, txBytes:5112, rxBytes:6453
V/NetworkStatsMonitor( 3473): wifi usage uid:10022, txBytes:15090, rxBytes:74788
V/NetworkStatsMonitor( 3473): wifi usage uid:10025, txBytes:360, rxBytes:5837
V/NetworkStatsMonitor( 3473): wifi usage uid:10018, txBytes:860, rxBytes:4492
V/NetworkStatsMonitor( 3473): wifi usage uid:10030, txBytes:463, rxBytes:586
V/NetworkStatsMonitor( 3473): wifi usage uid:10000, txBytes:17804, rxBytes:43978
V/NetworkStatsMonitor( 3473): wifi usage uid:10016, txBytes:1657, rxBytes:8457
V/NetworkStatsMonitor( 3473): wifi usage uid:10003, txBytes:1253, rxBytes:30245
V/NetworkStatsMonitor( 3473): wifi usage uid:1000, txBytes:719, rxBytes:399
W/ThrottleService( 3473): unable to find stats for iface rmnet0
D/dalvikvm( 8241): GC_CONCURRENT freed 377K, 12% free 7013K/7943K, paused 18ms+2ms, total 135ms
I/wpa_supplicant( 3763): [CTRL_IFACE]wlan0: SIGNAL_POLL
V/NetworkStatsMonitor( 3473): curDataUsage uidsDir length:11
V/NetworkStatsMonitor( 3473): wifi usage uid:2000, txBytes:3421495, rxBytes:19744879
V/NetworkStatsMonitor( 3473): wifi usage uid:10053, txBytes:12512, rxBytes:1415
V/NetworkStatsMonitor( 3473): wifi usage uid:10027, txBytes:5112, rxBytes:6453
V/NetworkStatsMonitor( 3473): wifi usage uid:10022, txBytes:15090, rxBytes:74788
V/NetworkStatsMonitor( 3473): wifi usage uid:10025, txBytes:360, rxBytes:5837
V/NetworkStatsMonitor( 3473): wifi usage uid:10018, txBytes:860, rxBytes:4492
V/NetworkStatsMonitor( 3473): wifi usage uid:10030, txBytes:463, rxBytes:586
V/NetworkStatsMonitor( 3473): wifi usage uid:10000, txBytes:17804, rxBytes:43978
V/NetworkStatsMonitor( 3473): wifi usage uid:10016, txBytes:1657, rxBytes:8457
V/NetworkStatsMonitor( 3473): wifi usage uid:10003, txBytes:1253, rxBytes:30245
V/NetworkStatsMonitor( 3473): wifi usage uid:1000, txBytes:719, rxBytes:399
I/wpa_supplicant( 3763): [CTRL_IFACE]wlan0: SIGNAL_POLL
V/NetworkStatsMonitor( 3473): curDataUsage uidsDir length:11
V/NetworkStatsMonitor( 3473): wifi usage uid:2000, txBytes:3422961, rxBytes:19744951
V/NetworkStatsMonitor( 3473): wifi usage uid:10053, txBytes:12512, rxBytes:1415
V/NetworkStatsMonitor( 3473): wifi usage uid:10027, txBytes:5112, rxBytes:6453
V/NetworkStatsMonitor( 3473): wifi usage uid:10022, txBytes:15090, rxBytes:74788
V/NetworkStatsMonitor( 3473): wifi usage uid:10025, txBytes:360, rxBytes:5837
V/NetworkStatsMonitor( 3473): wifi usage uid:10018, txBytes:860, rxBytes:4492
V/NetworkStatsMonitor( 3473): wifi usage uid:10030, txBytes:463, rxBytes:586
V/NetworkStatsMonitor( 3473): wifi usage uid:10000, txBytes:17804, rxBytes:43978
V/NetworkStatsMonitor( 3473): wifi usage uid:10016, txBytes:1657, rxBytes:8457
V/NetworkStatsMonitor( 3473): wifi usage uid:10003, txBytes:1253, rxBytes:30245
V/NetworkStatsMonitor( 3473): wifi usage uid:1000, txBytes:719, rxBytes:399
D/StatusBar.NetworkController( 3547): refreshViews connected={ wifi } level=?? combinedSignalIconId=0x7f0200ae/com.android.systemui:drawable/stat_sys_wifi_signal_2_fully combinedActivityIconId=0x0 mobileLabel= wifiLabel=Stuerzel-Net combinedLabel=Stuerzel-Net mAirplaneMode=false mDataActivity=0 mPhoneSignalIconId=0x7f0200a2 mDataDirectionIconId=0x0 mDataSignalIconId=0x7f0200a2 mDataTypeIconId=0x0 mWifiIconId=0x7f0200ae mBluetoothTetherIconId=0x108054e
D/StatusBar.NetworkController( 3547): changing data overlay icon id to 0
V/NetworkStatsMonitor( 3473): curDataUsage uidsDir length:11
V/NetworkStatsMonitor( 3473): wifi usage uid:2000, txBytes:3425075, rxBytes:19745167
V/NetworkStatsMonitor( 3473): wifi usage uid:10053, txBytes:12512, rxBytes:1415
V/NetworkStatsMonitor( 3473): wifi usage uid:10027, txBytes:5112, rxBytes:6453
V/NetworkStatsMonitor( 3473): wifi usage uid:10022, txBytes:15090, rxBytes:74788
V/NetworkStatsMonitor( 3473): wifi usage uid:10025, txBytes:360, rxBytes:5837
V/NetworkStatsMonitor( 3473): wifi usage uid:10018, txBytes:860, rxBytes:4492
V/NetworkStatsMonitor( 3473): wifi usage uid:10030, txBytes:463, rxBytes:586
V/NetworkStatsMonitor( 3473): wifi usage uid:10000, txBytes:17804, rxBytes:43978
V/NetworkStatsMonitor( 3473): wifi usage uid:10016, txBytes:1657, rxBytes:8457
V/NetworkStatsMonitor( 3473): wifi usage uid:10003, txBytes:1253, rxBytes:30245
V/NetworkStatsMonitor( 3473): wifi usage uid:1000, txBytes:719, rxBytes:399
W/Web Console( 8749): No Content-Security-Policy meta tag found. Please add one when using the cordova-plugin-whitelist plugin. at file:///android_asset/www/plugins/cordova-plugin-whitelist/whitelist.js:25
D/StatusBar.NetworkController( 3547): refreshViews connected={ wifi } level=?? combinedSignalIconId=0x7f0200ae/com.android.systemui:drawable/stat_sys_wifi_signal_2_fully combinedActivityIconId=0x7f0200a8 mobileLabel= wifiLabel=Stuerzel-Net combinedLabel=Stuerzel-Net mAirplaneMode=false mDataActivity=0 mPhoneSignalIconId=0x7f0200a2 mDataDirectionIconId=0x0 mDataSignalIconId=0x7f0200a2 mDataTypeIconId=0x0 mWifiIconId=0x7f0200ae mBluetoothTetherIconId=0x108054e
D/StatusBar.NetworkController( 3547): changing data overlay icon id to 2130837672
I/wpa_supplicant( 3763): [CTRL_IFACE]wlan0: SIGNAL_POLL
V/NetworkStatsMonitor( 3473): curDataUsage uidsDir length:11
V/NetworkStatsMonitor( 3473): wifi usage uid:2000, txBytes:3427505, rxBytes:19745359
V/NetworkStatsMonitor( 3473): wifi usage uid:10053, txBytes:12512, rxBytes:1415
V/NetworkStatsMonitor( 3473): wifi usage uid:10027, txBytes:5112, rxBytes:6453
V/NetworkStatsMonitor( 3473): wifi usage uid:10022, txBytes:15090, rxBytes:74788
V/NetworkStatsMonitor( 3473): wifi usage uid:10025, txBytes:360, rxBytes:5837
V/NetworkStatsMonitor( 3473): wifi usage uid:10018, txBytes:860, rxBytes:4492
V/NetworkStatsMonitor( 3473): wifi usage uid:10030, txBytes:463, rxBytes:586
V/NetworkStatsMonitor( 3473): wifi usage uid:10000, txBytes:17804, rxBytes:43978
V/NetworkStatsMonitor( 3473): wifi usage uid:10016, txBytes:1657, rxBytes:8457
V/NetworkStatsMonitor( 3473): wifi usage uid:10003, txBytes:1253, rxBytes:30245
V/NetworkStatsMonitor( 3473): wifi usage uid:1000, txBytes:719, rxBytes:399
D/StatusBar.NetworkController( 3547): refreshViews connected={ wifi } level=?? combinedSignalIconId=0x7f0200ae/com.android.systemui:drawable/stat_sys_wifi_signal_2_fully combinedActivityIconId=0x0 mobileLabel= wifiLabel=Stuerzel-Net combinedLabel=Stuerzel-Net mAirplaneMode=false mDataActivity=0 mPhoneSignalIconId=0x7f0200a2 mDataDirectionIconId=0x0 mDataSignalIconId=0x7f0200a2 mDataTypeIconId=0x0 mWifiIconId=0x7f0200ae mBluetoothTetherIconId=0x108054e
D/StatusBar.NetworkController( 3547): changing data overlay icon id to 0
I/wpa_supplicant( 3763): [CTRL_IFACE]wlan0: SIGNAL_POLL
V/NetworkStatsMonitor( 3473): curDataUsage uidsDir length:11
V/NetworkStatsMonitor( 3473): wifi usage uid:2000, txBytes:3429802, rxBytes:19745671
V/NetworkStatsMonitor( 3473): wifi usage uid:10053, txBytes:12512, rxBytes:1415
V/NetworkStatsMonitor( 3473): wifi usage uid:10027, txBytes:5112, rxBytes:6453
V/NetworkStatsMonitor( 3473): wifi usage uid:10022, txBytes:15090, rxBytes:74788
V/NetworkStatsMonitor( 3473): wifi usage uid:10025, txBytes:360, rxBytes:5837
V/NetworkStatsMonitor( 3473): wifi usage uid:10018, txBytes:860, rxBytes:4492
V/NetworkStatsMonitor( 3473): wifi usage uid:10030, txBytes:463, rxBytes:586
V/NetworkStatsMonitor( 3473): wifi usage uid:10000, txBytes:17804, rxBytes:43978
V/NetworkStatsMonitor( 3473): wifi usage uid:10016, txBytes:1657, rxBytes:8457
V/NetworkStatsMonitor( 3473): wifi usage uid:10003, txBytes:1253, rxBytes:30245
V/NetworkStatsMonitor( 3473): wifi usage uid:1000, txBytes:719, rxBytes:399
D/StatusBar.NetworkController( 3547): refreshViews connected={ wifi } level=?? combinedSignalIconId=0x7f0200ae/com.android.systemui:drawable/stat_sys_wifi_signal_2_fully combinedActivityIconId=0x7f0200a8 mobileLabel= wifiLabel=Stuerzel-Net combinedLabel=Stuerzel-Net mAirplaneMode=false mDataActivity=0 mPhoneSignalIconId=0x7f0200a2 mDataDirectionIconId=0x0 mDataSignalIconId=0x7f0200a2 mDataTypeIconId=0x0 mWifiIconId=0x7f0200ae mBluetoothTetherIconId=0x108054e
D/StatusBar.NetworkController( 3547): changing data overlay icon id to 2130837672
V/NetworkStatsMonitor( 3473): curDataUsage uidsDir length:11
V/NetworkStatsMonitor( 3473): wifi usage uid:2000, txBytes:3431836, rxBytes:19745791
V/NetworkStatsMonitor( 3473): wifi usage uid:10053, txBytes:12512, rxBytes:1415
V/NetworkStatsMonitor( 3473): wifi usage uid:10027, txBytes:5112, rxBytes:6453
V/NetworkStatsMonitor( 3473): wifi usage uid:10022, txBytes:15090, rxBytes:74788
V/NetworkStatsMonitor( 3473): wifi usage uid:10025, txBytes:360, rxBytes:5837
V/NetworkStatsMonitor( 3473): wifi usage uid:10018, txBytes:860, rxBytes:4492
V/NetworkStatsMonitor( 3473): wifi usage uid:10030, txBytes:463, rxBytes:586
V/NetworkStatsMonitor( 3473): wifi usage uid:10000, txBytes:17804, rxBytes:43978
V/NetworkStatsMonitor( 3473): wifi usage uid:10016, txBytes:1657, rxBytes:8457
V/NetworkStatsMonitor( 3473): wifi usage uid:10003, txBytes:1253, rxBytes:30245
V/NetworkStatsMonitor( 3473): wifi usage uid:1000, txBytes:719, rxBytes:399
I/wpa_supplicant( 3763): [CTRL_IFACE]wlan0: SIGNAL_POLL
V/NetworkStatsMonitor( 3473): curDataUsage uidsDir length:11
V/NetworkStatsMonitor( 3473): wifi usage uid:2000, txBytes:3433518, rxBytes:19746079
V/NetworkStatsMonitor( 3473): wifi usage uid:10053, txBytes:12512, rxBytes:1415
V/NetworkStatsMonitor( 3473): wifi usage uid:10027, txBytes:5112, rxBytes:6453
V/NetworkStatsMonitor( 3473): wifi usage uid:10022, txBytes:15090, rxBytes:74788
V/NetworkStatsMonitor( 3473): wifi usage uid:10025, txBytes:360, rxBytes:5837
V/NetworkStatsMonitor( 3473): wifi usage uid:10018, txBytes:860, rxBytes:4492
V/NetworkStatsMonitor( 3473): wifi usage uid:10030, txBytes:463, rxBytes:586
V/NetworkStatsMonitor( 3473): wifi usage uid:10000, txBytes:17804, rxBytes:43978
V/NetworkStatsMonitor( 3473): wifi usage uid:10016, txBytes:1657, rxBytes:8457
V/NetworkStatsMonitor( 3473): wifi usage uid:10003, txBytes:1253, rxBytes:30245
V/NetworkStatsMonitor( 3473): wifi usage uid:1000, txBytes:719, rxBytes:399
D/StatusBar.NetworkController( 3547): refreshViews connected={ wifi } level=?? combinedSignalIconId=0x7f0200ae/com.android.systemui:drawable/stat_sys_wifi_signal_2_fully combinedActivityIconId=0x7f0200a9 mobileLabel= wifiLabel=Stuerzel-Net combinedLabel=Stuerzel-Net mAirplaneMode=false mDataActivity=0 mPhoneSignalIconId=0x7f0200a2 mDataDirectionIconId=0x0 mDataSignalIconId=0x7f0200a2 mDataTypeIconId=0x0 mWifiIconId=0x7f0200ae mBluetoothTetherIconId=0x108054e
D/StatusBar.NetworkController( 3547): changing data overlay icon id to 2130837673
I/wpa_supplicant( 3763): [CTRL_IFACE]wlan0: SIGNAL_POLL
W/Web Console( 8749): No Content-Security-Policy meta tag found. Please add one when using the cordova-plugin-whitelist plugin. at file:///android_asset/www/plugins/cordova-plugin-whitelist/whitelist.js:25
V/NetworkStatsMonitor( 3473): curDataUsage uidsDir length:11
V/NetworkStatsMonitor( 3473): wifi usage uid:2000, txBytes:3436020, rxBytes:19746343
V/NetworkStatsMonitor( 3473): wifi usage uid:10053, txBytes:12512, rxBytes:1415
V/NetworkStatsMonitor( 3473): wifi usage uid:10027, txBytes:5112, rxBytes:6453
V/NetworkStatsMonitor( 3473): wifi usage uid:10022, txBytes:15090, rxBytes:74788
V/NetworkStatsMonitor( 3473): wifi usage uid:10025, txBytes:360, rxBytes:5837
V/NetworkStatsMonitor( 3473): wifi usage uid:10018, txBytes:860, rxBytes:4492
V/NetworkStatsMonitor( 3473): wifi usage uid:10030, txBytes:463, rxBytes:586
V/NetworkStatsMonitor( 3473): wifi usage uid:10000, txBytes:17804, rxBytes:43978
V/NetworkStatsMonitor( 3473): wifi usage uid:10016, txBytes:1657, rxBytes:8457
V/NetworkStatsMonitor( 3473): wifi usage uid:10003, txBytes:1253, rxBytes:30245
V/NetworkStatsMonitor( 3473): wifi usage uid:1000, txBytes:719, rxBytes:399
D/StatusBar.NetworkController( 3547): refreshViews connected={ wifi } level=?? combinedSignalIconId=0x7f0200ae/com.android.systemui:drawable/stat_sys_wifi_signal_2_fully combinedActivityIconId=0x7f0200a8 mobileLabel= wifiLabel=Stuerzel-Net combinedLabel=Stuerzel-Net mAirplaneMode=false mDataActivity=0 mPhoneSignalIconId=0x7f0200a2 mDataDirectionIconId=0x0 mDataSignalIconId=0x7f0200a2 mDataTypeIconId=0x0 mWifiIconId=0x7f0200ae mBluetoothTetherIconId=0x108054e
D/StatusBar.NetworkController( 3547): changing data overlay icon id to 2130837672
V/NetworkStatsMonitor( 3473): curDataUsage uidsDir length:11
V/NetworkStatsMonitor( 3473): wifi usage uid:2000, txBytes:3437982, rxBytes:19746391
V/NetworkStatsMonitor( 3473): wifi usage uid:10053, txBytes:12512, rxBytes:1415
V/NetworkStatsMonitor( 3473): wifi usage uid:10027, txBytes:5112, rxBytes:6453
V/NetworkStatsMonitor( 3473): wifi usage uid:10022, txBytes:15090, rxBytes:74788
V/NetworkStatsMonitor( 3473): wifi usage uid:10025, txBytes:360, rxBytes:5837
V/NetworkStatsMonitor( 3473): wifi usage uid:10018, txBytes:860, rxBytes:4492
V/NetworkStatsMonitor( 3473): wifi usage uid:10030, txBytes:463, rxBytes:586
D/StatusBar.NetworkController( 3547): refreshViews connected={ wifi } level=?? combinedSignalIconId=0x7f0200ae/com.android.systemui:drawable/stat_sys_wifi_signal_2_fully combinedActivityIconId=0x7f0200a9 mobileLabel= wifiLabel=Stuerzel-Net combinedLabel=Stuerzel-Net mAirplaneMode=false mDataActivity=0 mPhoneSignalIconId=0x7f0200a2 mDataDirectionIconId=0x0 mDataSignalIconId=0x7f0200a2 mDataTypeIconId=0x0 mWifiIconId=0x7f0200ae mBluetoothTetherIconId=0x108054e
D/StatusBar.NetworkController( 3547): changing data overlay icon id to 2130837673
V/NetworkStatsMonitor( 3473): wifi usage uid:10000, txBytes:17804, rxBytes:43978
V/NetworkStatsMonitor( 3473): wifi usage uid:10016, txBytes:1657, rxBytes:8457
V/NetworkStatsMonitor( 3473): wifi usage uid:10003, txBytes:1253, rxBytes:30245
V/NetworkStatsMonitor( 3473): wifi usage uid:1000, txBytes:719, rxBytes:399
I/wpa_supplicant( 3763): [CTRL_IFACE]wlan0: SIGNAL_POLL
D/StatusBar.NetworkController( 3547): refreshViews connected={ wifi } level=?? combinedSignalIconId=0x7f0200ae/com.android.systemui:drawable/stat_sys_wifi_signal_2_fully combinedActivityIconId=0x7f0200a8 mobileLabel= wifiLabel=Stuerzel-Net combinedLabel=Stuerzel-Net mAirplaneMode=false mDataActivity=0 mPhoneSignalIconId=0x7f0200a2 mDataDirectionIconId=0x0 mDataSignalIconId=0x7f0200a2 mDataTypeIconId=0x0 mWifiIconId=0x7f0200ae mBluetoothTetherIconId=0x108054e
D/StatusBar.NetworkController( 3547): changing data overlay icon id to 2130837672
V/NetworkStatsMonitor( 3473): curDataUsage uidsDir length:11
V/NetworkStatsMonitor( 3473): wifi usage uid:2000, txBytes:3440710, rxBytes:19746511
V/NetworkStatsMonitor( 3473): wifi usage uid:10053, txBytes:12512, rxBytes:1415
V/NetworkStatsMonitor( 3473): wifi usage uid:10027, txBytes:5112, rxBytes:6453
V/NetworkStatsMonitor( 3473): wifi usage uid:10022, txBytes:15090, rxBytes:74788
V/NetworkStatsMonitor( 3473): wifi usage uid:10025, txBytes:360, rxBytes:5837
V/NetworkStatsMonitor( 3473): wifi usage uid:10018, txBytes:860, rxBytes:4492
V/NetworkStatsMonitor( 3473): wifi usage uid:10030, txBytes:463, rxBytes:586
V/NetworkStatsMonitor( 3473): wifi usage uid:10000, txBytes:17804, rxBytes:43978
V/NetworkStatsMonitor( 3473): wifi usage uid:10016, txBytes:1657, rxBytes:8457
V/NetworkStatsMonitor( 3473): wifi usage uid:10003, txBytes:1253, rxBytes:30245
V/NetworkStatsMonitor( 3473): wifi usage uid:1000, txBytes:719, rxBytes:399
D/AndroidRuntime( 8793): 
D/AndroidRuntime( 8793): >>>>>> AndroidRuntime START com.android.internal.os.RuntimeInit <<<<<<
D/AndroidRuntime( 8793): CheckJNI is OFF
D/dalvikvm( 8793): Trying to load lib libjavacore.so 0x0
D/dalvikvm( 8793): Added shared lib libjavacore.so 0x0
D/dalvikvm( 8793): Trying to load lib libnativehelper.so 0x0
D/dalvikvm( 8793): Added shared lib libnativehelper.so 0x0
I/ethernet( 8793): Loading ethernet jni class
D/AndroidRuntime( 8793): Calling main entry com.android.commands.am.Am
D/AndroidRuntime( 8793): Shutting down VM
D/dalvikvm( 8793): GC_CONCURRENT freed 102K, 81% free 491K/2560K, paused 0ms+0ms, total 4ms
I/wpa_supplicant( 3763): [CTRL_IFACE]wlan0: SIGNAL_POLL
V/NetworkStatsMonitor( 3473): curDataUsage uidsDir length:11
V/NetworkStatsMonitor( 3473): wifi usage uid:2000, txBytes:3443305, rxBytes:19746761
V/NetworkStatsMonitor( 3473): wifi usage uid:10053, txBytes:12512, rxBytes:1415
V/NetworkStatsMonitor( 3473): wifi usage uid:10027, txBytes:5112, rxBytes:6453
V/NetworkStatsMonitor( 3473): wifi usage uid:10022, txBytes:15090, rxBytes:74788
V/NetworkStatsMonitor( 3473): wifi usage uid:10025, txBytes:360, rxBytes:5837
V/NetworkStatsMonitor( 3473): wifi usage uid:10018, txBytes:860, rxBytes:4492
V/NetworkStatsMonitor( 3473): wifi usage uid:10030, txBytes:463, rxBytes:586
V/NetworkStatsMonitor( 3473): wifi usage uid:10000, txBytes:17804, rxBytes:43978
V/NetworkStatsMonitor( 3473): wifi usage uid:10016, txBytes:1657, rxBytes:8457
V/NetworkStatsMonitor( 3473): wifi usage uid:10003, txBytes:1253, rxBytes:30245
V/NetworkStatsMonitor( 3473): wifi usage uid:1000, txBytes:719, rxBytes:399
D/StatusBar.NetworkController( 3547): refreshViews connected={ wifi } level=?? combinedSignalIconId=0x7f0200ae/com.android.systemui:drawable/stat_sys_wifi_signal_2_fully combinedActivityIconId=0x0 mobileLabel= wifiLabel=Stuerzel-Net combinedLabel=Stuerzel-Net mAirplaneMode=false mDataActivity=0 mPhoneSignalIconId=0x7f0200a2 mDataDirectionIconId=0x0 mDataSignalIconId=0x7f0200a2 mDataTypeIconId=0x0 mWifiIconId=0x7f0200ae mBluetoothTetherIconId=0x108054e
D/StatusBar.NetworkController( 3547): changing data overlay icon id to 0
V/NetworkStatsMonitor( 3473): curDataUsage uidsDir length:11
V/NetworkStatsMonitor( 3473): wifi usage uid:2000, txBytes:3445291, rxBytes:19746929
V/NetworkStatsMonitor( 3473): wifi usage uid:10053, txBytes:12512, rxBytes:1415
V/NetworkStatsMonitor( 3473): wifi usage uid:10027, txBytes:5112, rxBytes:6453
V/NetworkStatsMonitor( 3473): wifi usage uid:10022, txBytes:15090, rxBytes:74788
V/NetworkStatsMonitor( 3473): wifi usage uid:10025, txBytes:360, rxBytes:5837
V/NetworkStatsMonitor( 3473): wifi usage uid:10018, txBytes:860, rxBytes:4492
V/NetworkStatsMonitor( 3473): wifi usage uid:10030, txBytes:463, rxBytes:586
V/NetworkStatsMonitor( 3473): wifi usage uid:10000, txBytes:17804, rxBytes:43978
V/NetworkStatsMonitor( 3473): wifi usage uid:10016, txBytes:1657, rxBytes:8457
V/NetworkStatsMonitor( 3473): wifi usage uid:10003, txBytes:1253, rxBytes:30245
V/NetworkStatsMonitor( 3473): wifi usage uid:1000, txBytes:719, rxBytes:399
D/dalvikvm( 3547): GC_CONCURRENT freed 554K, 69% free 8063K/25415K, paused 22ms+9ms, total 99ms
I/wpa_supplicant( 3763): [CTRL_IFACE]wlan0: SIGNAL_POLL
D/StatusBar.NetworkController( 3547): refreshViews connected={ wifi } level=?? combinedSignalIconId=0x7f0200ae/com.android.systemui:drawable/stat_sys_wifi_signal_2_fully combinedActivityIconId=0x7f0200a8 mobileLabel= wifiLabel=Stuerzel-Net combinedLabel=Stuerzel-Net mAirplaneMode=false mDataActivity=0 mPhoneSignalIconId=0x7f0200a2 mDataDirectionIconId=0x0 mDataSignalIconId=0x7f0200a2 mDataTypeIconId=0x0 mWifiIconId=0x7f0200ae mBluetoothTetherIconId=0x108054e
D/StatusBar.NetworkController( 3547): changing data overlay icon id to 2130837672
W/Web Console( 8749): No Content-Security-Policy meta tag found. Please add one when using the cordova-plugin-whitelist plugin. at file:///android_asset/www/plugins/cordova-plugin-whitelist/whitelist.js:25
V/NetworkStatsMonitor( 3473): curDataUsage uidsDir length:11
V/NetworkStatsMonitor( 3473): wifi usage uid:2000, txBytes:3447880, rxBytes:19747073
V/NetworkStatsMonitor( 3473): wifi usage uid:10053, txBytes:12512, rxBytes:1415
V/NetworkStatsMonitor( 3473): wifi usage uid:10027, txBytes:5112, rxBytes:6453
V/NetworkStatsMonitor( 3473): wifi usage uid:10022, txBytes:15090, rxBytes:74788
V/NetworkStatsMonitor( 3473): wifi usage uid:10025, txBytes:360, rxBytes:5837
V/NetworkStatsMonitor( 3473): wifi usage uid:10018, txBytes:860, rxBytes:4492
V/NetworkStatsMonitor( 3473): wifi usage uid:10030, txBytes:463, rxBytes:586
V/NetworkStatsMonitor( 3473): wifi usage uid:10000, txBytes:17804, rxBytes:43978
V/NetworkStatsMonitor( 3473): wifi usage uid:10016, txBytes:1657, rxBytes:8457
V/NetworkStatsMonitor( 3473): wifi usage uid:10003, txBytes:1253, rxBytes:30245
V/NetworkStatsMonitor( 3473): wifi usage uid:1000, txBytes:719, rxBytes:399
I/wpa_supplicant( 3763): [CTRL_IFACE]wlan0: SIGNAL_POLL
V/NetworkStatsMonitor( 3473): curDataUsage uidsDir length:11
V/NetworkStatsMonitor( 3473): wifi usage uid:2000, txBytes:3449562, rxBytes:19747361
V/NetworkStatsMonitor( 3473): wifi usage uid:10053, txBytes:12512, rxBytes:1415
V/NetworkStatsMonitor( 3473): wifi usage uid:10027, txBytes:5112, rxBytes:6453
V/NetworkStatsMonitor( 3473): wifi usage uid:10022, txBytes:15090, rxBytes:74788
V/NetworkStatsMonitor( 3473): wifi usage uid:10025, txBytes:360, rxBytes:5837
V/NetworkStatsMonitor( 3473): wifi usage uid:10018, txBytes:860, rxBytes:4492
V/NetworkStatsMonitor( 3473): wifi usage uid:10030, txBytes:463, rxBytes:586
V/NetworkStatsMonitor( 3473): wifi usage uid:10000, txBytes:17804, rxBytes:43978
V/NetworkStatsMonitor( 3473): wifi usage uid:10016, txBytes:1657, rxBytes:8457
V/NetworkStatsMonitor( 3473): wifi usage uid:10003, txBytes:1253, rxBytes:30245
V/NetworkStatsMonitor( 3473): wifi usage uid:1000, txBytes:719, rxBytes:399
D/StatusBar.NetworkController( 3547): refreshViews connected={ wifi } level=?? combinedSignalIconId=0x7f0200ae/com.android.systemui:drawable/stat_sys_wifi_signal_2_fully combinedActivityIconId=0x0 mobileLabel= wifiLabel=Stuerzel-Net combinedLabel=Stuerzel-Net mAirplaneMode=false mDataActivity=0 mPhoneSignalIconId=0x7f0200a2 mDataDirectionIconId=0x0 mDataSignalIconId=0x7f0200a2 mDataTypeIconId=0x0 mWifiIconId=0x7f0200ae mBluetoothTetherIconId=0x108054e
D/StatusBar.NetworkController( 3547): changing data overlay icon id to 0
V/NetworkStatsMonitor( 3473): curDataUsage uidsDir length:11
V/NetworkStatsMonitor( 3473): wifi usage uid:2000, txBytes:3451724, rxBytes:19747625
V/NetworkStatsMonitor( 3473): wifi usage uid:10053, txBytes:12512, rxBytes:1415
V/NetworkStatsMonitor( 3473): wifi usage uid:10027, txBytes:5112, rxBytes:6453
V/NetworkStatsMonitor( 3473): wifi usage uid:10022, txBytes:15090, rxBytes:74788
V/NetworkStatsMonitor( 3473): wifi usage uid:10025, txBytes:360, rxBytes:5837
V/NetworkStatsMonitor( 3473): wifi usage uid:10018, txBytes:860, rxBytes:4492
V/NetworkStatsMonitor( 3473): wifi usage uid:10030, txBytes:463, rxBytes:586
V/NetworkStatsMonitor( 3473): wifi usage uid:10000, txBytes:17804, rxBytes:43978
V/NetworkStatsMonitor( 3473): wifi usage uid:10016, txBytes:1657, rxBytes:8457
V/NetworkStatsMonitor( 3473): wifi usage uid:10003, txBytes:1253, rxBytes:30245
V/NetworkStatsMonitor( 3473): wifi usage uid:1000, txBytes:719, rxBytes:399
I/wpa_supplicant( 3763): [CTRL_IFACE]wlan0: SIGNAL_POLL
D/StatusBar.NetworkController( 3547): refreshViews connected={ wifi } level=?? combinedSignalIconId=0x7f0200ae/com.android.systemui:drawable/stat_sys_wifi_signal_2_fully combinedActivityIconId=0x7f0200a8 mobileLabel= wifiLabel=Stuerzel-Net combinedLabel=Stuerzel-Net mAirplaneMode=false mDataActivity=0 mPhoneSignalIconId=0x7f0200a2 mDataDirectionIconId=0x0 mDataSignalIconId=0x7f0200a2 mDataTypeIconId=0x0 mWifiIconId=0x7f0200ae mBluetoothTetherIconId=0x108054e
D/StatusBar.NetworkController( 3547): changing data overlay icon id to 2130837672
V/NetworkStatsMonitor( 3473): curDataUsage uidsDir length:11
V/NetworkStatsMonitor( 3473): wifi usage uid:2000, txBytes:3453869, rxBytes:19747769
V/NetworkStatsMonitor( 3473): wifi usage uid:10053, txBytes:12512, rxBytes:1415
V/NetworkStatsMonitor( 3473): wifi usage uid:10027, txBytes:5112, rxBytes:6453
V/NetworkStatsMonitor( 3473): wifi usage uid:10022, txBytes:15090, rxBytes:74788
V/NetworkStatsMonitor( 3473): wifi usage uid:10025, txBytes:360, rxBytes:5837
V/NetworkStatsMonitor( 3473): wifi usage uid:10018, txBytes:860, rxBytes:4492
V/NetworkStatsMonitor( 3473): wifi usage uid:10030, txBytes:463, rxBytes:586
V/NetworkStatsMonitor( 3473): wifi usage uid:10000, txBytes:17804, rxBytes:43978
V/NetworkStatsMonitor( 3473): wifi usage uid:10016, txBytes:1657, rxBytes:8457
V/NetworkStatsMonitor( 3473): wifi usage uid:10003, txBytes:1253, rxBytes:30245
V/NetworkStatsMonitor( 3473): wifi usage uid:1000, txBytes:719, rxBytes:399
I/wpa_supplicant( 3763): [CTRL_IFACE]wlan0: SIGNAL_POLL
V/NetworkStatsMonitor( 3473): curDataUsage uidsDir length:11
V/NetworkStatsMonitor( 3473): wifi usage uid:2000, txBytes:3455335, rxBytes:19747841
V/NetworkStatsMonitor( 3473): wifi usage uid:10053, txBytes:12512, rxBytes:1415
V/NetworkStatsMonitor( 3473): wifi usage uid:10027, txBytes:5112, rxBytes:6453
V/NetworkStatsMonitor( 3473): wifi usage uid:10022, txBytes:15090, rxBytes:74788
V/NetworkStatsMonitor( 3473): wifi usage uid:10025, txBytes:360, rxBytes:5837
V/NetworkStatsMonitor( 3473): wifi usage uid:10018, txBytes:860, rxBytes:4492
V/NetworkStatsMonitor( 3473): wifi usage uid:10030, txBytes:463, rxBytes:586
V/NetworkStatsMonitor( 3473): wifi usage uid:10000, txBytes:17804, rxBytes:43978
V/NetworkStatsMonitor( 3473): wifi usage uid:10016, txBytes:1657, rxBytes:8457
V/NetworkStatsMonitor( 3473): wifi usage uid:10003, txBytes:1253, rxBytes:30245
V/NetworkStatsMonitor( 3473): wifi usage uid:1000, txBytes:719, rxBytes:399
W/Web Console( 8749): No Content-Security-Policy meta tag found. Please add one when using the cordova-plugin-whitelist plugin. at file:///android_asset/www/plugins/cordova-plugin-whitelist/whitelist.js:25
V/NetworkStatsMonitor( 3473): curDataUsage uidsDir length:11
V/NetworkStatsMonitor( 3473): wifi usage uid:2000, txBytes:3456951, rxBytes:19747913
V/NetworkStatsMonitor( 3473): wifi usage uid:10053, txBytes:12512, rxBytes:1415
V/NetworkStatsMonitor( 3473): wifi usage uid:10027, txBytes:5112, rxBytes:6453
V/NetworkStatsMonitor( 3473): wifi usage uid:10022, txBytes:15090, rxBytes:74788
V/NetworkStatsMonitor( 3473): wifi usage uid:10025, txBytes:360, rxBytes:5837
V/NetworkStatsMonitor( 3473): wifi usage uid:10018, txBytes:860, rxBytes:4492
V/NetworkStatsMonitor( 3473): wifi usage uid:10030, txBytes:463, rxBytes:586
V/NetworkStatsMonitor( 3473): wifi usage uid:10000, txBytes:17804, rxBytes:43978
V/NetworkStatsMonitor( 3473): wifi usage uid:10016, txBytes:1657, rxBytes:8457
V/NetworkStatsMonitor( 3473): wifi usage uid:10003, txBytes:1253, rxBytes:30245
V/NetworkStatsMonitor( 3473): wifi usage uid:1000, txBytes:719, rxBytes:399
I/wpa_supplicant( 3763): [CTRL_IFACE]wlan0: SIGNAL_POLL
D/StatusBar.NetworkController( 3547): refreshViews connected={ wifi } level=?? combinedSignalIconId=0x7f0200ae/com.android.systemui:drawable/stat_sys_wifi_signal_2_fully combinedActivityIconId=0x0 mobileLabel= wifiLabel=Stuerzel-Net combinedLabel=Stuerzel-Net mAirplaneMode=false mDataActivity=0 mPhoneSignalIconId=0x7f0200a2 mDataDirectionIconId=0x0 mDataSignalIconId=0x7f0200a2 mDataTypeIconId=0x0 mWifiIconId=0x7f0200ae mBluetoothTetherIconId=0x108054e
D/StatusBar.NetworkController( 3547): changing data overlay icon id to 0
V/NetworkStatsMonitor( 3473): curDataUsage uidsDir length:11
V/NetworkStatsMonitor( 3473): wifi usage uid:2000, txBytes:3459056, rxBytes:19748033
V/NetworkStatsMonitor( 3473): wifi usage uid:10053, txBytes:12512, rxBytes:1415
V/NetworkStatsMonitor( 3473): wifi usage uid:10027, txBytes:5112, rxBytes:6453
V/NetworkStatsMonitor( 3473): wifi usage uid:10022, txBytes:15090, rxBytes:74788
V/NetworkStatsMonitor( 3473): wifi usage uid:10025, txBytes:360, rxBytes:5837
V/NetworkStatsMonitor( 3473): wifi usage uid:10018, txBytes:860, rxBytes:4492
V/NetworkStatsMonitor( 3473): wifi usage uid:10030, txBytes:463, rxBytes:586
V/NetworkStatsMonitor( 3473): wifi usage uid:10000, txBytes:17804, rxBytes:43978
V/NetworkStatsMonitor( 3473): wifi usage uid:10016, txBytes:1657, rxBytes:8457
V/NetworkStatsMonitor( 3473): wifi usage uid:10003, txBytes:1253, rxBytes:30245
V/NetworkStatsMonitor( 3473): wifi usage uid:1000, txBytes:719, rxBytes:399
D/StatusBar.NetworkController( 3547): refreshViews connected={ wifi } level=?? combinedSignalIconId=0x7f0200ae/com.android.systemui:drawable/stat_sys_wifi_signal_2_fully combinedActivityIconId=0x7f0200a8 mobileLabel= wifiLabel=Stuerzel-Net combinedLabel=Stuerzel-Net mAirplaneMode=false mDataActivity=0 mPhoneSignalIconId=0x7f0200a2 mDataDirectionIconId=0x0 mDataSignalIconId=0x7f0200a2 mDataTypeIconId=0x0 mWifiIconId=0x7f0200ae mBluetoothTetherIconId=0x108054e
D/StatusBar.NetworkController( 3547): changing data overlay icon id to 2130837672
I/wpa_supplicant( 3763): [CTRL_IFACE]wlan0: SIGNAL_POLL
V/NetworkStatsMonitor( 3473): curDataUsage uidsDir length:11
V/NetworkStatsMonitor( 3473): wifi usage uid:2000, txBytes:3461177, rxBytes:19748153
V/NetworkStatsMonitor( 3473): wifi usage uid:10053, txBytes:12512, rxBytes:1415
V/NetworkStatsMonitor( 3473): wifi usage uid:10027, txBytes:5112, rxBytes:6453
V/NetworkStatsMonitor( 3473): wifi usage uid:10022, txBytes:15090, rxBytes:74788
V/NetworkStatsMonitor( 3473): wifi usage uid:10025, txBytes:360, rxBytes:5837
V/NetworkStatsMonitor( 3473): wifi usage uid:10018, txBytes:860, rxBytes:4492
V/NetworkStatsMonitor( 3473): wifi usage uid:10030, txBytes:463, rxBytes:586
V/NetworkStatsMonitor( 3473): wifi usage uid:10000, txBytes:17804, rxBytes:43978
V/NetworkStatsMonitor( 3473): wifi usage uid:10016, txBytes:1657, rxBytes:8457
V/NetworkStatsMonitor( 3473): wifi usage uid:10003, txBytes:1253, rxBytes:30245
V/NetworkStatsMonitor( 3473): wifi usage uid:1000, txBytes:719, rxBytes:399
D/StatusBar.NetworkController( 3547): refreshViews connected={ wifi } level=?? combinedSignalIconId=0x7f0200ae/com.android.systemui:drawable/stat_sys_wifi_signal_2_fully combinedActivityIconId=0x0 mobileLabel= wifiLabel=Stuerzel-Net combinedLabel=Stuerzel-Net mAirplaneMode=false mDataActivity=0 mPhoneSignalIconId=0x7f0200a2 mDataDirectionIconId=0x0 mDataSignalIconId=0x7f0200a2 mDataTypeIconId=0x0 mWifiIconId=0x7f0200ae mBluetoothTetherIconId=0x108054e
D/StatusBar.NetworkController( 3547): changing data overlay icon id to 0
I/wpa_supplicant( 3763): [CTRL_IFACE]wlan0: SIGNAL_POLL
V/NetworkStatsMonitor( 3473): curDataUsage uidsDir length:11
V/NetworkStatsMonitor( 3473): wifi usage uid:2000, txBytes:3463171, rxBytes:19748249
V/NetworkStatsMonitor( 3473): wifi usage uid:10053, txBytes:12512, rxBytes:1415
V/NetworkStatsMonitor( 3473): wifi usage uid:10027, txBytes:5112, rxBytes:6453
V/NetworkStatsMonitor( 3473): wifi usage uid:10022, txBytes:15090, rxBytes:74788
V/NetworkStatsMonitor( 3473): wifi usage uid:10025, txBytes:360, rxBytes:5837
V/NetworkStatsMonitor( 3473): wifi usage uid:10018, txBytes:860, rxBytes:4492
V/NetworkStatsMonitor( 3473): wifi usage uid:10030, txBytes:463, rxBytes:586
V/NetworkStatsMonitor( 3473): wifi usage uid:10000, txBytes:17804, rxBytes:43978
V/NetworkStatsMonitor( 3473): wifi usage uid:10016, txBytes:1657, rxBytes:8457
V/NetworkStatsMonitor( 3473): wifi usage uid:10003, txBytes:1253, rxBytes:30245
V/NetworkStatsMonitor( 3473): wifi usage uid:1000, txBytes:719, rxBytes:399
D/StatusBar.NetworkController( 3547): refreshViews connected={ wifi } level=?? combinedSignalIconId=0x7f0200ae/com.android.systemui:drawable/stat_sys_wifi_signal_2_fully combinedActivityIconId=0x7f0200a8 mobileLabel= wifiLabel=Stuerzel-Net combinedLabel=Stuerzel-Net mAirplaneMode=false mDataActivity=0 mPhoneSignalIconId=0x7f0200a2 mDataDirectionIconId=0x0 mDataSignalIconId=0x7f0200a2 mDataTypeIconId=0x0 mWifiIconId=0x7f0200ae mBluetoothTetherIconId=0x108054e
D/StatusBar.NetworkController( 3547): changing data overlay icon id to 2130837672
V/NetworkStatsMonitor( 3473): curDataUsage uidsDir length:11
V/NetworkStatsMonitor( 3473): wifi usage uid:2000, txBytes:3465268, rxBytes:19748345
V/NetworkStatsMonitor( 3473): wifi usage uid:10053, txBytes:12512, rxBytes:1415
V/NetworkStatsMonitor( 3473): wifi usage uid:10027, txBytes:5112, rxBytes:6453
V/NetworkStatsMonitor( 3473): wifi usage uid:10022, txBytes:15090, rxBytes:74788
V/NetworkStatsMonitor( 3473): wifi usage uid:10025, txBytes:360, rxBytes:5837
V/NetworkStatsMonitor( 3473): wifi usage uid:10018, txBytes:860, rxBytes:4492
V/NetworkStatsMonitor( 3473): wifi usage uid:10030, txBytes:463, rxBytes:586
V/NetworkStatsMonitor( 3473): wifi usage uid:10000, txBytes:17804, rxBytes:43978
V/NetworkStatsMonitor( 3473): wifi usage uid:10016, txBytes:1657, rxBytes:8457
V/NetworkStatsMonitor( 3473): wifi usage uid:10003, txBytes:1253, rxBytes:30245
V/NetworkStatsMonitor( 3473): wifi usage uid:1000, txBytes:719, rxBytes:399
I/wpa_supplicant( 3763): [CTRL_IFACE]wlan0: SIGNAL_POLL
W/Web Console( 8749): No Content-Security-Policy meta tag found. Please add one when using the cordova-plugin-whitelist plugin. at file:///android_asset/www/plugins/cordova-plugin-whitelist/whitelist.js:25
V/NetworkStatsMonitor( 3473): curDataUsage uidsDir length:11
V/NetworkStatsMonitor( 3473): wifi usage uid:2000, txBytes:3466995, rxBytes:19748441
V/NetworkStatsMonitor( 3473): wifi usage uid:10053, txBytes:12512, rxBytes:1415
V/NetworkStatsMonitor( 3473): wifi usage uid:10027, txBytes:5112, rxBytes:6453
V/NetworkStatsMonitor( 3473): wifi usage uid:10022, txBytes:15090, rxBytes:74788
V/NetworkStatsMonitor( 3473): wifi usage uid:10025, txBytes:360, rxBytes:5837
V/NetworkStatsMonitor( 3473): wifi usage uid:10018, txBytes:860, rxBytes:4492
V/NetworkStatsMonitor( 3473): wifi usage uid:10030, txBytes:463, rxBytes:586
V/NetworkStatsMonitor( 3473): wifi usage uid:10000, txBytes:17804, rxBytes:43978
V/NetworkStatsMonitor( 3473): wifi usage uid:10016, txBytes:1657, rxBytes:8457
V/NetworkStatsMonitor( 3473): wifi usage uid:10003, txBytes:1253, rxBytes:30245
V/NetworkStatsMonitor( 3473): wifi usage uid:1000, txBytes:719, rxBytes:399
D/StatusBar.NetworkController( 3547): refreshViews connected={ wifi } level=?? combinedSignalIconId=0x7f0200ae/com.android.systemui:drawable/stat_sys_wifi_signal_2_fully combinedActivityIconId=0x0 mobileLabel= wifiLabel=Stuerzel-Net combinedLabel=Stuerzel-Net mAirplaneMode=false mDataActivity=0 mPhoneSignalIconId=0x7f0200a2 mDataDirectionIconId=0x0 mDataSignalIconId=0x7f0200a2 mDataTypeIconId=0x0 mWifiIconId=0x7f0200ae mBluetoothTetherIconId=0x108054e
D/StatusBar.NetworkController( 3547): changing data overlay icon id to 0
I/wpa_supplicant( 3763): [CTRL_IFACE]wlan0: SIGNAL_POLL
V/NetworkStatsMonitor( 3473): curDataUsage uidsDir length:11
V/NetworkStatsMonitor( 3473): wifi usage uid:2000, txBytes:3469100, rxBytes:19748537
V/NetworkStatsMonitor( 3473): wifi usage uid:10053, txBytes:12512, rxBytes:1415
V/NetworkStatsMonitor( 3473): wifi usage uid:10027, txBytes:5112, rxBytes:6453
V/NetworkStatsMonitor( 3473): wifi usage uid:10022, txBytes:15090, rxBytes:74788
V/NetworkStatsMonitor( 3473): wifi usage uid:10025, txBytes:360, rxBytes:5837
V/NetworkStatsMonitor( 3473): wifi usage uid:10018, txBytes:860, rxBytes:4492
V/NetworkStatsMonitor( 3473): wifi usage uid:10030, txBytes:463, rxBytes:586
V/NetworkStatsMonitor( 3473): wifi usage uid:10000, txBytes:17804, rxBytes:43978
V/NetworkStatsMonitor( 3473): wifi usage uid:10016, txBytes:1657, rxBytes:8457
V/NetworkStatsMonitor( 3473): wifi usage uid:10003, txBytes:1253, rxBytes:30245
V/NetworkStatsMonitor( 3473): wifi usage uid:1000, txBytes:719, rxBytes:399
D/StatusBar.NetworkController( 3547): refreshViews connected={ wifi } level=?? combinedSignalIconId=0x7f0200ae/com.android.systemui:drawable/stat_sys_wifi_signal_2_fully combinedActivityIconId=0x7f0200a8 mobileLabel= wifiLabel=Stuerzel-Net combinedLabel=Stuerzel-Net mAirplaneMode=false mDataActivity=0 mPhoneSignalIconId=0x7f0200a2 mDataDirectionIconId=0x0 mDataSignalIconId=0x7f0200a2 mDataTypeIconId=0x0 mWifiIconId=0x7f0200ae mBluetoothTetherIconId=0x108054e
D/StatusBar.NetworkController( 3547): changing data overlay icon id to 2130837672
V/NetworkStatsMonitor( 3473): curDataUsage uidsDir length:11
V/NetworkStatsMonitor( 3473): wifi usage uid:2000, txBytes:3471086, rxBytes:19748633
V/NetworkStatsMonitor( 3473): wifi usage uid:10053, txBytes:12512, rxBytes:1415
V/NetworkStatsMonitor( 3473): wifi usage uid:10027, txBytes:5112, rxBytes:6453
V/NetworkStatsMonitor( 3473): wifi usage uid:10022, txBytes:15090, rxBytes:74788
V/NetworkStatsMonitor( 3473): wifi usage uid:10025, txBytes:360, rxBytes:5837
V/NetworkStatsMonitor( 3473): wifi usage uid:10018, txBytes:860, rxBytes:4492
V/NetworkStatsMonitor( 3473): wifi usage uid:10030, txBytes:463, rxBytes:586
V/NetworkStatsMonitor( 3473): wifi usage uid:10000, txBytes:17804, rxBytes:43978
V/NetworkStatsMonitor( 3473): wifi usage uid:10016, txBytes:1657, rxBytes:8457
V/NetworkStatsMonitor( 3473): wifi usage uid:10003, txBytes:1253, rxBytes:30245
V/NetworkStatsMonitor( 3473): wifi usage uid:1000, txBytes:719, rxBytes:399
I/wpa_supplicant( 3763): [CTRL_IFACE]wlan0: SIGNAL_POLL
V/NetworkStatsMonitor( 3473): curDataUsage uidsDir length:11
V/NetworkStatsMonitor( 3473): wifi usage uid:2000, txBytes:3472552, rxBytes:19748705
V/NetworkStatsMonitor( 3473): wifi usage uid:10053, txBytes:12512, rxBytes:1415
V/NetworkStatsMonitor( 3473): wifi usage uid:10027, txBytes:5112, rxBytes:6453
V/NetworkStatsMonitor( 3473): wifi usage uid:10022, txBytes:15090, rxBytes:74788
V/NetworkStatsMonitor( 3473): wifi usage uid:10025, txBytes:360, rxBytes:5837
V/NetworkStatsMonitor( 3473): wifi usage uid:10018, txBytes:860, rxBytes:4492
V/NetworkStatsMonitor( 3473): wifi usage uid:10030, txBytes:463, rxBytes:586
V/NetworkStatsMonitor( 3473): wifi usage uid:10000, txBytes:17804, rxBytes:43978
V/NetworkStatsMonitor( 3473): wifi usage uid:10016, txBytes:1657, rxBytes:8457
V/NetworkStatsMonitor( 3473): wifi usage uid:10003, txBytes:1253, rxBytes:30245
V/NetworkStatsMonitor( 3473): wifi usage uid:1000, txBytes:719, rxBytes:399
D/StatusBar.NetworkController( 3547): refreshViews connected={ wifi } level=?? combinedSignalIconId=0x7f0200ae/com.android.systemui:drawable/stat_sys_wifi_signal_2_fully combinedActivityIconId=0x0 mobileLabel= wifiLabel=Stuerzel-Net combinedLabel=Stuerzel-Net mAirplaneMode=false mDataActivity=0 mPhoneSignalIconId=0x7f0200a2 mDataDirectionIconId=0x0 mDataSignalIconId=0x7f0200a2 mDataTypeIconId=0x0 mWifiIconId=0x7f0200ae mBluetoothTetherIconId=0x108054e
D/StatusBar.NetworkController( 3547): changing data overlay icon id to 0
I/wpa_supplicant( 3763): [CTRL_IFACE]wlan0: SIGNAL_POLL
V/NetworkStatsMonitor( 3473): curDataUsage uidsDir length:11
V/NetworkStatsMonitor( 3473): wifi usage uid:2000, txBytes:3474801, rxBytes:19748969
V/NetworkStatsMonitor( 3473): wifi usage uid:10053, txBytes:12512, rxBytes:1415
V/NetworkStatsMonitor( 3473): wifi usage uid:10027, txBytes:5112, rxBytes:6453
V/NetworkStatsMonitor( 3473): wifi usage uid:10022, txBytes:15090, rxBytes:74788
V/NetworkStatsMonitor( 3473): wifi usage uid:10025, txBytes:360, rxBytes:5837
V/NetworkStatsMonitor( 3473): wifi usage uid:10018, txBytes:860, rxBytes:4492
V/NetworkStatsMonitor( 3473): wifi usage uid:10030, txBytes:463, rxBytes:586
V/NetworkStatsMonitor( 3473): wifi usage uid:10000, txBytes:17804, rxBytes:43978
V/NetworkStatsMonitor( 3473): wifi usage uid:10016, txBytes:1657, rxBytes:8457
V/NetworkStatsMonitor( 3473): wifi usage uid:10003, txBytes:1253, rxBytes:30245
V/NetworkStatsMonitor( 3473): wifi usage uid:1000, txBytes:719, rxBytes:399
D/StatusBar.NetworkController( 3547): refreshViews connected={ wifi } level=?? combinedSignalIconId=0x7f0200ae/com.android.systemui:drawable/stat_sys_wifi_signal_2_fully combinedActivityIconId=0x7f0200a8 mobileLabel= wifiLabel=Stuerzel-Net combinedLabel=Stuerzel-Net mAirplaneMode=false mDataActivity=0 mPhoneSignalIconId=0x7f0200a2 mDataDirectionIconId=0x0 mDataSignalIconId=0x7f0200a2 mDataTypeIconId=0x0 mWifiIconId=0x7f0200ae mBluetoothTetherIconId=0x108054e
D/StatusBar.NetworkController( 3547): changing data overlay icon id to 2130837672
W/Web Console( 8749): No Content-Security-Policy meta tag found. Please add one when using the cordova-plugin-whitelist plugin. at file:///android_asset/www/plugins/cordova-plugin-whitelist/whitelist.js:25
V/NetworkStatsMonitor( 3473): curDataUsage uidsDir length:11
V/NetworkStatsMonitor( 3473): wifi usage uid:2000, txBytes:3477144, rxBytes:19749161
V/NetworkStatsMonitor( 3473): wifi usage uid:10053, txBytes:12512, rxBytes:1415
V/NetworkStatsMonitor( 3473): wifi usage uid:10027, txBytes:5112, rxBytes:6453
V/NetworkStatsMonitor( 3473): wifi usage uid:10022, txBytes:15090, rxBytes:74788
V/NetworkStatsMonitor( 3473): wifi usage uid:10025, txBytes:360, rxBytes:5837
V/NetworkStatsMonitor( 3473): wifi usage uid:10018, txBytes:860, rxBytes:4492
V/NetworkStatsMonitor( 3473): wifi usage uid:10030, txBytes:463, rxBytes:586
V/NetworkStatsMonitor( 3473): wifi usage uid:10000, txBytes:17804, rxBytes:43978
V/NetworkStatsMonitor( 3473): wifi usage uid:10016, txBytes:1657, rxBytes:8457
V/NetworkStatsMonitor( 3473): wifi usage uid:10003, txBytes:1253, rxBytes:30245
V/NetworkStatsMonitor( 3473): wifi usage uid:1000, txBytes:719, rxBytes:399
I/wpa_supplicant( 3763): [CTRL_IFACE]wlan0: SIGNAL_POLL
V/NetworkStatsMonitor( 3473): curDataUsage uidsDir length:11
V/NetworkStatsMonitor( 3473): wifi usage uid:2000, txBytes:3478610, rxBytes:19749233
V/NetworkStatsMonitor( 3473): wifi usage uid:10053, txBytes:12512, rxBytes:1415
V/NetworkStatsMonitor( 3473): wifi usage uid:10027, txBytes:5112, rxBytes:6453
V/NetworkStatsMonitor( 3473): wifi usage uid:10022, txBytes:15090, rxBytes:74788
V/NetworkStatsMonitor( 3473): wifi usage uid:10025, txBytes:360, rxBytes:5837
V/NetworkStatsMonitor( 3473): wifi usage uid:10018, txBytes:860, rxBytes:4492
V/NetworkStatsMonitor( 3473): wifi usage uid:10030, txBytes:463, rxBytes:586
V/NetworkStatsMonitor( 3473): wifi usage uid:10000, txBytes:17804, rxBytes:43978
V/NetworkStatsMonitor( 3473): wifi usage uid:10016, txBytes:1657, rxBytes:8457
V/NetworkStatsMonitor( 3473): wifi usage uid:10003, txBytes:1253, rxBytes:30245
