V/NetworkStatsMonitor( 3473): wifi usage uid:1000, txBytes:719, rxBytes:399
D/StatusBar.NetworkController( 3547): refreshViews connected={ wifi } level=?? combinedSignalIconId=0x7f0200ae/com.android.systemui:drawable/stat_sys_wifi_signal_2_fully combinedActivityIconId=0x0 mobileLabel= wifiLabel=Stuerzel-Net combinedLabel=Stuerzel-Net mAirplaneMode=false mDataActivity=0 mPhoneSignalIconId=0x7f0200a2 mDataDirectionIconId=0x0 mDataSignalIconId=0x7f0200a2 mDataTypeIconId=0x0 mWifiIconId=0x7f0200ae mBluetoothTetherIconId=0x108054e
D/StatusBar.NetworkController( 3547): changing data overlay icon id to 0
I/wpa_supplicant( 3763): [CTRL_IFACE]wlan0: SIGNAL_POLL
V/NetworkStatsMonitor( 3473): curDataUsage uidsDir length:11
V/NetworkStatsMonitor( 3473): wifi usage uid:2000, txBytes:3480715, rxBytes:19749353
V/NetworkStatsMonitor( 3473): wifi usage uid:10053, txBytes:12512, rxBytes:1415
V/NetworkStatsMonitor( 3473): wifi usage uid:10027, txBytes:5112, rxBytes:6453
V/NetworkStatsMonitor( 3473): wifi usage uid:10022, txBytes:15090, rxBytes:74788
V/NetworkStatsMonitor( 3473): wifi usage uid:10025, txBytes:360, rxBytes:5837
V/NetworkStatsMonitor( 3473): wifi usage uid:10018, txBytes:860, rxBytes:4492
V/NetworkStatsMonitor( 3473): wifi usage uid:10030, txBytes:463, rxBytes:586
V/NetworkStatsMonitor( 3473): wifi usage uid:10000, txBytes:17804, rxBytes:43978
V/NetworkStatsMonitor( 3473): wifi usage uid:10016, txBytes:1657, rxBytes:8457
V/NetworkStatsMonitor( 3473): wifi usage uid:10003, txBytes:1253, rxBytes:30245
V/NetworkStatsMonitor( 3473): wifi usage uid:1000, txBytes:719, rxBytes:399
D/StatusBar.NetworkController( 3547): refreshViews connected={ wifi } level=?? combinedSignalIconId=0x7f0200ae/com.android.systemui:drawable/stat_sys_wifi_signal_2_fully combinedActivityIconId=0x7f0200a8 mobileLabel= wifiLabel=Stuerzel-Net combinedLabel=Stuerzel-Net mAirplaneMode=false mDataActivity=0 mPhoneSignalIconId=0x7f0200a2 mDataDirectionIconId=0x0 mDataSignalIconId=0x7f0200a2 mDataTypeIconId=0x0 mWifiIconId=0x7f0200ae mBluetoothTetherIconId=0x108054e
D/StatusBar.NetworkController( 3547): changing data overlay icon id to 2130837672
V/NetworkStatsMonitor( 3473): curDataUsage uidsDir length:11
V/NetworkStatsMonitor( 3473): wifi usage uid:2000, txBytes:3483627, rxBytes:19749597
V/NetworkStatsMonitor( 3473): wifi usage uid:10053, txBytes:12512, rxBytes:1415
V/NetworkStatsMonitor( 3473): wifi usage uid:10027, txBytes:5112, rxBytes:6453
V/NetworkStatsMonitor( 3473): wifi usage uid:10022, txBytes:15090, rxBytes:74788
V/NetworkStatsMonitor( 3473): wifi usage uid:10025, txBytes:360, rxBytes:5837
V/NetworkStatsMonitor( 3473): wifi usage uid:10018, txBytes:860, rxBytes:4492
V/NetworkStatsMonitor( 3473): wifi usage uid:10030, txBytes:463, rxBytes:586
V/NetworkStatsMonitor( 3473): wifi usage uid:10000, txBytes:17804, rxBytes:43978
V/NetworkStatsMonitor( 3473): wifi usage uid:10016, txBytes:1657, rxBytes:8457
V/NetworkStatsMonitor( 3473): wifi usage uid:10003, txBytes:1253, rxBytes:30245
V/NetworkStatsMonitor( 3473): wifi usage uid:1000, txBytes:719, rxBytes:399
I/wpa_supplicant( 3763): [CTRL_IFACE]wlan0: SIGNAL_POLL
V/NetworkStatsMonitor( 3473): curDataUsage uidsDir length:11
V/NetworkStatsMonitor( 3473): wifi usage uid:2000, txBytes:3485566, rxBytes:19749832
V/NetworkStatsMonitor( 3473): wifi usage uid:10053, txBytes:12512, rxBytes:1415
V/NetworkStatsMonitor( 3473): wifi usage uid:10027, txBytes:5112, rxBytes:6453
V/NetworkStatsMonitor( 3473): wifi usage uid:10022, txBytes:15090, rxBytes:74788
V/NetworkStatsMonitor( 3473): wifi usage uid:10025, txBytes:360, rxBytes:5837
V/NetworkStatsMonitor( 3473): wifi usage uid:10018, txBytes:860, rxBytes:4492
V/NetworkStatsMonitor( 3473): wifi usage uid:10030, txBytes:463, rxBytes:586
V/NetworkStatsMonitor( 3473): wifi usage uid:10000, txBytes:17804, rxBytes:43978
V/NetworkStatsMonitor( 3473): wifi usage uid:10016, txBytes:1657, rxBytes:8457
V/NetworkStatsMonitor( 3473): wifi usage uid:10003, txBytes:1253, rxBytes:30245
V/NetworkStatsMonitor( 3473): wifi usage uid:1000, txBytes:719, rxBytes:399
W/Web Console( 8749): No Content-Security-Policy meta tag found. Please add one when using the cordova-plugin-whitelist plugin. at file:///android_asset/www/plugins/cordova-plugin-whitelist/whitelist.js:25
I/wpa_supplicant( 3763): [CTRL_IFACE]wlan0: SIGNAL_POLL
V/NetworkStatsMonitor( 3473): curDataUsage uidsDir length:11
V/NetworkStatsMonitor( 3473): wifi usage uid:2000, txBytes:3487670, rxBytes:19749995
V/NetworkStatsMonitor( 3473): wifi usage uid:10053, txBytes:12512, rxBytes:1415
V/NetworkStatsMonitor( 3473): wifi usage uid:10027, txBytes:5112, rxBytes:6453
V/NetworkStatsMonitor( 3473): wifi usage uid:10022, txBytes:15090, rxBytes:74788
V/NetworkStatsMonitor( 3473): wifi usage uid:10025, txBytes:360, rxBytes:5837
V/NetworkStatsMonitor( 3473): wifi usage uid:10018, txBytes:860, rxBytes:4492
V/NetworkStatsMonitor( 3473): wifi usage uid:10030, txBytes:463, rxBytes:586
V/NetworkStatsMonitor( 3473): wifi usage uid:10000, txBytes:17804, rxBytes:43978
V/NetworkStatsMonitor( 3473): wifi usage uid:10016, txBytes:1657, rxBytes:8457
V/NetworkStatsMonitor( 3473): wifi usage uid:10003, txBytes:1253, rxBytes:30245
V/NetworkStatsMonitor( 3473): wifi usage uid:1000, txBytes:719, rxBytes:399
V/NetworkStatsMonitor( 3473): curDataUsage uidsDir length:11
V/NetworkStatsMonitor( 3473): wifi usage uid:2000, txBytes:3489193, rxBytes:19750211
D/StatusBar.NetworkController( 3547): refreshViews connected={ wifi } level=?? combinedSignalIconId=0x7f0200ae/com.android.systemui:drawable/stat_sys_wifi_signal_2_fully combinedActivityIconId=0x7f0200a9 mobileLabel= wifiLabel=Stuerzel-Net combinedLabel=Stuerzel-Net mAirplaneMode=false mDataActivity=0 mPhoneSignalIconId=0x7f0200a2 mDataDirectionIconId=0x0 mDataSignalIconId=0x7f0200a2 mDataTypeIconId=0x0 mWifiIconId=0x7f0200ae mBluetoothTetherIconId=0x108054e
V/NetworkStatsMonitor( 3473): wifi usage uid:10053, txBytes:12512, rxBytes:1415
V/NetworkStatsMonitor( 3473): wifi usage uid:10027, txBytes:5112, rxBytes:6453
D/StatusBar.NetworkController( 3547): changing data overlay icon id to 2130837673
V/NetworkStatsMonitor( 3473): wifi usage uid:10022, txBytes:15090, rxBytes:74788
V/NetworkStatsMonitor( 3473): wifi usage uid:10025, txBytes:360, rxBytes:5837
V/NetworkStatsMonitor( 3473): wifi usage uid:10018, txBytes:860, rxBytes:4492
V/NetworkStatsMonitor( 3473): wifi usage uid:10030, txBytes:463, rxBytes:586
V/NetworkStatsMonitor( 3473): wifi usage uid:10000, txBytes:17804, rxBytes:43978
V/NetworkStatsMonitor( 3473): wifi usage uid:10016, txBytes:1657, rxBytes:8457
V/NetworkStatsMonitor( 3473): wifi usage uid:10003, txBytes:1253, rxBytes:30245
V/NetworkStatsMonitor( 3473): wifi usage uid:1000, txBytes:719, rxBytes:399
I/wpa_supplicant( 3763): [CTRL_IFACE]wlan0: SIGNAL_POLL
D/StatusBar.NetworkController( 3547): refreshViews connected={ wifi } level=?? combinedSignalIconId=0x7f0200b0/com.android.systemui:drawable/stat_sys_wifi_signal_3_fully combinedActivityIconId=0x7f0200a9 mobileLabel= wifiLabel=Stuerzel-Net combinedLabel=Stuerzel-Net mAirplaneMode=false mDataActivity=0 mPhoneSignalIconId=0x7f0200a2 mDataDirectionIconId=0x0 mDataSignalIconId=0x7f0200a2 mDataTypeIconId=0x0 mWifiIconId=0x7f0200b0 mBluetoothTetherIconId=0x108054e
I/Web Console( 8749): Updated Manual Mode to: true / false at file:///android_asset/www/js/controllers.js:71
D/Serial  ( 8749): Action: writeSerialHex
D/Serial  ( 8749): A00101A2
D/Ch34xSerialDriver( 8749): Wrote amt=4 attempted=4
I/Web Console( 8749): set Switch: false at file:///android_asset/www/js/services.js:51
D/StatusBar.NetworkController( 3547): refreshViews connected={ wifi } level=?? combinedSignalIconId=0x7f0200b0/com.android.systemui:drawable/stat_sys_wifi_signal_3_fully combinedActivityIconId=0x7f0200a8 mobileLabel= wifiLabel=Stuerzel-Net combinedLabel=Stuerzel-Net mAirplaneMode=false mDataActivity=0 mPhoneSignalIconId=0x7f0200a2 mDataDirectionIconId=0x0 mDataSignalIconId=0x7f0200a2 mDataTypeIconId=0x0 mWifiIconId=0x7f0200b0 mBluetoothTetherIconId=0x108054e
D/StatusBar.NetworkController( 3547): changing data overlay icon id to 2130837672
V/NetworkStatsMonitor( 3473): curDataUsage uidsDir length:11
V/NetworkStatsMonitor( 3473): wifi usage uid:2000, txBytes:3493652, rxBytes:19750710
V/NetworkStatsMonitor( 3473): wifi usage uid:10053, txBytes:12512, rxBytes:1415
V/NetworkStatsMonitor( 3473): wifi usage uid:10027, txBytes:5112, rxBytes:6453
V/NetworkStatsMonitor( 3473): wifi usage uid:10022, txBytes:15090, rxBytes:74788
V/NetworkStatsMonitor( 3473): wifi usage uid:10025, txBytes:360, rxBytes:5837
V/NetworkStatsMonitor( 3473): wifi usage uid:10018, txBytes:860, rxBytes:4492
V/NetworkStatsMonitor( 3473): wifi usage uid:10030, txBytes:463, rxBytes:586
V/NetworkStatsMonitor( 3473): wifi usage uid:10000, txBytes:17804, rxBytes:43978
V/NetworkStatsMonitor( 3473): wifi usage uid:10016, txBytes:1657, rxBytes:8457
V/NetworkStatsMonitor( 3473): wifi usage uid:10003, txBytes:1253, rxBytes:30245
V/NetworkStatsMonitor( 3473): wifi usage uid:1000, txBytes:719, rxBytes:399
I/wpa_supplicant( 3763): [CTRL_IFACE]wlan0: SIGNAL_POLL
D/StatusBar.NetworkController( 3547): refreshViews connected={ wifi } level=?? combinedSignalIconId=0x7f0200ae/com.android.systemui:drawable/stat_sys_wifi_signal_2_fully combinedActivityIconId=0x7f0200a8 mobileLabel= wifiLabel=Stuerzel-Net combinedLabel=Stuerzel-Net mAirplaneMode=false mDataActivity=0 mPhoneSignalIconId=0x7f0200a2 mDataDirectionIconId=0x0 mDataSignalIconId=0x7f0200a2 mDataTypeIconId=0x0 mWifiIconId=0x7f0200ae mBluetoothTetherIconId=0x108054e
V/NetworkStatsMonitor( 3473): curDataUsage uidsDir length:11
V/NetworkStatsMonitor( 3473): wifi usage uid:2000, txBytes:3495708, rxBytes:19750878
V/NetworkStatsMonitor( 3473): wifi usage uid:10053, txBytes:12512, rxBytes:1415
V/NetworkStatsMonitor( 3473): wifi usage uid:10027, txBytes:5112, rxBytes:6453
V/NetworkStatsMonitor( 3473): wifi usage uid:10022, txBytes:15090, rxBytes:74788
V/NetworkStatsMonitor( 3473): wifi usage uid:10025, txBytes:360, rxBytes:5837
V/NetworkStatsMonitor( 3473): wifi usage uid:10018, txBytes:860, rxBytes:4492
V/NetworkStatsMonitor( 3473): wifi usage uid:10030, txBytes:463, rxBytes:586
V/NetworkStatsMonitor( 3473): wifi usage uid:10000, txBytes:17804, rxBytes:43978
V/NetworkStatsMonitor( 3473): wifi usage uid:10016, txBytes:1657, rxBytes:8457
V/NetworkStatsMonitor( 3473): wifi usage uid:10003, txBytes:1253, rxBytes:30245
V/NetworkStatsMonitor( 3473): wifi usage uid:1000, txBytes:719, rxBytes:399
V/NetworkStatsMonitor( 3473): curDataUsage uidsDir length:11
V/NetworkStatsMonitor( 3473): wifi usage uid:2000, txBytes:3497458, rxBytes:19750993
V/NetworkStatsMonitor( 3473): wifi usage uid:10053, txBytes:12512, rxBytes:1415
V/NetworkStatsMonitor( 3473): wifi usage uid:10027, txBytes:5112, rxBytes:6453
V/NetworkStatsMonitor( 3473): wifi usage uid:10022, txBytes:15090, rxBytes:74788
V/NetworkStatsMonitor( 3473): wifi usage uid:10025, txBytes:360, rxBytes:5837
V/NetworkStatsMonitor( 3473): wifi usage uid:10018, txBytes:860, rxBytes:4492
V/NetworkStatsMonitor( 3473): wifi usage uid:10030, txBytes:463, rxBytes:586
V/NetworkStatsMonitor( 3473): wifi usage uid:10000, txBytes:17804, rxBytes:43978
V/NetworkStatsMonitor( 3473): wifi usage uid:10016, txBytes:1657, rxBytes:8457
V/NetworkStatsMonitor( 3473): wifi usage uid:10003, txBytes:1253, rxBytes:30245
V/NetworkStatsMonitor( 3473): wifi usage uid:1000, txBytes:719, rxBytes:399
I/wpa_supplicant( 3763): [CTRL_IFACE]wlan0: SIGNAL_POLL
W/InputMethodManagerService( 3473): Window already focused, ignoring focus gain of: com.android.internal.view.IInputMethodClient$Stub$Proxy@41b38db8 attribute=null
V/NetworkStatsMonitor( 3473): curDataUsage uidsDir length:11
V/NetworkStatsMonitor( 3473): wifi usage uid:2000, txBytes:3499191, rxBytes:19751137
V/NetworkStatsMonitor( 3473): wifi usage uid:10053, txBytes:12512, rxBytes:1415
V/NetworkStatsMonitor( 3473): wifi usage uid:10027, txBytes:5112, rxBytes:6453
V/NetworkStatsMonitor( 3473): wifi usage uid:10022, txBytes:15090, rxBytes:74788
V/NetworkStatsMonitor( 3473): wifi usage uid:10025, txBytes:360, rxBytes:5837
V/NetworkStatsMonitor( 3473): wifi usage uid:10018, txBytes:860, rxBytes:4492
V/NetworkStatsMonitor( 3473): wifi usage uid:10030, txBytes:463, rxBytes:586
V/NetworkStatsMonitor( 3473): wifi usage uid:10000, txBytes:17804, rxBytes:43978
V/NetworkStatsMonitor( 3473): wifi usage uid:10016, txBytes:1657, rxBytes:8457
V/NetworkStatsMonitor( 3473): wifi usage uid:10003, txBytes:1253, rxBytes:30245
V/NetworkStatsMonitor( 3473): wifi usage uid:1000, txBytes:719, rxBytes:399
I/wpa_supplicant( 3763): [CTRL_IFACE]wlan0: SIGNAL_POLL
V/NetworkStatsMonitor( 3473): curDataUsage uidsDir length:11
V/NetworkStatsMonitor( 3473): wifi usage uid:2000, txBytes:3501052, rxBytes:19751276
V/NetworkStatsMonitor( 3473): wifi usage uid:10053, txBytes:12512, rxBytes:1415
V/NetworkStatsMonitor( 3473): wifi usage uid:10027, txBytes:5112, rxBytes:6453
V/NetworkStatsMonitor( 3473): wifi usage uid:10022, txBytes:15090, rxBytes:74788
V/NetworkStatsMonitor( 3473): wifi usage uid:10025, txBytes:360, rxBytes:5837
V/NetworkStatsMonitor( 3473): wifi usage uid:10018, txBytes:860, rxBytes:4492
V/NetworkStatsMonitor( 3473): wifi usage uid:10030, txBytes:463, rxBytes:586
V/NetworkStatsMonitor( 3473): wifi usage uid:10000, txBytes:17804, rxBytes:43978
V/NetworkStatsMonitor( 3473): wifi usage uid:10016, txBytes:1657, rxBytes:8457
V/NetworkStatsMonitor( 3473): wifi usage uid:10003, txBytes:1253, rxBytes:30245
V/NetworkStatsMonitor( 3473): wifi usage uid:1000, txBytes:719, rxBytes:399
D/StatusBar.NetworkController( 3547): refreshViews connected={ wifi } level=?? combinedSignalIconId=0x7f0200ae/com.android.systemui:drawable/stat_sys_wifi_signal_2_fully combinedActivityIconId=0x0 mobileLabel= wifiLabel=Stuerzel-Net combinedLabel=Stuerzel-Net mAirplaneMode=false mDataActivity=0 mPhoneSignalIconId=0x7f0200a2 mDataDirectionIconId=0x0 mDataSignalIconId=0x7f0200a2 mDataTypeIconId=0x0 mWifiIconId=0x7f0200ae mBluetoothTetherIconId=0x108054e
D/StatusBar.NetworkController( 3547): changing data overlay icon id to 0
V/NetworkStatsMonitor( 3473): curDataUsage uidsDir length:11
V/NetworkStatsMonitor( 3473): wifi usage uid:2000, txBytes:3503550, rxBytes:19751588
V/NetworkStatsMonitor( 3473): wifi usage uid:10053, txBytes:12512, rxBytes:1415
V/NetworkStatsMonitor( 3473): wifi usage uid:10027, txBytes:5112, rxBytes:6453
V/NetworkStatsMonitor( 3473): wifi usage uid:10022, txBytes:15090, rxBytes:74788
V/NetworkStatsMonitor( 3473): wifi usage uid:10025, txBytes:360, rxBytes:5837
V/NetworkStatsMonitor( 3473): wifi usage uid:10018, txBytes:860, rxBytes:4492
V/NetworkStatsMonitor( 3473): wifi usage uid:10030, txBytes:463, rxBytes:586
V/NetworkStatsMonitor( 3473): wifi usage uid:10000, txBytes:17804, rxBytes:43978
V/NetworkStatsMonitor( 3473): wifi usage uid:10016, txBytes:1657, rxBytes:8457
V/NetworkStatsMonitor( 3473): wifi usage uid:10003, txBytes:1253, rxBytes:30245
V/NetworkStatsMonitor( 3473): wifi usage uid:1000, txBytes:719, rxBytes:399
I/wpa_supplicant( 3763): [CTRL_IFACE]wlan0: SIGNAL_POLL
D/StatusBar.NetworkController( 3547): refreshViews connected={ wifi } level=?? combinedSignalIconId=0x7f0200ae/com.android.systemui:drawable/stat_sys_wifi_signal_2_fully combinedActivityIconId=0x7f0200a8 mobileLabel= wifiLabel=Stuerzel-Net combinedLabel=Stuerzel-Net mAirplaneMode=false mDataActivity=0 mPhoneSignalIconId=0x7f0200a2 mDataDirectionIconId=0x0 mDataSignalIconId=0x7f0200a2 mDataTypeIconId=0x0 mWifiIconId=0x7f0200ae mBluetoothTetherIconId=0x108054e
D/StatusBar.NetworkController( 3547): changing data overlay icon id to 2130837672
W/Web Console( 8749): No Content-Security-Policy meta tag found. Please add one when using the cordova-plugin-whitelist plugin. at file:///android_asset/www/plugins/cordova-plugin-whitelist/whitelist.js:25
V/NetworkStatsMonitor( 3473): curDataUsage uidsDir length:11
V/NetworkStatsMonitor( 3473): wifi usage uid:2000, txBytes:3506351, rxBytes:19751823
V/NetworkStatsMonitor( 3473): wifi usage uid:10053, txBytes:12512, rxBytes:1415
V/NetworkStatsMonitor( 3473): wifi usage uid:10027, txBytes:5112, rxBytes:6453
V/NetworkStatsMonitor( 3473): wifi usage uid:10022, txBytes:15090, rxBytes:74788
V/NetworkStatsMonitor( 3473): wifi usage uid:10025, txBytes:360, rxBytes:5837
V/NetworkStatsMonitor( 3473): wifi usage uid:10018, txBytes:860, rxBytes:4492
V/NetworkStatsMonitor( 3473): wifi usage uid:10030, txBytes:463, rxBytes:586
V/NetworkStatsMonitor( 3473): wifi usage uid:10000, txBytes:17804, rxBytes:43978
V/NetworkStatsMonitor( 3473): wifi usage uid:10016, txBytes:1657, rxBytes:8457
V/NetworkStatsMonitor( 3473): wifi usage uid:10003, txBytes:1253, rxBytes:30245
V/NetworkStatsMonitor( 3473): wifi usage uid:1000, txBytes:719, rxBytes:399
I/wpa_supplicant( 3763): [CTRL_IFACE]wlan0: SIGNAL_POLL
V/NetworkStatsMonitor( 3473): curDataUsage uidsDir length:11
V/NetworkStatsMonitor( 3473): wifi usage uid:2000, txBytes:3507985, rxBytes:19752063
V/NetworkStatsMonitor( 3473): wifi usage uid:10053, txBytes:12512, rxBytes:1415
V/NetworkStatsMonitor( 3473): wifi usage uid:10027, txBytes:5112, rxBytes:6453
V/NetworkStatsMonitor( 3473): wifi usage uid:10022, txBytes:15090, rxBytes:74788
V/NetworkStatsMonitor( 3473): wifi usage uid:10025, txBytes:360, rxBytes:5837
V/NetworkStatsMonitor( 3473): wifi usage uid:10018, txBytes:860, rxBytes:4492
V/NetworkStatsMonitor( 3473): wifi usage uid:10030, txBytes:463, rxBytes:586
V/NetworkStatsMonitor( 3473): wifi usage uid:10000, txBytes:17804, rxBytes:43978
V/NetworkStatsMonitor( 3473): wifi usage uid:10016, txBytes:1657, rxBytes:8457
V/NetworkStatsMonitor( 3473): wifi usage uid:10003, txBytes:1253, rxBytes:30245
V/NetworkStatsMonitor( 3473): wifi usage uid:1000, txBytes:719, rxBytes:399
V/NetworkStatsMonitor( 3473): curDataUsage uidsDir length:11
V/NetworkStatsMonitor( 3473): wifi usage uid:2000, txBytes:3509879, rxBytes:19752322
V/NetworkStatsMonitor( 3473): wifi usage uid:10053, txBytes:12512, rxBytes:1415
V/NetworkStatsMonitor( 3473): wifi usage uid:10027, txBytes:5112, rxBytes:6453
V/NetworkStatsMonitor( 3473): wifi usage uid:10022, txBytes:15090, rxBytes:74788
V/NetworkStatsMonitor( 3473): wifi usage uid:10025, txBytes:360, rxBytes:5837
V/NetworkStatsMonitor( 3473): wifi usage uid:10018, txBytes:860, rxBytes:4492
V/NetworkStatsMonitor( 3473): wifi usage uid:10030, txBytes:463, rxBytes:586
V/NetworkStatsMonitor( 3473): wifi usage uid:10000, txBytes:17804, rxBytes:43978
V/NetworkStatsMonitor( 3473): wifi usage uid:10016, txBytes:1657, rxBytes:8457
V/NetworkStatsMonitor( 3473): wifi usage uid:10003, txBytes:1253, rxBytes:30245
V/NetworkStatsMonitor( 3473): wifi usage uid:1000, txBytes:719, rxBytes:399
I/wpa_supplicant( 3763): [CTRL_IFACE]wlan0: SIGNAL_POLL
D/StatusBar.NetworkController( 3547): refreshViews connected={ wifi } level=?? combinedSignalIconId=0x7f0200ae/com.android.systemui:drawable/stat_sys_wifi_signal_2_fully combinedActivityIconId=0x0 mobileLabel= wifiLabel=Stuerzel-Net combinedLabel=Stuerzel-Net mAirplaneMode=false mDataActivity=0 mPhoneSignalIconId=0x7f0200a2 mDataDirectionIconId=0x0 mDataSignalIconId=0x7f0200a2 mDataTypeIconId=0x0 mWifiIconId=0x7f0200ae mBluetoothTetherIconId=0x108054e
D/StatusBar.NetworkController( 3547): changing data overlay icon id to 0
V/NetworkStatsMonitor( 3473): curDataUsage uidsDir length:11
V/NetworkStatsMonitor( 3473): wifi usage uid:2000, txBytes:3511984, rxBytes:19752442
V/NetworkStatsMonitor( 3473): wifi usage uid:10053, txBytes:12512, rxBytes:1415
V/NetworkStatsMonitor( 3473): wifi usage uid:10027, txBytes:5112, rxBytes:6453
V/NetworkStatsMonitor( 3473): wifi usage uid:10022, txBytes:15090, rxBytes:74788
V/NetworkStatsMonitor( 3473): wifi usage uid:10025, txBytes:360, rxBytes:5837
V/NetworkStatsMonitor( 3473): wifi usage uid:10018, txBytes:860, rxBytes:4492
V/NetworkStatsMonitor( 3473): wifi usage uid:10030, txBytes:463, rxBytes:586
V/NetworkStatsMonitor( 3473): wifi usage uid:10000, txBytes:17804, rxBytes:43978
V/NetworkStatsMonitor( 3473): wifi usage uid:10016, txBytes:1657, rxBytes:8457
V/NetworkStatsMonitor( 3473): wifi usage uid:10003, txBytes:1253, rxBytes:30245
V/NetworkStatsMonitor( 3473): wifi usage uid:1000, txBytes:719, rxBytes:399
D/StatusBar.NetworkController( 3547): refreshViews connected={ wifi } level=?? combinedSignalIconId=0x7f0200ae/com.android.systemui:drawable/stat_sys_wifi_signal_2_fully combinedActivityIconId=0x7f0200a8 mobileLabel= wifiLabel=Stuerzel-Net combinedLabel=Stuerzel-Net mAirplaneMode=false mDataActivity=0 mPhoneSignalIconId=0x7f0200a2 mDataDirectionIconId=0x0 mDataSignalIconId=0x7f0200a2 mDataTypeIconId=0x0 mWifiIconId=0x7f0200ae mBluetoothTetherIconId=0x108054e
D/StatusBar.NetworkController( 3547): changing data overlay icon id to 2130837672
I/wpa_supplicant( 3763): [CTRL_IFACE]wlan0: SIGNAL_POLL
V/NetworkStatsMonitor( 3473): curDataUsage uidsDir length:11
V/NetworkStatsMonitor( 3473): wifi usage uid:2000, txBytes:3514548, rxBytes:19752677
V/NetworkStatsMonitor( 3473): wifi usage uid:10053, txBytes:12512, rxBytes:1415
V/NetworkStatsMonitor( 3473): wifi usage uid:10027, txBytes:5112, rxBytes:6453
V/NetworkStatsMonitor( 3473): wifi usage uid:10022, txBytes:15090, rxBytes:74788
V/NetworkStatsMonitor( 3473): wifi usage uid:10025, txBytes:360, rxBytes:5837
V/NetworkStatsMonitor( 3473): wifi usage uid:10018, txBytes:860, rxBytes:4492
V/NetworkStatsMonitor( 3473): wifi usage uid:10030, txBytes:463, rxBytes:586
V/NetworkStatsMonitor( 3473): wifi usage uid:10000, txBytes:17804, rxBytes:43978
V/NetworkStatsMonitor( 3473): wifi usage uid:10016, txBytes:1657, rxBytes:8457
V/NetworkStatsMonitor( 3473): wifi usage uid:10003, txBytes:1253, rxBytes:30245
V/NetworkStatsMonitor( 3473): wifi usage uid:1000, txBytes:719, rxBytes:399
W/Web Console( 8749): No Content-Security-Policy meta tag found. Please add one when using the cordova-plugin-whitelist plugin. at file:///android_asset/www/plugins/cordova-plugin-whitelist/whitelist.js:25
V/NetworkStatsMonitor( 3473): curDataUsage uidsDir length:11
V/NetworkStatsMonitor( 3473): wifi usage uid:2000, txBytes:3516164, rxBytes:19752749
V/NetworkStatsMonitor( 3473): wifi usage uid:10053, txBytes:12512, rxBytes:1415
V/NetworkStatsMonitor( 3473): wifi usage uid:10027, txBytes:5112, rxBytes:6453
V/NetworkStatsMonitor( 3473): wifi usage uid:10022, txBytes:15090, rxBytes:74788
V/NetworkStatsMonitor( 3473): wifi usage uid:10025, txBytes:360, rxBytes:5837
V/NetworkStatsMonitor( 3473): wifi usage uid:10018, txBytes:860, rxBytes:4492
V/NetworkStatsMonitor( 3473): wifi usage uid:10030, txBytes:463, rxBytes:586
V/NetworkStatsMonitor( 3473): wifi usage uid:10000, txBytes:17804, rxBytes:43978
I/wpa_supplicant( 3763): [CTRL_IFACE]wlan0: SIGNAL_POLL
V/NetworkStatsMonitor( 3473): wifi usage uid:10016, txBytes:1657, rxBytes:8457
V/NetworkStatsMonitor( 3473): wifi usage uid:10003, txBytes:1253, rxBytes:30245
V/NetworkStatsMonitor( 3473): wifi usage uid:1000, txBytes:719, rxBytes:399
V/NetworkStatsMonitor( 3473): curDataUsage uidsDir length:11
V/NetworkStatsMonitor( 3473): wifi usage uid:2000, txBytes:3518217, rxBytes:19753080
V/NetworkStatsMonitor( 3473): wifi usage uid:10053, txBytes:12512, rxBytes:1415
V/NetworkStatsMonitor( 3473): wifi usage uid:10027, txBytes:5112, rxBytes:6453
V/NetworkStatsMonitor( 3473): wifi usage uid:10022, txBytes:15090, rxBytes:74788
V/NetworkStatsMonitor( 3473): wifi usage uid:10025, txBytes:360, rxBytes:5837
V/NetworkStatsMonitor( 3473): wifi usage uid:10018, txBytes:860, rxBytes:4492
V/NetworkStatsMonitor( 3473): wifi usage uid:10030, txBytes:463, rxBytes:586
V/NetworkStatsMonitor( 3473): wifi usage uid:10000, txBytes:17804, rxBytes:43978
V/NetworkStatsMonitor( 3473): wifi usage uid:10016, txBytes:1657, rxBytes:8457
V/NetworkStatsMonitor( 3473): wifi usage uid:10003, txBytes:1253, rxBytes:30245
V/NetworkStatsMonitor( 3473): wifi usage uid:1000, txBytes:719, rxBytes:399
I/wpa_supplicant( 3763): [CTRL_IFACE]wlan0: SIGNAL_POLL
V/NetworkStatsMonitor( 3473): curDataUsage uidsDir length:11
V/NetworkStatsMonitor( 3473): wifi usage uid:2000, txBytes:3519827, rxBytes:19753296
V/NetworkStatsMonitor( 3473): wifi usage uid:10053, txBytes:12512, rxBytes:1415
V/NetworkStatsMonitor( 3473): wifi usage uid:10027, txBytes:5112, rxBytes:6453
V/NetworkStatsMonitor( 3473): wifi usage uid:10022, txBytes:15090, rxBytes:74788
V/NetworkStatsMonitor( 3473): wifi usage uid:10025, txBytes:360, rxBytes:5837
V/NetworkStatsMonitor( 3473): wifi usage uid:10018, txBytes:860, rxBytes:4492
V/NetworkStatsMonitor( 3473): wifi usage uid:10030, txBytes:463, rxBytes:586
V/NetworkStatsMonitor( 3473): wifi usage uid:10000, txBytes:17804, rxBytes:43978
V/NetworkStatsMonitor( 3473): wifi usage uid:10016, txBytes:1657, rxBytes:8457
V/NetworkStatsMonitor( 3473): wifi usage uid:10003, txBytes:1253, rxBytes:30245
V/NetworkStatsMonitor( 3473): wifi usage uid:1000, txBytes:719, rxBytes:399
I/wpa_supplicant( 3763): [CTRL_IFACE]wlan0: SIGNAL_POLL
V/NetworkStatsMonitor( 3473): curDataUsage uidsDir length:11
V/NetworkStatsMonitor( 3473): wifi usage uid:2000, txBytes:3521832, rxBytes:19753555
V/NetworkStatsMonitor( 3473): wifi usage uid:10053, txBytes:12512, rxBytes:1415
V/NetworkStatsMonitor( 3473): wifi usage uid:10027, txBytes:5112, rxBytes:6453
V/NetworkStatsMonitor( 3473): wifi usage uid:10022, txBytes:15090, rxBytes:74788
V/NetworkStatsMonitor( 3473): wifi usage uid:10025, txBytes:360, rxBytes:5837
V/NetworkStatsMonitor( 3473): wifi usage uid:10018, txBytes:860, rxBytes:4492
V/NetworkStatsMonitor( 3473): wifi usage uid:10030, txBytes:463, rxBytes:586
V/NetworkStatsMonitor( 3473): wifi usage uid:10000, txBytes:17804, rxBytes:43978
V/NetworkStatsMonitor( 3473): wifi usage uid:10016, txBytes:1657, rxBytes:8457
V/NetworkStatsMonitor( 3473): wifi usage uid:10003, txBytes:1253, rxBytes:30245
V/NetworkStatsMonitor( 3473): wifi usage uid:1000, txBytes:719, rxBytes:399
D/StatusBar.NetworkController( 3547): refreshViews connected={ wifi } level=?? combinedSignalIconId=0x7f0200ae/com.android.systemui:drawable/stat_sys_wifi_signal_2_fully combinedActivityIconId=0x0 mobileLabel= wifiLabel=Stuerzel-Net combinedLabel=Stuerzel-Net mAirplaneMode=false mDataActivity=0 mPhoneSignalIconId=0x7f0200a2 mDataDirectionIconId=0x0 mDataSignalIconId=0x7f0200a2 mDataTypeIconId=0x0 mWifiIconId=0x7f0200ae mBluetoothTetherIconId=0x108054e
D/StatusBar.NetworkController( 3547): changing data overlay icon id to 0
V/NetworkStatsMonitor( 3473): curDataUsage uidsDir length:11
V/NetworkStatsMonitor( 3473): wifi usage uid:2000, txBytes:3523802, rxBytes:19753651
V/NetworkStatsMonitor( 3473): wifi usage uid:10053, txBytes:12512, rxBytes:1415
V/NetworkStatsMonitor( 3473): wifi usage uid:10027, txBytes:5112, rxBytes:6453
V/NetworkStatsMonitor( 3473): wifi usage uid:10022, txBytes:15090, rxBytes:74788
V/NetworkStatsMonitor( 3473): wifi usage uid:10025, txBytes:360, rxBytes:5837
V/NetworkStatsMonitor( 3473): wifi usage uid:10018, txBytes:860, rxBytes:4492
V/NetworkStatsMonitor( 3473): wifi usage uid:10030, txBytes:463, rxBytes:586
V/NetworkStatsMonitor( 3473): wifi usage uid:10000, txBytes:17804, rxBytes:43978
V/NetworkStatsMonitor( 3473): wifi usage uid:10016, txBytes:1657, rxBytes:8457
V/NetworkStatsMonitor( 3473): wifi usage uid:10003, txBytes:1253, rxBytes:30245
V/NetworkStatsMonitor( 3473): wifi usage uid:1000, txBytes:719, rxBytes:399
D/StatusBar.NetworkController( 3547): refreshViews connected={ wifi } level=?? combinedSignalIconId=0x7f0200ae/com.android.systemui:drawable/stat_sys_wifi_signal_2_fully combinedActivityIconId=0x7f0200a8 mobileLabel= wifiLabel=Stuerzel-Net combinedLabel=Stuerzel-Net mAirplaneMode=false mDataActivity=0 mPhoneSignalIconId=0x7f0200a2 mDataDirectionIconId=0x0 mDataSignalIconId=0x7f0200a2 mDataTypeIconId=0x0 mWifiIconId=0x7f0200ae mBluetoothTetherIconId=0x108054e
D/StatusBar.NetworkController( 3547): changing data overlay icon id to 2130837672
W/Web Console( 8749): No Content-Security-Policy meta tag found. Please add one when using the cordova-plugin-whitelist plugin. at file:///android_asset/www/plugins/cordova-plugin-whitelist/whitelist.js:25
I/wpa_supplicant( 3763): [CTRL_IFACE]wlan0: SIGNAL_POLL
V/NetworkStatsMonitor( 3473): curDataUsage uidsDir length:11
V/NetworkStatsMonitor( 3473): wifi usage uid:2000, txBytes:3526579, rxBytes:19753862
V/NetworkStatsMonitor( 3473): wifi usage uid:10053, txBytes:12512, rxBytes:1415
V/NetworkStatsMonitor( 3473): wifi usage uid:10027, txBytes:5112, rxBytes:6453
V/NetworkStatsMonitor( 3473): wifi usage uid:10022, txBytes:15090, rxBytes:74788
V/NetworkStatsMonitor( 3473): wifi usage uid:10025, txBytes:360, rxBytes:5837
V/NetworkStatsMonitor( 3473): wifi usage uid:10018, txBytes:860, rxBytes:4492
V/NetworkStatsMonitor( 3473): wifi usage uid:10030, txBytes:463, rxBytes:586
V/NetworkStatsMonitor( 3473): wifi usage uid:10000, txBytes:17804, rxBytes:43978
V/NetworkStatsMonitor( 3473): wifi usage uid:10016, txBytes:1657, rxBytes:8457
V/NetworkStatsMonitor( 3473): wifi usage uid:10003, txBytes:1253, rxBytes:30245
V/NetworkStatsMonitor( 3473): wifi usage uid:1000, txBytes:719, rxBytes:399
D/StatusBar.NetworkController( 3547): refreshViews connected={ wifi } level=?? combinedSignalIconId=0x7f0200ae/com.android.systemui:drawable/stat_sys_wifi_signal_2_fully combinedActivityIconId=0x0 mobileLabel= wifiLabel=Stuerzel-Net combinedLabel=Stuerzel-Net mAirplaneMode=false mDataActivity=0 mPhoneSignalIconId=0x7f0200a2 mDataDirectionIconId=0x0 mDataSignalIconId=0x7f0200a2 mDataTypeIconId=0x0 mWifiIconId=0x7f0200ae mBluetoothTetherIconId=0x108054e
D/StatusBar.NetworkController( 3547): changing data overlay icon id to 0
I/wpa_supplicant( 3763): [CTRL_IFACE]wlan0: SIGNAL_POLL
V/NetworkStatsMonitor( 3473): curDataUsage uidsDir length:11
V/NetworkStatsMonitor( 3473): wifi usage uid:2000, txBytes:3528684, rxBytes:19753958
V/NetworkStatsMonitor( 3473): wifi usage uid:10053, txBytes:12512, rxBytes:1415
V/NetworkStatsMonitor( 3473): wifi usage uid:10027, txBytes:5112, rxBytes:6453
V/NetworkStatsMonitor( 3473): wifi usage uid:10022, txBytes:15090, rxBytes:74788
V/NetworkStatsMonitor( 3473): wifi usage uid:10025, txBytes:360, rxBytes:5837
V/NetworkStatsMonitor( 3473): wifi usage uid:10018, txBytes:860, rxBytes:4492
V/NetworkStatsMonitor( 3473): wifi usage uid:10030, txBytes:463, rxBytes:586
V/NetworkStatsMonitor( 3473): wifi usage uid:10000, txBytes:17804, rxBytes:43978
V/NetworkStatsMonitor( 3473): wifi usage uid:10016, txBytes:1657, rxBytes:8457
V/NetworkStatsMonitor( 3473): wifi usage uid:10003, txBytes:1253, rxBytes:30245
V/NetworkStatsMonitor( 3473): wifi usage uid:1000, txBytes:719, rxBytes:399
D/StatusBar.NetworkController( 3547): refreshViews connected={ wifi } level=?? combinedSignalIconId=0x7f0200ae/com.android.systemui:drawable/stat_sys_wifi_signal_2_fully combinedActivityIconId=0x7f0200a8 mobileLabel= wifiLabel=Stuerzel-Net combinedLabel=Stuerzel-Net mAirplaneMode=false mDataActivity=0 mPhoneSignalIconId=0x7f0200a2 mDataDirectionIconId=0x0 mDataSignalIconId=0x7f0200a2 mDataTypeIconId=0x0 mWifiIconId=0x7f0200ae mBluetoothTetherIconId=0x108054e
D/StatusBar.NetworkController( 3547): changing data overlay icon id to 2130837672
V/NetworkStatsMonitor( 3473): curDataUsage uidsDir length:11
V/NetworkStatsMonitor( 3473): wifi usage uid:2000, txBytes:3531165, rxBytes:19754025
V/NetworkStatsMonitor( 3473): wifi usage uid:10053, txBytes:12512, rxBytes:1415
V/NetworkStatsMonitor( 3473): wifi usage uid:10027, txBytes:5112, rxBytes:6453
V/NetworkStatsMonitor( 3473): wifi usage uid:10022, txBytes:15090, rxBytes:74788
V/NetworkStatsMonitor( 3473): wifi usage uid:10025, txBytes:360, rxBytes:5837
V/NetworkStatsMonitor( 3473): wifi usage uid:10018, txBytes:860, rxBytes:4492
V/NetworkStatsMonitor( 3473): wifi usage uid:10030, txBytes:463, rxBytes:586
V/NetworkStatsMonitor( 3473): wifi usage uid:10000, txBytes:17804, rxBytes:43978
V/NetworkStatsMonitor( 3473): wifi usage uid:10016, txBytes:1657, rxBytes:8457
V/NetworkStatsMonitor( 3473): wifi usage uid:10003, txBytes:1253, rxBytes:30245
V/NetworkStatsMonitor( 3473): wifi usage uid:1000, txBytes:719, rxBytes:399
I/wpa_supplicant( 3763): [CTRL_IFACE]wlan0: SIGNAL_POLL
V/NetworkStatsMonitor( 3473): curDataUsage uidsDir length:11
V/NetworkStatsMonitor( 3473): wifi usage uid:2000, txBytes:3532631, rxBytes:19754169
V/NetworkStatsMonitor( 3473): wifi usage uid:10053, txBytes:12512, rxBytes:1415
V/NetworkStatsMonitor( 3473): wifi usage uid:10027, txBytes:5112, rxBytes:6453
V/NetworkStatsMonitor( 3473): wifi usage uid:10022, txBytes:15090, rxBytes:74788
V/NetworkStatsMonitor( 3473): wifi usage uid:10025, txBytes:360, rxBytes:5837
V/NetworkStatsMonitor( 3473): wifi usage uid:10018, txBytes:860, rxBytes:4492
V/NetworkStatsMonitor( 3473): wifi usage uid:10030, txBytes:463, rxBytes:586
V/NetworkStatsMonitor( 3473): wifi usage uid:10000, txBytes:17804, rxBytes:43978
V/NetworkStatsMonitor( 3473): wifi usage uid:10016, txBytes:1657, rxBytes:8457
V/NetworkStatsMonitor( 3473): wifi usage uid:10003, txBytes:1253, rxBytes:30245
V/NetworkStatsMonitor( 3473): wifi usage uid:1000, txBytes:719, rxBytes:399
I/wpa_supplicant( 3763): [CTRL_IFACE]wlan0: SIGNAL_POLL
V/NetworkStatsMonitor( 3473): curDataUsage uidsDir length:11
V/NetworkStatsMonitor( 3473): wifi usage uid:2000, txBytes:3534612, rxBytes:19754428
V/NetworkStatsMonitor( 3473): wifi usage uid:10053, txBytes:12512, rxBytes:1415
V/NetworkStatsMonitor( 3473): wifi usage uid:10027, txBytes:5112, rxBytes:6453
V/NetworkStatsMonitor( 3473): wifi usage uid:10022, txBytes:15090, rxBytes:74788
V/NetworkStatsMonitor( 3473): wifi usage uid:10025, txBytes:360, rxBytes:5837
V/NetworkStatsMonitor( 3473): wifi usage uid:10018, txBytes:860, rxBytes:4492
V/NetworkStatsMonitor( 3473): wifi usage uid:10030, txBytes:463, rxBytes:586
V/NetworkStatsMonitor( 3473): wifi usage uid:10000, txBytes:17804, rxBytes:43978
V/NetworkStatsMonitor( 3473): wifi usage uid:10016, txBytes:1657, rxBytes:8457
V/NetworkStatsMonitor( 3473): wifi usage uid:10003, txBytes:1253, rxBytes:30245
V/NetworkStatsMonitor( 3473): wifi usage uid:1000, txBytes:719, rxBytes:399
W/Web Console( 8749): No Content-Security-Policy meta tag found. Please add one when using the cordova-plugin-whitelist plugin. at file:///android_asset/www/plugins/cordova-plugin-whitelist/whitelist.js:25
V/NetworkStatsMonitor( 3473): curDataUsage uidsDir length:11
V/NetworkStatsMonitor( 3473): wifi usage uid:2000, txBytes:3536420, rxBytes:19754692
V/NetworkStatsMonitor( 3473): wifi usage uid:10053, txBytes:12512, rxBytes:1415
V/NetworkStatsMonitor( 3473): wifi usage uid:10027, txBytes:5112, rxBytes:6453
V/NetworkStatsMonitor( 3473): wifi usage uid:10022, txBytes:15090, rxBytes:74788
V/NetworkStatsMonitor( 3473): wifi usage uid:10025, txBytes:360, rxBytes:5837
V/NetworkStatsMonitor( 3473): wifi usage uid:10018, txBytes:860, rxBytes:4492
V/NetworkStatsMonitor( 3473): wifi usage uid:10030, txBytes:463, rxBytes:586
V/NetworkStatsMonitor( 3473): wifi usage uid:10000, txBytes:17804, rxBytes:43978
V/NetworkStatsMonitor( 3473): wifi usage uid:10016, txBytes:1657, rxBytes:8457
V/NetworkStatsMonitor( 3473): wifi usage uid:10003, txBytes:1253, rxBytes:30245
V/NetworkStatsMonitor( 3473): wifi usage uid:1000, txBytes:719, rxBytes:399
I/wpa_supplicant( 3763): [CTRL_IFACE]wlan0: SIGNAL_POLL
D/StatusBar.NetworkController( 3547): refreshViews connected={ wifi } level=?? combinedSignalIconId=0x7f0200ae/com.android.systemui:drawable/stat_sys_wifi_signal_2_fully combinedActivityIconId=0x0 mobileLabel= wifiLabel=Stuerzel-Net combinedLabel=Stuerzel-Net mAirplaneMode=false mDataActivity=0 mPhoneSignalIconId=0x7f0200a2 mDataDirectionIconId=0x0 mDataSignalIconId=0x7f0200a2 mDataTypeIconId=0x0 mWifiIconId=0x7f0200ae mBluetoothTetherIconId=0x108054e
D/StatusBar.NetworkController( 3547): changing data overlay icon id to 0
V/NetworkStatsMonitor( 3473): curDataUsage uidsDir length:11
V/NetworkStatsMonitor( 3473): wifi usage uid:2000, txBytes:3538984, rxBytes:19755023
V/NetworkStatsMonitor( 3473): wifi usage uid:10053, txBytes:12512, rxBytes:1415
V/NetworkStatsMonitor( 3473): wifi usage uid:10027, txBytes:5112, rxBytes:6453
V/NetworkStatsMonitor( 3473): wifi usage uid:10022, txBytes:15090, rxBytes:74788
V/NetworkStatsMonitor( 3473): wifi usage uid:10025, txBytes:360, rxBytes:5837
V/NetworkStatsMonitor( 3473): wifi usage uid:10018, txBytes:860, rxBytes:4492
V/NetworkStatsMonitor( 3473): wifi usage uid:10030, txBytes:463, rxBytes:586
V/NetworkStatsMonitor( 3473): wifi usage uid:10000, txBytes:17804, rxBytes:43978
V/NetworkStatsMonitor( 3473): wifi usage uid:10016, txBytes:1657, rxBytes:8457
V/NetworkStatsMonitor( 3473): wifi usage uid:10003, txBytes:1253, rxBytes:30245
V/NetworkStatsMonitor( 3473): wifi usage uid:1000, txBytes:719, rxBytes:399
D/StatusBar.NetworkController( 3547): refreshViews connected={ wifi } level=?? combinedSignalIconId=0x7f0200ae/com.android.systemui:drawable/stat_sys_wifi_signal_2_fully combinedActivityIconId=0x7f0200a8 mobileLabel= wifiLabel=Stuerzel-Net combinedLabel=Stuerzel-Net mAirplaneMode=false mDataActivity=0 mPhoneSignalIconId=0x7f0200a2 mDataDirectionIconId=0x0 mDataSignalIconId=0x7f0200a2 mDataTypeIconId=0x0 mWifiIconId=0x7f0200ae mBluetoothTetherIconId=0x108054e
D/StatusBar.NetworkController( 3547): changing data overlay icon id to 2130837672
I/wpa_supplicant( 3763): [CTRL_IFACE]wlan0: SIGNAL_POLL
V/NetworkStatsMonitor( 3473): curDataUsage uidsDir length:11
V/NetworkStatsMonitor( 3473): wifi usage uid:2000, txBytes:3541161, rxBytes:19755119
V/NetworkStatsMonitor( 3473): wifi usage uid:10053, txBytes:12512, rxBytes:1415
V/NetworkStatsMonitor( 3473): wifi usage uid:10027, txBytes:5112, rxBytes:6453
V/NetworkStatsMonitor( 3473): wifi usage uid:10022, txBytes:15090, rxBytes:74788
V/NetworkStatsMonitor( 3473): wifi usage uid:10025, txBytes:360, rxBytes:5837
V/NetworkStatsMonitor( 3473): wifi usage uid:10018, txBytes:860, rxBytes:4492
V/NetworkStatsMonitor( 3473): wifi usage uid:10030, txBytes:463, rxBytes:586
V/NetworkStatsMonitor( 3473): wifi usage uid:10000, txBytes:17804, rxBytes:43978
V/NetworkStatsMonitor( 3473): wifi usage uid:10016, txBytes:1657, rxBytes:8457
V/NetworkStatsMonitor( 3473): wifi usage uid:10003, txBytes:1253, rxBytes:30245
V/NetworkStatsMonitor( 3473): wifi usage uid:1000, txBytes:719, rxBytes:399
V/NetworkStatsMonitor( 3473): curDataUsage uidsDir length:11
V/NetworkStatsMonitor( 3473): wifi usage uid:2000, txBytes:3542911, rxBytes:19755234
V/NetworkStatsMonitor( 3473): wifi usage uid:10053, txBytes:12512, rxBytes:1415
V/NetworkStatsMonitor( 3473): wifi usage uid:10027, txBytes:5112, rxBytes:6453
V/NetworkStatsMonitor( 3473): wifi usage uid:10022, txBytes:15090, rxBytes:74788
V/NetworkStatsMonitor( 3473): wifi usage uid:10025, txBytes:360, rxBytes:5837
V/NetworkStatsMonitor( 3473): wifi usage uid:10018, txBytes:860, rxBytes:4492
V/NetworkStatsMonitor( 3473): wifi usage uid:10030, txBytes:463, rxBytes:586
V/NetworkStatsMonitor( 3473): wifi usage uid:10000, txBytes:17804, rxBytes:43978
V/NetworkStatsMonitor( 3473): wifi usage uid:10016, txBytes:1657, rxBytes:8457
V/NetworkStatsMonitor( 3473): wifi usage uid:10003, txBytes:1253, rxBytes:30245
V/NetworkStatsMonitor( 3473): wifi usage uid:1000, txBytes:719, rxBytes:399
I/wpa_supplicant( 3763): [CTRL_IFACE]wlan0: SIGNAL_POLL
W/Web Console( 8749): No Content-Security-Policy meta tag found. Please add one when using the cordova-plugin-whitelist plugin. at file:///android_asset/www/plugins/cordova-plugin-whitelist/whitelist.js:25
V/NetworkStatsMonitor( 3473): curDataUsage uidsDir length:11
V/NetworkStatsMonitor( 3473): wifi usage uid:2000, txBytes:3544782, rxBytes:19755474
V/NetworkStatsMonitor( 3473): wifi usage uid:10053, txBytes:12512, rxBytes:1415
V/NetworkStatsMonitor( 3473): wifi usage uid:10027, txBytes:5112, rxBytes:6453
V/NetworkStatsMonitor( 3473): wifi usage uid:10022, txBytes:15090, rxBytes:74788
V/NetworkStatsMonitor( 3473): wifi usage uid:10025, txBytes:360, rxBytes:5837
V/NetworkStatsMonitor( 3473): wifi usage uid:10018, txBytes:860, rxBytes:4492
V/NetworkStatsMonitor( 3473): wifi usage uid:10030, txBytes:463, rxBytes:586
V/NetworkStatsMonitor( 3473): wifi usage uid:10000, txBytes:17804, rxBytes:43978
V/NetworkStatsMonitor( 3473): wifi usage uid:10016, txBytes:1657, rxBytes:8457
V/NetworkStatsMonitor( 3473): wifi usage uid:10003, txBytes:1253, rxBytes:30245
V/NetworkStatsMonitor( 3473): wifi usage uid:1000, txBytes:719, rxBytes:399
I/wpa_supplicant( 3763): [CTRL_IFACE]wlan0: SIGNAL_POLL
V/NetworkStatsMonitor( 3473): curDataUsage uidsDir length:11
V/NetworkStatsMonitor( 3473): wifi usage uid:2000, txBytes:3546811, rxBytes:19755781
V/NetworkStatsMonitor( 3473): wifi usage uid:10053, txBytes:12512, rxBytes:1415
V/NetworkStatsMonitor( 3473): wifi usage uid:10027, txBytes:5112, rxBytes:6453
V/NetworkStatsMonitor( 3473): wifi usage uid:10022, txBytes:15090, rxBytes:74788
V/NetworkStatsMonitor( 3473): wifi usage uid:10025, txBytes:360, rxBytes:5837
V/NetworkStatsMonitor( 3473): wifi usage uid:10018, txBytes:860, rxBytes:4492
V/NetworkStatsMonitor( 3473): wifi usage uid:10030, txBytes:463, rxBytes:586
V/NetworkStatsMonitor( 3473): wifi usage uid:10000, txBytes:17804, rxBytes:43978
V/NetworkStatsMonitor( 3473): wifi usage uid:10016, txBytes:1657, rxBytes:8457
V/NetworkStatsMonitor( 3473): wifi usage uid:10003, txBytes:1253, rxBytes:30245
V/NetworkStatsMonitor( 3473): wifi usage uid:1000, txBytes:719, rxBytes:399
D/StatusBar.NetworkController( 3547): refreshViews connected={ wifi } level=?? combinedSignalIconId=0x7f0200ae/com.android.systemui:drawable/stat_sys_wifi_signal_2_fully combinedActivityIconId=0x0 mobileLabel= wifiLabel=Stuerzel-Net combinedLabel=Stuerzel-Net mAirplaneMode=false mDataActivity=0 mPhoneSignalIconId=0x7f0200a2 mDataDirectionIconId=0x0 mDataSignalIconId=0x7f0200a2 mDataTypeIconId=0x0 mWifiIconId=0x7f0200ae mBluetoothTetherIconId=0x108054e
D/StatusBar.NetworkController( 3547): changing data overlay icon id to 0
V/NetworkStatsMonitor( 3473): curDataUsage uidsDir length:11
V/NetworkStatsMonitor( 3473): wifi usage uid:2000, txBytes:3548877, rxBytes:19755949
V/NetworkStatsMonitor( 3473): wifi usage uid:10053, txBytes:12512, rxBytes:1415
V/NetworkStatsMonitor( 3473): wifi usage uid:10027, txBytes:5112, rxBytes:6453
V/NetworkStatsMonitor( 3473): wifi usage uid:10022, txBytes:15090, rxBytes:74788
V/NetworkStatsMonitor( 3473): wifi usage uid:10025, txBytes:360, rxBytes:5837
V/NetworkStatsMonitor( 3473): wifi usage uid:10018, txBytes:860, rxBytes:4492
V/NetworkStatsMonitor( 3473): wifi usage uid:10030, txBytes:463, rxBytes:586
V/NetworkStatsMonitor( 3473): wifi usage uid:10000, txBytes:17804, rxBytes:43978
V/NetworkStatsMonitor( 3473): wifi usage uid:10016, txBytes:1657, rxBytes:8457
V/NetworkStatsMonitor( 3473): wifi usage uid:10003, txBytes:1253, rxBytes:30245
V/NetworkStatsMonitor( 3473): wifi usage uid:1000, txBytes:719, rxBytes:399
I/wpa_supplicant( 3763): [CTRL_IFACE]wlan0: SIGNAL_POLL
D/StatusBar.NetworkController( 3547): refreshViews connected={ wifi } level=?? combinedSignalIconId=0x7f0200ae/com.android.systemui:drawable/stat_sys_wifi_signal_2_fully combinedActivityIconId=0x7f0200a8 mobileLabel= wifiLabel=Stuerzel-Net combinedLabel=Stuerzel-Net mAirplaneMode=false mDataActivity=0 mPhoneSignalIconId=0x7f0200a2 mDataDirectionIconId=0x0 mDataSignalIconId=0x7f0200a2 mDataTypeIconId=0x0 mWifiIconId=0x7f0200ae mBluetoothTetherIconId=0x108054e
D/StatusBar.NetworkController( 3547): changing data overlay icon id to 2130837672
V/NetworkStatsMonitor( 3473): curDataUsage uidsDir length:11
V/NetworkStatsMonitor( 3473): wifi usage uid:2000, txBytes:3551417, rxBytes:19756160
V/NetworkStatsMonitor( 3473): wifi usage uid:10053, txBytes:12512, rxBytes:1415
V/NetworkStatsMonitor( 3473): wifi usage uid:10027, txBytes:5112, rxBytes:6453
V/NetworkStatsMonitor( 3473): wifi usage uid:10022, txBytes:15090, rxBytes:74788
V/NetworkStatsMonitor( 3473): wifi usage uid:10025, txBytes:360, rxBytes:5837
V/NetworkStatsMonitor( 3473): wifi usage uid:10018, txBytes:860, rxBytes:4492
V/NetworkStatsMonitor( 3473): wifi usage uid:10030, txBytes:463, rxBytes:586
V/NetworkStatsMonitor( 3473): wifi usage uid:10000, txBytes:17804, rxBytes:43978
V/NetworkStatsMonitor( 3473): wifi usage uid:10016, txBytes:1657, rxBytes:8457
V/NetworkStatsMonitor( 3473): wifi usage uid:10003, txBytes:1253, rxBytes:30245
V/NetworkStatsMonitor( 3473): wifi usage uid:1000, txBytes:719, rxBytes:399
I/wpa_supplicant( 3763): [CTRL_IFACE]wlan0: SIGNAL_POLL
V/NetworkStatsMonitor( 3473): curDataUsage uidsDir length:11
V/NetworkStatsMonitor( 3473): wifi usage uid:2000, txBytes:3553098, rxBytes:19756424
V/NetworkStatsMonitor( 3473): wifi usage uid:10053, txBytes:12512, rxBytes:1415
V/NetworkStatsMonitor( 3473): wifi usage uid:10027, txBytes:5112, rxBytes:6453
V/NetworkStatsMonitor( 3473): wifi usage uid:10022, txBytes:15090, rxBytes:74788
V/NetworkStatsMonitor( 3473): wifi usage uid:10025, txBytes:360, rxBytes:5837
V/NetworkStatsMonitor( 3473): wifi usage uid:10018, txBytes:860, rxBytes:4492
V/NetworkStatsMonitor( 3473): wifi usage uid:10030, txBytes:463, rxBytes:586
V/NetworkStatsMonitor( 3473): wifi usage uid:10000, txBytes:17804, rxBytes:43978
V/NetworkStatsMonitor( 3473): wifi usage uid:10016, txBytes:1657, rxBytes:8457
V/NetworkStatsMonitor( 3473): wifi usage uid:10003, txBytes:1253, rxBytes:30245
V/NetworkStatsMonitor( 3473): wifi usage uid:1000, txBytes:719, rxBytes:399
W/Web Console( 8749): No Content-Security-Policy meta tag found. Please add one when using the cordova-plugin-whitelist plugin. at file:///android_asset/www/plugins/cordova-plugin-whitelist/whitelist.js:25
V/NetworkStatsMonitor( 3473): curDataUsage uidsDir length:11
V/NetworkStatsMonitor( 3473): wifi usage uid:2000, txBytes:3555115, rxBytes:19756587
V/NetworkStatsMonitor( 3473): wifi usage uid:10053, txBytes:12512, rxBytes:1415
V/NetworkStatsMonitor( 3473): wifi usage uid:10027, txBytes:5112, rxBytes:6453
V/NetworkStatsMonitor( 3473): wifi usage uid:10022, txBytes:15090, rxBytes:74788
V/NetworkStatsMonitor( 3473): wifi usage uid:10025, txBytes:360, rxBytes:5837
V/NetworkStatsMonitor( 3473): wifi usage uid:10018, txBytes:860, rxBytes:4492
V/NetworkStatsMonitor( 3473): wifi usage uid:10030, txBytes:463, rxBytes:586
V/NetworkStatsMonitor( 3473): wifi usage uid:10000, txBytes:17804, rxBytes:43978
V/NetworkStatsMonitor( 3473): wifi usage uid:10016, txBytes:1657, rxBytes:8457
I/wpa_supplicant( 3763): [CTRL_IFACE]wlan0: SIGNAL_POLL
V/NetworkStatsMonitor( 3473): wifi usage uid:10003, txBytes:1253, rxBytes:30245
V/NetworkStatsMonitor( 3473): wifi usage uid:1000, txBytes:719, rxBytes:399
D/StatusBar.NetworkController( 3547): refreshViews connected={ wifi } level=?? combinedSignalIconId=0x7f0200ae/com.android.systemui:drawable/stat_sys_wifi_signal_2_fully combinedActivityIconId=0x0 mobileLabel= wifiLabel=Stuerzel-Net combinedLabel=Stuerzel-Net mAirplaneMode=false mDataActivity=0 mPhoneSignalIconId=0x7f0200a2 mDataDirectionIconId=0x0 mDataSignalIconId=0x7f0200a2 mDataTypeIconId=0x0 mWifiIconId=0x7f0200ae mBluetoothTetherIconId=0x108054e
D/StatusBar.NetworkController( 3547): changing data overlay icon id to 0
V/NetworkStatsMonitor( 3473): curDataUsage uidsDir length:11
V/NetworkStatsMonitor( 3473): wifi usage uid:2000, txBytes:3557388, rxBytes:19756875
V/NetworkStatsMonitor( 3473): wifi usage uid:10053, txBytes:12512, rxBytes:1415
V/NetworkStatsMonitor( 3473): wifi usage uid:10027, txBytes:5112, rxBytes:6453
V/NetworkStatsMonitor( 3473): wifi usage uid:10022, txBytes:15090, rxBytes:74788
V/NetworkStatsMonitor( 3473): wifi usage uid:10025, txBytes:360, rxBytes:5837
V/NetworkStatsMonitor( 3473): wifi usage uid:10018, txBytes:860, rxBytes:4492
V/NetworkStatsMonitor( 3473): wifi usage uid:10030, txBytes:463, rxBytes:586
V/NetworkStatsMonitor( 3473): wifi usage uid:10000, txBytes:17804, rxBytes:43978
V/NetworkStatsMonitor( 3473): wifi usage uid:10016, txBytes:1657, rxBytes:8457
V/NetworkStatsMonitor( 3473): wifi usage uid:10003, txBytes:1253, rxBytes:30245
V/NetworkStatsMonitor( 3473): wifi usage uid:1000, txBytes:719, rxBytes:399
D/StatusBar.NetworkController( 3547): refreshViews connected={ wifi } level=?? combinedSignalIconId=0x7f0200ae/com.android.systemui:drawable/stat_sys_wifi_signal_2_fully combinedActivityIconId=0x7f0200a8 mobileLabel= wifiLabel=Stuerzel-Net combinedLabel=Stuerzel-Net mAirplaneMode=false mDataActivity=0 mPhoneSignalIconId=0x7f0200a2 mDataDirectionIconId=0x0 mDataSignalIconId=0x7f0200a2 mDataTypeIconId=0x0 mWifiIconId=0x7f0200ae mBluetoothTetherIconId=0x108054e
D/StatusBar.NetworkController( 3547): changing data overlay icon id to 2130837672
I/wpa_supplicant( 3763): [CTRL_IFACE]wlan0: SIGNAL_POLL
V/NetworkStatsMonitor( 3473): curDataUsage uidsDir length:11
V/NetworkStatsMonitor( 3473): wifi usage uid:2000, txBytes:3559886, rxBytes:19757062
V/NetworkStatsMonitor( 3473): wifi usage uid:10053, txBytes:12512, rxBytes:1415
V/NetworkStatsMonitor( 3473): wifi usage uid:10027, txBytes:5112, rxBytes:6453
V/NetworkStatsMonitor( 3473): wifi usage uid:10022, txBytes:15090, rxBytes:74788
V/NetworkStatsMonitor( 3473): wifi usage uid:10025, txBytes:360, rxBytes:5837
V/NetworkStatsMonitor( 3473): wifi usage uid:10018, txBytes:860, rxBytes:4492
V/NetworkStatsMonitor( 3473): wifi usage uid:10030, txBytes:463, rxBytes:586
V/NetworkStatsMonitor( 3473): wifi usage uid:10000, txBytes:17804, rxBytes:43978
V/NetworkStatsMonitor( 3473): wifi usage uid:10016, txBytes:1657, rxBytes:8457
V/NetworkStatsMonitor( 3473): wifi usage uid:10003, txBytes:1253, rxBytes:30245
V/NetworkStatsMonitor( 3473): wifi usage uid:1000, txBytes:719, rxBytes:399
